 PhysXCooking_64

 Timestamp is 6aa0455b (Tue Sep  8 20:26:51 2026)

 Preferred load address is 0000000180000000

 Start         Length     Name                   Class
 0001:00000000 00000060H .text$di                CODE
 0001:00000060 00001cb0H .text$mn                CODE
 0001:00001d10 00000036H .text$mn$00             CODE
 0001:00001d46 00000092H .text$x                 CODE
 0002:00000000 00000158H .idata$5                DATA
 0002:00000158 00000038H .00cfg                  DATA
 0002:00000190 00000008H .CRT$XCA                DATA
 0002:00000198 00000030H .CRT$XCU                DATA
 0002:000001c8 00000008H .CRT$XCZ                DATA
 0002:000001d0 00000008H .CRT$XIA                DATA
 0002:000001d8 00000008H .CRT$XIZ                DATA
 0002:000001e0 00000008H .CRT$XPA                DATA
 0002:000001e8 00000008H .CRT$XPZ                DATA
 0002:000001f0 00000008H .CRT$XTA                DATA
 0002:000001f8 00000008H .CRT$XTZ                DATA
 0002:00000200 00000000H .gehcont$y              DATA
 0002:00000200 00000000H .gfids$y                DATA
 0002:00000200 00000400H .rdata                  DATA
 0002:00000600 00000000H .rdata$CastGuardVftablesA DATA
 0002:00000600 00000000H .rdata$CastGuardVftablesC DATA
 0002:00000600 00000074H .rdata$r                DATA
 0002:00000674 00000080H .rdata$voltmd           DATA
 0002:000006f4 000003b4H .rdata$zzzdbg           DATA
 0002:00000aa8 00000008H .rtc$IAA                DATA
 0002:00000ab0 00000008H .rtc$IZZ                DATA
 0002:00000ab8 00000008H .rtc$TAA                DATA
 0002:00000ac0 00000008H .rtc$TZZ                DATA
 0002:00000ac8 000002bcH .xdata                  DATA
 0002:00000d84 00000040H .didat$2                DATA
 0002:00000dc4 00000024H .didat$3                DATA
 0002:00000de8 000000c8H .didat$4                DATA
 0002:00000eb0 00000210H .didat$6                DATA
 0002:000010c0 000001e0H .didat$7                DATA
 0002:000012a0 00000ab4H .edata                  DATA
 0002:00001d54 00000050H .idata$2                DATA
 0002:00001da4 00000014H .idata$3                DATA
 0002:00001db8 00000158H .idata$4                DATA
 0002:00001f10 00000372H .idata$6                DATA
 0003:00000000 000000b0H .data                   DATA
 0003:000000b0 00000038H .data$r                 DATA
 0003:000000e8 00000020H .data$rs                DATA
 0003:00000108 000000c8H .didat$5                DATA
 0003:000001d0 00000130H .bss                    DATA
 0004:00000000 000002e8H .pdata                  DATA
 0005:00000000 000000a0H .rsrc$01                DATA
 0005:000000a0 000004b0H .rsrc$02                DATA

  Address         Publics by Value              Rva+Base               Lib:Object

 0000:00000000       __AbsoluteZero             0000000000000000     <absolute>
 0000:00000000       ___safe_se_handler_count   0000000000000000     <absolute>
 0000:00000000       ___safe_se_handler_table   0000000000000000     <absolute>
 0000:00000000       __arm64x_extra_rfe_table   0000000000000000     <absolute>
 0000:00000000       __arm64x_extra_rfe_table_size 0000000000000000     <absolute>
 0000:00000000       __arm64x_native_entrypoint 0000000000000000     <absolute>
 0000:00000000       __arm64x_redirection_metadata 0000000000000000     <absolute>
 0000:00000000       __arm64x_redirection_metadata_count 0000000000000000     <absolute>
 0000:00000000       __dynamic_value_reloc_table 0000000000000000     <absolute>
 0000:00000000       __enclave_config           0000000000000000     <absolute>
 0000:00000000       __guard_check_icall_a64n_fptr 0000000000000000     <absolute>
 0000:00000000       __guard_eh_cont_count      0000000000000000     <absolute>
 0000:00000000       __guard_eh_cont_table      0000000000000000     <absolute>
 0000:00000000       __guard_fids_count         0000000000000000     <absolute>
 0000:00000000       __guard_fids_table         0000000000000000     <absolute>
 0000:00000000       __guard_iat_count          0000000000000000     <absolute>
 0000:00000000       __guard_iat_table          0000000000000000     <absolute>
 0000:00000000       __guard_longjmp_count      0000000000000000     <absolute>
 0000:00000000       __guard_longjmp_table      0000000000000000     <absolute>
 0000:00000000       __hybrid_auxiliary_delayload_iat 0000000000000000     <absolute>
 0000:00000000       __hybrid_auxiliary_delayload_iat_copy 0000000000000000     <absolute>
 0000:00000000       __hybrid_auxiliary_iat     0000000000000000     <absolute>
 0000:00000000       __hybrid_auxiliary_iat_copy 0000000000000000     <absolute>
 0000:00000000       __hybrid_code_map          0000000000000000     <absolute>
 0000:00000000       __hybrid_code_map_count    0000000000000000     <absolute>
 0000:00000000       __hybrid_image_info_bitfield 0000000000000000     <absolute>
 0000:00000000       __x64_code_ranges_to_entry_points 0000000000000000     <absolute>
 0000:00000000       __x64_code_ranges_to_entry_points_count 0000000000000000     <absolute>
 0000:00000100       __guard_flags              0000000000000100     <absolute>
 0000:00000000       __ImageBase                0000000180000000     <linker-defined>
 0001:00000060       ??$copy@V?$PxReflectionAllocator@USlab@NodeAllocator@Gu@physx@@@physx@@@?$PxArray@USlab@NodeAllocator@Gu@physx@@V?$PxReflectionAllocator@USlab@NodeAllocator@Gu@physx@@@4@@physx@@IEAAXAEBV01@@Z 0000000180001060 f i Cooking.obj
 0001:000000e0       ??0AABBTreeBounds@Gu@physx@@QEAA@XZ 00000001800010e0 f i Cooking.obj
 0001:000000f0       ??0AABBTreeBuildNode@Gu@physx@@QEAA@AEBV012@@Z 00000001800010f0 f i Cooking.obj
 0001:000000f0       ??4AABBTreeBuildNode@Gu@physx@@QEAAAEAV012@AEBV012@@Z 00000001800010f0 f i Cooking.obj
 0001:00000130       ??0AABBTreeBuildNode@Gu@physx@@QEAA@XZ 0000000180001130 f i Cooking.obj
 0001:00000130       ??4PxFoundation@physx@@QEAAAEAV01@AEBV01@@Z 0000000180001130 f i Cooking.obj
 0001:00000130       ?getAABB@AABBTreeBuildNode@Gu@physx@@QEBAAEBVPxBounds3@3@XZ 0000000180001130 f i Cooking.obj
 0001:00000140       ??0AABBTreeBuildParams@Gu@physx@@QEAA@IIPEBVAABBTreeBounds@12@W4BVHBuildStrategy@12@@Z 0000000180001140 f i Cooking.obj
 0001:00000160       ??0NodeAllocator@Gu@physx@@QEAA@AEBV012@@Z 0000000180001160 f i Cooking.obj
 0001:000001a0       ??0PxFoundation@physx@@QEAA@AEBV01@@Z 00000001800011a0 f i Cooking.obj
 0001:000001a0       ??0PxFoundation@physx@@QEAA@XZ 00000001800011a0 f i Cooking.obj
 0001:000001b0       ??1AABBTreeBounds@Gu@physx@@QEAA@XZ 00000001800011b0 f i Cooking.obj
 0001:000001c0       ??1AABBTreeBuildNode@Gu@physx@@QEAA@XZ 00000001800011c0 f i Cooking.obj
 0001:000001c0       _guard_check_icall_nop     00000001800011c0 f i MSVCRT:guard_support.obj
 0001:000001d0       ??1AABBTreeBuildParams@Gu@physx@@QEAA@XZ 00000001800011d0 f i Cooking.obj
 0001:000001d0       ?reset@AABBTreeBuildParams@Gu@physx@@QEAAXXZ 00000001800011d0 f i Cooking.obj
 0001:00000220       ??1PxFoundation@physx@@MEAA@XZ 0000000180001220 f i Cooking.obj
 0001:00000230       ??4AABBTreeBounds@Gu@physx@@QEAAAEAV012@AEBV012@@Z 0000000180001230 f i Cooking.obj
 0001:00000240       ??4AABBTreeBuildParams@Gu@physx@@QEAAAEAV012@AEBV012@@Z 0000000180001240 f i Cooking.obj
 0001:00000260       ??4NodeAllocator@Gu@physx@@QEAAAEAV012@AEBV012@@Z 0000000180001260 f i Cooking.obj
 0001:00000310       ??_EPxFoundation@physx@@MEAAPEAXI@Z 0000000180001310 f i Cooking.obj
 0001:000003a0       ??_FAABBTreeBuildParams@Gu@physx@@QEAAXXZ 00000001800013a0 f i Cooking.obj
 0001:000003c0       ?allocate@?$PxArray@USlab@NodeAllocator@Gu@physx@@V?$PxReflectionAllocator@USlab@NodeAllocator@Gu@physx@@@4@@physx@@IEAAPEAUSlab@NodeAllocator@Gu@2@IPEAI@Z 00000001800013c0 f i Cooking.obj
 0001:00000480       ?getBounds@AABBTreeBounds@Gu@physx@@QEAAPEAVPxBounds3@3@XZ 0000000180001480 f i Cooking.obj
 0001:00000480       ?getBounds@AABBTreeBounds@Gu@physx@@QEBAPEBVPxBounds3@3@XZ 0000000180001480 f i Cooking.obj
 0001:00000490       ?getNbPrimitives@AABBTreeBuildNode@Gu@physx@@QEBAIXZ 0000000180001490 f i Cooking.obj
 0001:00000490       ?getNbRuntimePrimitives@AABBTreeBuildNode@Gu@physx@@QEBAIXZ 0000000180001490 f i Cooking.obj
 0001:000004a0       ?getNeg@AABBTreeBuildNode@Gu@physx@@QEBAPEBV123@XZ 00000001800014a0 f i Cooking.obj
 0001:000004c0       ?getPos@AABBTreeBuildNode@Gu@physx@@QEBAPEBV123@XZ 00000001800014c0 f i Cooking.obj
 0001:000004d0       ?getPrimitives@AABBTreeBuildNode@Gu@physx@@QEAAPEAIPEAI@Z 00000001800014d0 f i Cooking.obj
 0001:000004d0       ?getPrimitives@AABBTreeBuildNode@Gu@physx@@QEBAPEBIPEBI@Z 00000001800014d0 f i Cooking.obj
 0001:000004e0       ?isLeaf@AABBTreeBuildNode@Gu@physx@@QEBA_NXZ 00000001800014e0 f i Cooking.obj
 0001:000004f0       ?moveFrom@AABBTreeBounds@Gu@physx@@QEAAXAEAV123@@Z 00000001800014f0 f i Cooking.obj
 0001:00000500       ?ownsMemory@AABBTreeBounds@Gu@physx@@QEBA_NXZ 0000000180001500 f i Cooking.obj
 0001:00000510       ?recreate@?$PxArray@USlab@NodeAllocator@Gu@physx@@V?$PxReflectionAllocator@USlab@NodeAllocator@Gu@physx@@@4@@physx@@IEAA_NI@Z 0000000180001510 f i Cooking.obj
 0001:000005d0       ?setBounds@AABBTreeBounds@Gu@physx@@QEAAXPEAVPxBounds3@3@@Z 00000001800015d0 f i Cooking.obj
 0001:000005e0       ?setNbRunTimePrimitives@AABBTreeBuildNode@Gu@physx@@QEAAXI@Z 00000001800015e0 f i Cooking.obj
 0001:000005f0       ?takeOwnership@AABBTreeBounds@Gu@physx@@QEAAXXZ 00000001800015f0 f i Cooking.obj
 0001:00000600       PxAssembleDeformableVolumeMesh 0000000180001600 f   Cooking.obj
 0001:00000610       PxComputeCollisionData     0000000180001610 f   Cooking.obj
 0001:00000620       PxComputeHullPolygons      0000000180001620 f   Cooking.obj
 0001:00000630       PxComputeModelsMapping     0000000180001630 f   Cooking.obj
 0001:00000640       PxComputeSimulationData    0000000180001640 f   Cooking.obj
 0001:00000650       PxCookBVH                  0000000180001650 f   Cooking.obj
 0001:00000660       PxCookConvexMesh           0000000180001660 f   Cooking.obj
 0001:00000670       PxCookDeformableVolumeMesh 0000000180001670 f   Cooking.obj
 0001:00000680       PxCookHeightField          0000000180001680 f   Cooking.obj
 0001:00000690       PxCookTetrahedronMesh      0000000180001690 f   Cooking.obj
 0001:000006a0       PxCookTriangleMesh         00000001800016a0 f   Cooking.obj
 0001:000006b0       PxCreateBVH                00000001800016b0 f   Cooking.obj
 0001:000006c0       PxCreateConvexMesh         00000001800016c0 f   Cooking.obj
 0001:000006d0       PxCreateDeformableVolumeMesh 00000001800016d0 f   Cooking.obj
 0001:000006e0       PxCreateHeightField        00000001800016e0 f   Cooking.obj
 0001:000006f0       PxCreateTetrahedronMesh    00000001800016f0 f   Cooking.obj
 0001:00000700       PxCreateTriangleMesh       0000000180001700 f   Cooking.obj
 0001:00000710       PxGetStandaloneInsertionCallback 0000000180001710 f   Cooking.obj
 0001:00000720       PxValidateConvexMesh       0000000180001720 f   Cooking.obj
 0001:00000730       PxValidateTriangleMesh     0000000180001730 f   Cooking.obj
 0001:00000740       ?cookingDelayHook@@YAP6A_JXZIPEAUDelayLoadInfo@@@Z 0000000180001740 f   WindowsCookingDelayLoadHook.obj
 0001:00000820       PxSetPhysXCookingDelayLoadHook 0000000180001820 f   WindowsCookingDelayLoadHook.obj
 0001:00000828       getInsertionCallback       0000000180001828 f   PhysXCommon_64:PhysXCommon_64.dll
 0001:0000082e       __tailMerge_physxcommon_64_dll 000000018000182e     PhysXCommon_64:PhysXCommon_64.dll
 0001:000008a7       __imp_load_getInsertionCallback 00000001800018a7 f   PhysXCommon_64:PhysXCommon_64.dll
 0001:000008b3       cookBVH                    00000001800018b3 f   PhysXCommon_64:PhysXCommon_64.dll
 0001:000008b9       __imp_load_cookBVH         00000001800018b9 f   PhysXCommon_64:PhysXCommon_64.dll
 0001:000008c5       createBVH                  00000001800018c5 f   PhysXCommon_64:PhysXCommon_64.dll
 0001:000008cb       __imp_load_createBVH       00000001800018cb f   PhysXCommon_64:PhysXCommon_64.dll
 0001:000008d7       cookHeightField            00000001800018d7 f   PhysXCommon_64:PhysXCommon_64.dll
 0001:000008dd       __imp_load_cookHeightField 00000001800018dd f   PhysXCommon_64:PhysXCommon_64.dll
 0001:000008e9       createHeightField          00000001800018e9 f   PhysXCommon_64:PhysXCommon_64.dll
 0001:000008ef       __imp_load_createHeightField 00000001800018ef f   PhysXCommon_64:PhysXCommon_64.dll
 0001:000008fb       cookConvexMesh             00000001800018fb f   PhysXCommon_64:PhysXCommon_64.dll
 0001:00000901       __imp_load_cookConvexMesh  0000000180001901 f   PhysXCommon_64:PhysXCommon_64.dll
 0001:0000090d       createConvexMesh           000000018000190d f   PhysXCommon_64:PhysXCommon_64.dll
 0001:00000913       __imp_load_createConvexMesh 0000000180001913 f   PhysXCommon_64:PhysXCommon_64.dll
 0001:0000091f       validateConvexMesh         000000018000191f f   PhysXCommon_64:PhysXCommon_64.dll
 0001:00000925       __imp_load_validateConvexMesh 0000000180001925 f   PhysXCommon_64:PhysXCommon_64.dll
 0001:00000931       computeHullPolygons        0000000180001931 f   PhysXCommon_64:PhysXCommon_64.dll
 0001:00000937       __imp_load_computeHullPolygons 0000000180001937 f   PhysXCommon_64:PhysXCommon_64.dll
 0001:00000943       validateTriangleMesh       0000000180001943 f   PhysXCommon_64:PhysXCommon_64.dll
 0001:00000949       __imp_load_validateTriangleMesh 0000000180001949 f   PhysXCommon_64:PhysXCommon_64.dll
 0001:00000955       createTriangleMesh         0000000180001955 f   PhysXCommon_64:PhysXCommon_64.dll
 0001:0000095b       __imp_load_createTriangleMesh 000000018000195b f   PhysXCommon_64:PhysXCommon_64.dll
 0001:00000967       cookTriangleMesh           0000000180001967 f   PhysXCommon_64:PhysXCommon_64.dll
 0001:0000096d       __imp_load_cookTriangleMesh 000000018000196d f   PhysXCommon_64:PhysXCommon_64.dll
 0001:00000979       cookTetrahedronMesh        0000000180001979 f   PhysXCommon_64:PhysXCommon_64.dll
 0001:0000097f       __imp_load_cookTetrahedronMesh 000000018000197f f   PhysXCommon_64:PhysXCommon_64.dll
 0001:0000098b       createTetrahedronMesh      000000018000198b f   PhysXCommon_64:PhysXCommon_64.dll
 0001:00000991       __imp_load_createTetrahedronMesh 0000000180001991 f   PhysXCommon_64:PhysXCommon_64.dll
 0001:0000099d       cookDeformableVolumeMesh   000000018000199d f   PhysXCommon_64:PhysXCommon_64.dll
 0001:000009a3       __imp_load_cookDeformableVolumeMesh 00000001800019a3 f   PhysXCommon_64:PhysXCommon_64.dll
 0001:000009af       createDeformableVolumeMesh 00000001800019af f   PhysXCommon_64:PhysXCommon_64.dll
 0001:000009b5       __imp_load_createDeformableVolumeMesh 00000001800019b5 f   PhysXCommon_64:PhysXCommon_64.dll
 0001:000009c1       computeModelsMapping       00000001800019c1 f   PhysXCommon_64:PhysXCommon_64.dll
 0001:000009c7       __imp_load_computeModelsMapping 00000001800019c7 f   PhysXCommon_64:PhysXCommon_64.dll
 0001:000009d3       computeCollisionData       00000001800019d3 f   PhysXCommon_64:PhysXCommon_64.dll
 0001:000009d9       __imp_load_computeCollisionData 00000001800019d9 f   PhysXCommon_64:PhysXCommon_64.dll
 0001:000009e5       computeSimulationData      00000001800019e5 f   PhysXCommon_64:PhysXCommon_64.dll
 0001:000009eb       __imp_load_computeSimulationData 00000001800019eb f   PhysXCommon_64:PhysXCommon_64.dll
 0001:000009f7       assembleDeformableVolumeMesh 00000001800019f7 f   PhysXCommon_64:PhysXCommon_64.dll
 0001:000009fd       __imp_load_assembleDeformableVolumeMesh 00000001800019fd f   PhysXCommon_64:PhysXCommon_64.dll
 0001:00000a09       ?release@AABBTreeBounds@Gu@physx@@QEAAXXZ 0000000180001a09 f   PhysXCommon_64:PhysXCommon_64.dll
 0001:00000a0f       __imp_load_?release@AABBTreeBounds@Gu@physx@@QEAAXXZ 0000000180001a0f f   PhysXCommon_64:PhysXCommon_64.dll
 0001:00000a1b       PxGetFoundation            0000000180001a1b f   PhysXFoundation_64:PhysXFoundation_64.dll
 0001:00000a21       __tailMerge_physxfoundation_64_dll 0000000180001a21     PhysXFoundation_64:PhysXFoundation_64.dll
 0001:00000a9a       __imp_load_PxGetFoundation 0000000180001a9a f   PhysXFoundation_64:PhysXFoundation_64.dll
 0001:00000aa6       PxGetBroadcastAllocator    0000000180001aa6 f   PhysXFoundation_64:PhysXFoundation_64.dll
 0001:00000aac       __imp_load_PxGetBroadcastAllocator 0000000180001aac f   PhysXFoundation_64:PhysXFoundation_64.dll
 0001:00000ab8       ?DloadAcquireSectionWriteAccess@@YAXXZ 0000000180001ab8 f i Delayimp:delayhlp.obj
 0001:00000b64       ?DloadGetSRWLockFunctionPointers@@YAEXZ 0000000180001b64 f i Delayimp:delayhlp.obj
 0001:00000c04       ?DloadMakePermanentImageCommit@@YAXPEAX_K@Z 0000000180001c04 f i Delayimp:delayhlp.obj
 0001:00000c9c       ?DloadObtainSection@@YAPEAXPEAK0@Z 0000000180001c9c f i Delayimp:delayhlp.obj
 0001:00000d38       ?DloadProtectSection@@YAXKPEAK@Z 0000000180001d38 f i Delayimp:delayhlp.obj
 0001:00000dc8       ?DloadReleaseSectionWriteAccess@@YAXXZ 0000000180001dc8 f i Delayimp:delayhlp.obj
 0001:00000e5c       __delayLoadHelper2         0000000180001e5c f   Delayimp:delayhlp.obj
 0001:00001134       ??3@YAXPEAX@Z              0000000180002134 f   MSVCRT:delete_scalar.obj
 0001:0000113c       ??3@YAXPEAX_K@Z            000000018000213c f   MSVCRT:delete_scalar_size.obj
 0001:0000113c       ??_V@YAXPEAX@Z             000000018000213c f   MSVCRT:delete_array.obj
 0001:00001144       ??_V@YAXPEAX_K@Z           0000000180002144 f   MSVCRT:delete_array_size.obj
 0001:0000114c       ??_Etype_info@@UEAAPEAXI@Z 000000018000214c f i MSVCRT:std_type_info_static.obj
 0001:0000114c       ??_Gtype_info@@UEAAPEAXI@Z 000000018000214c f i MSVCRT:std_type_info_static.obj
 0001:00001178       ?__scrt_initialize_type_info@@YAXXZ 0000000180002178 f   MSVCRT:tncleanup.obj
 0001:00001188       ?__scrt_uninitialize_type_info@@YAXXZ 0000000180002188 f   MSVCRT:tncleanup.obj
 0001:000014b0       _DllMainCRTStartup         00000001800024b0 f   MSVCRT:dll_dllmain.obj
 0001:000014f0       __security_init_cookie     00000001800024f0 f   MSVCRT:gs_support.obj
 0001:0000159c       DllMain                    000000018000259c f   MSVCRT:dll_dllmain_stub.obj
 0001:000015c0       __local_stdio_printf_options 00000001800025c0 f i MSVCRT:default_local_stdio_options.obj
 0001:000015c8       __local_stdio_scanf_options 00000001800025c8 f i MSVCRT:default_local_stdio_options.obj
 0001:000015d0       __scrt_initialize_default_local_stdio_options 00000001800025d0 f   MSVCRT:default_local_stdio_options.obj
 0001:000015ec       __scrt_acquire_startup_lock 00000001800025ec f   MSVCRT:utility.obj
 0001:00001628       __scrt_dllmain_after_initialize_c 0000000180002628 f   MSVCRT:utility.obj
 0001:0000165c       __scrt_dllmain_before_initialize_c 000000018000265c f   MSVCRT:utility.obj
 0001:00001674       __scrt_dllmain_crt_thread_attach 0000000180002674 f   MSVCRT:utility.obj
 0001:0000169c       __scrt_dllmain_crt_thread_detach 000000018000269c f   MSVCRT:utility.obj
 0001:000016b4       __scrt_dllmain_exception_filter 00000001800026b4 f   MSVCRT:utility.obj
 0001:00001714       __scrt_dllmain_uninitialize_c 0000000180002714 f   MSVCRT:utility.obj
 0001:00001744       __scrt_dllmain_uninitialize_critical 0000000180002744 f   MSVCRT:utility.obj
 0001:00001758       __scrt_initialize_crt      0000000180002758 f   MSVCRT:utility.obj
 0001:00001794       __scrt_initialize_onexit_tables 0000000180002794 f   MSVCRT:utility.obj
 0001:00001820       __scrt_is_nonwritable_in_current_image 0000000180002820 f   MSVCRT:utility.obj
 0001:000018b8       __scrt_release_startup_lock 00000001800028b8 f   MSVCRT:utility.obj
 0001:000018dc       __scrt_uninitialize_crt    00000001800028dc f   MSVCRT:utility.obj
 0001:00001908       __scrt_get_dyn_tls_init_callback 0000000180002908 f   MSVCRT:dyn_tls_init.obj
 0001:00001910       __crt_debugger_hook        0000000180002910 f   MSVCRT:utility_desktop.obj
 0001:00001918       __scrt_fastfail            0000000180002918 f   MSVCRT:utility_desktop.obj
 0001:00001a60       _RTC_Initialize            0000000180002a60 f   MSVCRT:initsect.obj
 0001:00001a9c       _RTC_Terminate             0000000180002a9c f   MSVCRT:initsect.obj
 0001:00001ae0       __isa_available_init       0000000180002ae0 f   MSVCRT:cpu_disp.obj
 0001:00001c8c       _get_startup_argv_mode     0000000180002c8c f   MSVCRT:argv_mode.obj
 0001:00001c94       __scrt_is_ucrt_dll_in_use  0000000180002c94 f   MSVCRT:ucrt_detection.obj
 0001:00001ca0       _purecall                  0000000180002ca0 f   vcruntime:VCRUNTIME140.dll
 0001:00001ca6       __std_type_info_name       0000000180002ca6 f   vcruntime:VCRUNTIME140.dll
 0001:00001cac       strstr                     0000000180002cac f   vcruntime:VCRUNTIME140.dll
 0001:00001cb2       __std_type_info_destroy_list 0000000180002cb2 f   vcruntime:VCRUNTIME140.dll
 0001:00001cb8       __C_specific_handler       0000000180002cb8 f   vcruntime:VCRUNTIME140.dll
 0001:00001cbe       memset                     0000000180002cbe f   vcruntime:VCRUNTIME140.dll
 0001:00001cc4       memcpy                     0000000180002cc4 f   vcruntime:VCRUNTIME140.dll
 0001:00001cca       free                       0000000180002cca f   ucrt:api-ms-win-crt-heap-l1-1-0.dll
 0001:00001cd0       _initterm                  0000000180002cd0 f   ucrt:api-ms-win-crt-runtime-l1-1-0.dll
 0001:00001cd6       _initterm_e                0000000180002cd6 f   ucrt:api-ms-win-crt-runtime-l1-1-0.dll
 0001:00001cdc       _seh_filter_dll            0000000180002cdc f   ucrt:api-ms-win-crt-runtime-l1-1-0.dll
 0001:00001ce2       _configure_narrow_argv     0000000180002ce2 f   ucrt:api-ms-win-crt-runtime-l1-1-0.dll
 0001:00001ce8       _initialize_narrow_environment 0000000180002ce8 f   ucrt:api-ms-win-crt-runtime-l1-1-0.dll
 0001:00001cee       _initialize_onexit_table   0000000180002cee f   ucrt:api-ms-win-crt-runtime-l1-1-0.dll
 0001:00001cf4       _execute_onexit_table      0000000180002cf4 f   ucrt:api-ms-win-crt-runtime-l1-1-0.dll
 0001:00001cfa       _cexit                     0000000180002cfa f   ucrt:api-ms-win-crt-runtime-l1-1-0.dll
 0001:00001d00       __acrt_initialize          0000000180002d00 f   MSVCRT:ucrt_stubs.obj
 0001:00001d00       __acrt_thread_attach       0000000180002d00 f   MSVCRT:ucrt_stubs.obj
 0001:00001d00       __acrt_thread_detach       0000000180002d00 f   MSVCRT:ucrt_stubs.obj
 0001:00001d00       __acrt_uninitialize        0000000180002d00 f   MSVCRT:ucrt_stubs.obj
 0001:00001d00       __acrt_uninitialize_critical 0000000180002d00 f   MSVCRT:ucrt_stubs.obj
 0001:00001d00       __scrt_stub_for_acrt_initialize 0000000180002d00 f   MSVCRT:ucrt_stubs.obj
 0001:00001d00       __scrt_stub_for_acrt_thread_attach 0000000180002d00 f   MSVCRT:ucrt_stubs.obj
 0001:00001d00       __scrt_stub_for_acrt_thread_detach 0000000180002d00 f   MSVCRT:ucrt_stubs.obj
 0001:00001d00       __scrt_stub_for_acrt_uninitialize 0000000180002d00 f   MSVCRT:ucrt_stubs.obj
 0001:00001d00       __scrt_stub_for_acrt_uninitialize_critical 0000000180002d00 f   MSVCRT:ucrt_stubs.obj
 0001:00001d00       __vcrt_initialize          0000000180002d00 f   MSVCRT:ucrt_stubs.obj
 0001:00001d00       __vcrt_thread_attach       0000000180002d00 f   MSVCRT:ucrt_stubs.obj
 0001:00001d00       __vcrt_thread_detach       0000000180002d00 f   MSVCRT:ucrt_stubs.obj
 0001:00001d00       __vcrt_uninitialize        0000000180002d00 f   MSVCRT:ucrt_stubs.obj
 0001:00001d00       __vcrt_uninitialize_critical 0000000180002d00 f   MSVCRT:ucrt_stubs.obj
 0001:00001d04       __scrt_stub_for_is_c_termination_complete 0000000180002d04 f   MSVCRT:ucrt_stubs.obj
 0001:00001d04       _is_c_termination_complete 0000000180002d04 f   MSVCRT:ucrt_stubs.obj
 0001:00001d20       _guard_dispatch_icall_nop  0000000180002d20 f   MSVCRT:guard_dispatch.obj
 0001:00001d40       _guard_xfg_dispatch_icall_nop 0000000180002d40 f   MSVCRT:guard_xfg_dispatch.obj
 0002:00000000       __imp_LoadLibraryA         0000000180003000     kernel32:KERNEL32.dll
 0002:00000008       __imp_SetUnhandledExceptionFilter 0000000180003008     kernel32:KERNEL32.dll
 0002:00000010       __imp_UnhandledExceptionFilter 0000000180003010     kernel32:KERNEL32.dll
 0002:00000018       __imp_IsDebuggerPresent    0000000180003018     kernel32:KERNEL32.dll
 0002:00000020       __imp_RtlVirtualUnwind     0000000180003020     kernel32:KERNEL32.dll
 0002:00000028       __imp_RtlLookupFunctionEntry 0000000180003028     kernel32:KERNEL32.dll
 0002:00000030       __imp_RtlCaptureContext    0000000180003030     kernel32:KERNEL32.dll
 0002:00000038       __imp_DisableThreadLibraryCalls 0000000180003038     kernel32:KERNEL32.dll
 0002:00000040       __imp_GetSystemTimeAsFileTime 0000000180003040     kernel32:KERNEL32.dll
 0002:00000048       __imp_GetCurrentThreadId   0000000180003048     kernel32:KERNEL32.dll
 0002:00000050       __imp_GetCurrentProcessId  0000000180003050     kernel32:KERNEL32.dll
 0002:00000058       __imp_QueryPerformanceCounter 0000000180003058     kernel32:KERNEL32.dll
 0002:00000060       __imp_InitializeSListHead  0000000180003060     kernel32:KERNEL32.dll
 0002:00000068       __imp_LoadLibraryExA       0000000180003068     kernel32:KERNEL32.dll
 0002:00000070       __imp_GetProcAddress       0000000180003070     kernel32:KERNEL32.dll
 0002:00000078       __imp_GetModuleHandleW     0000000180003078     kernel32:KERNEL32.dll
 0002:00000080       __imp_FreeLibrary          0000000180003080     kernel32:KERNEL32.dll
 0002:00000088       __imp_VirtualQuery         0000000180003088     kernel32:KERNEL32.dll
 0002:00000090       __imp_VirtualProtect       0000000180003090     kernel32:KERNEL32.dll
 0002:00000098       __imp_GetSystemInfo        0000000180003098     kernel32:KERNEL32.dll
 0002:000000a0       __imp_GetLastError         00000001800030a0     kernel32:KERNEL32.dll
 0002:000000a8       __imp_RaiseException       00000001800030a8     kernel32:KERNEL32.dll
 0002:000000b0       __imp_IsProcessorFeaturePresent 00000001800030b0     kernel32:KERNEL32.dll
 0002:000000b8       \177KERNEL32_NULL_THUNK_DATA 00000001800030b8     kernel32:KERNEL32.dll
 0002:000000c0       __imp___C_specific_handler 00000001800030c0     vcruntime:VCRUNTIME140.dll
 0002:000000c8       __imp__purecall            00000001800030c8     vcruntime:VCRUNTIME140.dll
 0002:000000d0       __imp___std_type_info_name 00000001800030d0     vcruntime:VCRUNTIME140.dll
 0002:000000d8       __imp_strstr               00000001800030d8     vcruntime:VCRUNTIME140.dll
 0002:000000e0       __imp___std_type_info_destroy_list 00000001800030e0     vcruntime:VCRUNTIME140.dll
 0002:000000e8       __imp_memset               00000001800030e8     vcruntime:VCRUNTIME140.dll
 0002:000000f0       __imp_memcpy               00000001800030f0     vcruntime:VCRUNTIME140.dll
 0002:000000f8       \177VCRUNTIME140_NULL_THUNK_DATA 00000001800030f8     vcruntime:VCRUNTIME140.dll
 0002:00000100       __imp_free                 0000000180003100     ucrt:api-ms-win-crt-heap-l1-1-0.dll
 0002:00000108       \177api-ms-win-crt-heap-l1-1-0_NULL_THUNK_DATA 0000000180003108     ucrt:api-ms-win-crt-heap-l1-1-0.dll
 0002:00000110       __imp__initterm            0000000180003110     ucrt:api-ms-win-crt-runtime-l1-1-0.dll
 0002:00000118       __imp__initterm_e          0000000180003118     ucrt:api-ms-win-crt-runtime-l1-1-0.dll
 0002:00000120       __imp__seh_filter_dll      0000000180003120     ucrt:api-ms-win-crt-runtime-l1-1-0.dll
 0002:00000128       __imp__configure_narrow_argv 0000000180003128     ucrt:api-ms-win-crt-runtime-l1-1-0.dll
 0002:00000130       __imp__initialize_narrow_environment 0000000180003130     ucrt:api-ms-win-crt-runtime-l1-1-0.dll
 0002:00000138       __imp__initialize_onexit_table 0000000180003138     ucrt:api-ms-win-crt-runtime-l1-1-0.dll
 0002:00000140       __imp__execute_onexit_table 0000000180003140     ucrt:api-ms-win-crt-runtime-l1-1-0.dll
 0002:00000148       __imp__cexit               0000000180003148     ucrt:api-ms-win-crt-runtime-l1-1-0.dll
 0002:00000150       \177api-ms-win-crt-runtime-l1-1-0_NULL_THUNK_DATA 0000000180003150     ucrt:api-ms-win-crt-runtime-l1-1-0.dll
 0002:00000158       __guard_check_icall_fptr   0000000180003158     MSVCRT:guard_support.obj
 0002:00000160       __guard_xfg_check_icall_fptr 0000000180003160     MSVCRT:guard_support.obj
 0002:00000168       __guard_dispatch_icall_fptr 0000000180003168     MSVCRT:guard_support.obj
 0002:00000170       __guard_xfg_dispatch_icall_fptr 0000000180003170     MSVCRT:guard_support.obj
 0002:00000178       __guard_xfg_table_dispatch_icall_fptr 0000000180003178     MSVCRT:guard_support.obj
 0002:00000180       __castguard_check_failure_os_handled_fptr 0000000180003180     MSVCRT:guard_support.obj
 0002:00000188       __guard_memcpy_fptr        0000000180003188     vcruntime:softmemtag.obj
 0002:00000190       __xc_a                     0000000180003190     MSVCRT:initializers.obj
 0002:000001c8       __xc_z                     00000001800031c8     MSVCRT:initializers.obj
 0002:000001d0       __xi_a                     00000001800031d0     MSVCRT:initializers.obj
 0002:000001d8       __xi_z                     00000001800031d8     MSVCRT:initializers.obj
 0002:000001e0       __xp_a                     00000001800031e0     MSVCRT:initializers.obj
 0002:000001e8       __xp_z                     00000001800031e8     MSVCRT:initializers.obj
 0002:000001f0       __xt_a                     00000001800031f0     MSVCRT:initializers.obj
 0002:000001f8       __xt_z                     00000001800031f8     MSVCRT:initializers.obj
 0002:00000220       ??_7PxFoundation@physx@@6B@ 0000000180003220     Cooking.obj
 0002:00000290       ??_C@_0DK@LBKJEKAI@E?3?2PhysX?2release?2PhysX?2physx?2in@ 0000000180003290     Cooking.obj
 0002:000002d0       ??_C@_0DE@FMENOIPN@PxArray?3?3allocate?3?5allocator?5re@ 00000001800032d0     Cooking.obj
 0002:00000308       ??_C@_0BM@OIFKLHDN@?$DMallocation?5names?5disabled?$DO@ 0000000180003308     Cooking.obj
 0002:00000330       __xmm@000000003a83126f3a83126f3a83126f 0000000180003330     Cooking.obj
 0002:00000340       __xmm@00000000ba83126fba83126fba83126f 0000000180003340     Cooking.obj
 0002:00000350       __xmm@3a83126f3a83126f3a83126f3a83126f 0000000180003350     Cooking.obj
 0002:00000360       __xmm@ba83126fba83126fba83126fba83126f 0000000180003360     Cooking.obj
 0002:00000370       ??_C@_0BA@EGLNOO@PhysXFoundation@ 0000000180003370     WindowsCookingDelayLoadHook.obj
 0002:00000380       ??_C@_0M@ILKNCJKN@PhysXCommon@ 0000000180003380     WindowsCookingDelayLoadHook.obj
 0002:00000390       __sz_PhysXCommon_64_dll    0000000180003390     PhysXCommon_64:PhysXCommon_64.dll
 0002:000003b0       __sz_PhysXFoundation_64_dll 00000001800033b0     PhysXFoundation_64:PhysXFoundation_64.dll
 0002:000003c8       ??_C@_1BK@DBDEIDLH@?$AAK?$AAE?$AAR?$AAN?$AAE?$AAL?$AA3?$AA2?$AA?4?$AAD?$AAL?$AAL@ 00000001800033c8     Delayimp:delayhlp.obj
 0002:000003e8       ??_C@_0BI@OMNLIJDB@AcquireSRWLockExclusive@ 00000001800033e8     Delayimp:delayhlp.obj
 0002:00000400       ??_C@_0BI@HMIEPCNJ@ReleaseSRWLockExclusive@ 0000000180003400     Delayimp:delayhlp.obj
 0002:00000418       __pfnDliFailureHook2       0000000180003418     Delayimp:delayhk1.obj
 0002:00000428       ??_7type_info@@6B@         0000000180003428     MSVCRT:std_type_info_static.obj
 0002:00000430       _pDefaultRawDllMain        0000000180003430     MSVCRT:dll_dllmain.obj
 0002:00000430       _pRawDllMain               0000000180003430     MSVCRT:dll_dllmain.obj
 0002:00000440       _load_config_used          0000000180003440     MSVCRT:loadcfg.obj
 0002:00000580       __xmm@ffffffffffffffffffffffffffffffff 0000000180003580     MSVCRT:utility.obj
 0002:00000600       ??_R4type_info@@6B@        0000000180003600     MSVCRT:std_type_info_static.obj
 0002:00000628       ??_R3type_info@@8          0000000180003628     MSVCRT:std_type_info_static.obj
 0002:00000640       ??_R2type_info@@8          0000000180003640     MSVCRT:std_type_info_static.obj
 0002:00000650       ??_R1A@?0A@EA@type_info@@8 0000000180003650     MSVCRT:std_type_info_static.obj
 0002:00000674       __volatile_metadata        0000000180003674     <linker-defined>
 0002:00000aa8       __rtc_iaa                  0000000180003aa8     MSVCRT:initsect.obj
 0002:00000ab0       __rtc_izz                  0000000180003ab0     MSVCRT:initsect.obj
 0002:00000ab8       __rtc_taa                  0000000180003ab8     MSVCRT:initsect.obj
 0002:00000ac0       __rtc_tzz                  0000000180003ac0     MSVCRT:initsect.obj
 0002:00000d84       __DELAY_IMPORT_DESCRIPTOR_physxcommon_64_dll 0000000180003d84     PhysXCommon_64:PhysXCommon_64.dll
 0002:00000da4       __DELAY_IMPORT_DESCRIPTOR_physxfoundation_64_dll 0000000180003da4     PhysXFoundation_64:PhysXFoundation_64.dll
 0002:00000dc4       __NULL_DELAY_IMPORT_DESCRIPTOR 0000000180003dc4     PhysXCommon_64:PhysXCommon_64.dll
 0002:00000e90       \177PhysXCommon_64_NULL_THUNK_DATA_DLN 0000000180003e90     PhysXCommon_64:PhysXCommon_64.dll
 0002:00000ea8       \177PhysXFoundation_64_NULL_THUNK_DATA_DLN 0000000180003ea8     PhysXFoundation_64:PhysXFoundation_64.dll
 0002:000010c8       \177PhysXCommon_64_NULL_THUNK_DATA_DLB 00000001800040c8     PhysXCommon_64:PhysXCommon_64.dll
 0002:00001178       \177PhysXFoundation_64_NULL_THUNK_DATA_DLB 0000000180004178     PhysXFoundation_64:PhysXFoundation_64.dll
 0002:00001d54       __IMPORT_DESCRIPTOR_KERNEL32 0000000180004d54     kernel32:KERNEL32.dll
 0002:00001d68       __IMPORT_DESCRIPTOR_VCRUNTIME140 0000000180004d68     vcruntime:VCRUNTIME140.dll
 0002:00001d7c       __IMPORT_DESCRIPTOR_api-ms-win-crt-heap-l1-1-0 0000000180004d7c     ucrt:api-ms-win-crt-heap-l1-1-0.dll
 0002:00001d90       __IMPORT_DESCRIPTOR_api-ms-win-crt-runtime-l1-1-0 0000000180004d90     ucrt:api-ms-win-crt-runtime-l1-1-0.dll
 0002:00001da4       __NULL_IMPORT_DESCRIPTOR   0000000180004da4     kernel32:KERNEL32.dll
 0003:00000000       __pfnDliNotifyHook2        0000000180006000     WindowsCookingDelayLoadHook.obj
 0003:00000008       _fltused                   0000000180006008     MSVCRT:fltused.obj
 0003:0000000c       __scrt_native_dllmain_reason 000000018000600c     MSVCRT:utility.obj
 0003:00000040       __security_cookie          0000000180006040     MSVCRT:gs_cookie.obj
 0003:00000080       __security_cookie_complement 0000000180006080     MSVCRT:gs_cookie.obj
 0003:00000090       __isa_available            0000000180006090     MSVCRT:cpu_disp.obj
 0003:00000094       __isa_enabled              0000000180006094     MSVCRT:cpu_disp.obj
 0003:00000098       __memset_fast_string_threshold 0000000180006098     MSVCRT:cpu_disp.obj
 0003:000000a0       __memset_nt_threshold      00000001800060a0     MSVCRT:cpu_disp.obj
 0003:000000a8       __scrt_ucrt_dll_is_in_use  00000001800060a8     MSVCRT:ucrt_stubs.obj
 0003:000000b0       ??_R0?AUSlab@NodeAllocator@Gu@physx@@@8 00000001800060b0     Cooking.obj
 0003:000000e8       ??_R0?AVtype_info@@@8      00000001800060e8     MSVCRT:std_type_info_static.obj
 0003:00000108       __imp_getInsertionCallback 0000000180006108     PhysXCommon_64:PhysXCommon_64.dll
 0003:00000110       __imp_?release@AABBTreeBounds@Gu@physx@@QEAAXXZ 0000000180006110     PhysXCommon_64:PhysXCommon_64.dll
 0003:00000118       __imp_cookBVH              0000000180006118     PhysXCommon_64:PhysXCommon_64.dll
 0003:00000120       __imp_createBVH            0000000180006120     PhysXCommon_64:PhysXCommon_64.dll
 0003:00000128       __imp_cookHeightField      0000000180006128     PhysXCommon_64:PhysXCommon_64.dll
 0003:00000130       __imp_createHeightField    0000000180006130     PhysXCommon_64:PhysXCommon_64.dll
 0003:00000138       __imp_cookConvexMesh       0000000180006138     PhysXCommon_64:PhysXCommon_64.dll
 0003:00000140       __imp_createConvexMesh     0000000180006140     PhysXCommon_64:PhysXCommon_64.dll
 0003:00000148       __imp_validateConvexMesh   0000000180006148     PhysXCommon_64:PhysXCommon_64.dll
 0003:00000150       __imp_computeHullPolygons  0000000180006150     PhysXCommon_64:PhysXCommon_64.dll
 0003:00000158       __imp_validateTriangleMesh 0000000180006158     PhysXCommon_64:PhysXCommon_64.dll
 0003:00000160       __imp_createTriangleMesh   0000000180006160     PhysXCommon_64:PhysXCommon_64.dll
 0003:00000168       __imp_cookTriangleMesh     0000000180006168     PhysXCommon_64:PhysXCommon_64.dll
 0003:00000170       __imp_cookTetrahedronMesh  0000000180006170     PhysXCommon_64:PhysXCommon_64.dll
 0003:00000178       __imp_createTetrahedronMesh 0000000180006178     PhysXCommon_64:PhysXCommon_64.dll
 0003:00000180       __imp_cookDeformableVolumeMesh 0000000180006180     PhysXCommon_64:PhysXCommon_64.dll
 0003:00000188       __imp_createDeformableVolumeMesh 0000000180006188     PhysXCommon_64:PhysXCommon_64.dll
 0003:00000190       __imp_computeModelsMapping 0000000180006190     PhysXCommon_64:PhysXCommon_64.dll
 0003:00000198       __imp_computeCollisionData 0000000180006198     PhysXCommon_64:PhysXCommon_64.dll
 0003:000001a0       __imp_computeSimulationData 00000001800061a0     PhysXCommon_64:PhysXCommon_64.dll
 0003:000001a8       __imp_assembleDeformableVolumeMesh 00000001800061a8     PhysXCommon_64:PhysXCommon_64.dll
 0003:000001b0       \177PhysXCommon_64_NULL_THUNK_DATA_DLA 00000001800061b0     PhysXCommon_64:PhysXCommon_64.dll
 0003:000001b8       __imp_PxGetBroadcastAllocator 00000001800061b8     PhysXFoundation_64:PhysXFoundation_64.dll
 0003:000001c0       __imp_PxGetFoundation      00000001800061c0     PhysXFoundation_64:PhysXFoundation_64.dll
 0003:000001c8       \177PhysXFoundation_64_NULL_THUNK_DATA_DLA 00000001800061c8     PhysXFoundation_64:PhysXFoundation_64.dll
 0003:00000238       __hmod__PhysXCommon_64_dll 0000000180006238     PhysXCommon_64:PhysXCommon_64.dll
 0003:00000240       __hmod__PhysXFoundation_64_dll 0000000180006240     PhysXFoundation_64:PhysXFoundation_64.dll
 0003:00000248       ?DloadKernel32@@3PEAUHINSTANCE__@@EA 0000000180006248     Delayimp:delayhlp.obj
 0003:00000250       ?DloadAcquireSRWLockExclusive@@3P6AXPEA_K@ZEA 0000000180006250     Delayimp:delayhlp.obj
 0003:00000258       ?DloadReleaseSRWLockExclusive@@3P6AXPEA_K@ZEA 0000000180006258     Delayimp:delayhlp.obj
 0003:00000260       ?DloadSrwLock@@3_KA        0000000180006260     Delayimp:delayhlp.obj
 0003:00000268       ?DloadSectionLockCount@@3KA 0000000180006268     Delayimp:delayhlp.obj
 0003:0000026c       ?DloadSectionOldProtection@@3KA 000000018000626c     Delayimp:delayhlp.obj
 0003:00000270       ?DloadSectionCommitPermanent@@3KA 0000000180006270     Delayimp:delayhlp.obj
 0003:00000280       ?__type_info_root_node@@3U__type_info_node@@A 0000000180006280     MSVCRT:tncleanup.obj
 0003:00000298       ?_OptionsStorage@?1??__local_stdio_printf_options@@9@4_KA 0000000180006298     MSVCRT:default_local_stdio_options.obj
 0003:000002a0       ?_OptionsStorage@?1??__local_stdio_scanf_options@@9@4_KA 00000001800062a0     MSVCRT:default_local_stdio_options.obj
 0003:000002a8       __scrt_current_native_startup_state 00000001800062a8     MSVCRT:utility.obj
 0003:000002b0       __scrt_native_startup_lock 00000001800062b0     MSVCRT:utility.obj
 0003:000002f0       __scrt_debugger_hook_flag  00000001800062f0     MSVCRT:utility_desktop.obj
 0003:000002f4       __favor                    00000001800062f4     MSVCRT:cpu_disp.obj
 0003:000002f8       __dyn_tls_init_callback    00000001800062f8     <common>

 entry point at        0001:000014b0

 Static symbols

 0000:ffff6000       .debug$S                   0000000180000000     PhysXCooking_64.exp
 0000:ffff6000       .debug$S                   0000000180000000     ucrt:api-ms-win-crt-heap-l1-1-0.dll
 0000:ffff6000       .debug$S                   0000000180000000     ucrt:api-ms-win-crt-runtime-l1-1-0.dll
 0000:ffff6000       .debug$S                   0000000180000000     ucrt:api-ms-win-crt-runtime-l1-1-0.dll
 0000:ffff6000       .debug$S                   0000000180000000     ucrt:api-ms-win-crt-runtime-l1-1-0.dll
 0000:ffff6000       .debug$S                   0000000180000000     ucrt:api-ms-win-crt-runtime-l1-1-0.dll
 0000:ffff6000       .debug$S                   0000000180000000     ucrt:api-ms-win-crt-runtime-l1-1-0.dll
 0000:ffff6000       .debug$S                   0000000180000000     ucrt:api-ms-win-crt-runtime-l1-1-0.dll
 0000:ffff6000       .debug$S                   0000000180000000     ucrt:api-ms-win-crt-runtime-l1-1-0.dll
 0000:ffff6000       .debug$S                   0000000180000000     ucrt:api-ms-win-crt-runtime-l1-1-0.dll
 0000:ffff6000       .debug$S                   0000000180000000     ucrt:api-ms-win-crt-runtime-l1-1-0.dll
 0000:ffff6000       .debug$S                   0000000180000000     ucrt:api-ms-win-crt-runtime-l1-1-0.dll
 0000:ffff6000       .debug$S                   0000000180000000     ucrt:api-ms-win-crt-runtime-l1-1-0.dll
 0000:ffff6000       .debug$S                   0000000180000000     ucrt:api-ms-win-crt-runtime-l1-1-0.dll
 0000:ffff6000       .debug$S                   0000000180000000     kernel32:KERNEL32.dll
 0000:ffff6000       .debug$S                   0000000180000000     kernel32:KERNEL32.dll
 0000:ffff6000       .debug$S                   0000000180000000     kernel32:KERNEL32.dll
 0000:ffff6000       .debug$S                   0000000180000000     kernel32:KERNEL32.dll
 0000:ffff6000       .debug$S                   0000000180000000     kernel32:KERNEL32.dll
 0000:ffff6000       .debug$S                   0000000180000000     kernel32:KERNEL32.dll
 0000:ffff6000       .debug$S                   0000000180000000     kernel32:KERNEL32.dll
 0000:ffff6000       .debug$S                   0000000180000000     kernel32:KERNEL32.dll
 0000:ffff6000       .debug$S                   0000000180000000     kernel32:KERNEL32.dll
 0000:ffff6000       .debug$S                   0000000180000000     kernel32:KERNEL32.dll
 0000:ffff6000       .debug$S                   0000000180000000     kernel32:KERNEL32.dll
 0000:ffff6000       .debug$S                   0000000180000000     kernel32:KERNEL32.dll
 0000:ffff6000       .debug$S                   0000000180000000     kernel32:KERNEL32.dll
 0000:ffff6000       .debug$S                   0000000180000000     kernel32:KERNEL32.dll
 0000:ffff6000       .debug$S                   0000000180000000     kernel32:KERNEL32.dll
 0000:ffff6000       .debug$S                   0000000180000000     kernel32:KERNEL32.dll
 0000:ffff6000       .debug$S                   0000000180000000     kernel32:KERNEL32.dll
 0000:ffff6000       .debug$S                   0000000180000000     kernel32:KERNEL32.dll
 0000:ffff6000       .debug$S                   0000000180000000     kernel32:KERNEL32.dll
 0000:ffff6000       .debug$S                   0000000180000000     kernel32:KERNEL32.dll
 0000:ffff6000       .debug$S                   0000000180000000     kernel32:KERNEL32.dll
 0000:ffff6000       .debug$S                   0000000180000000     kernel32:KERNEL32.dll
 0000:ffff6000       .debug$S                   0000000180000000     kernel32:KERNEL32.dll
 0000:ffff6000       .debug$S                   0000000180000000     kernel32:KERNEL32.dll
 0000:ffff6000       .debug$S                   0000000180000000     vcruntime:VCRUNTIME140.dll
 0000:ffff6000       .debug$S                   0000000180000000     vcruntime:VCRUNTIME140.dll
 0000:ffff6000       .debug$S                   0000000180000000     vcruntime:VCRUNTIME140.dll
 0000:ffff6000       .debug$S                   0000000180000000     vcruntime:VCRUNTIME140.dll
 0000:ffff6000       .debug$S                   0000000180000000     vcruntime:VCRUNTIME140.dll
 0000:ffff6000       .debug$S                   0000000180000000     vcruntime:VCRUNTIME140.dll
 0000:ffff6000       .debug$S                   0000000180000000     vcruntime:VCRUNTIME140.dll
 0000:ffff6000       .debug$S                   0000000180000000     vcruntime:VCRUNTIME140.dll
 0000:ffff6000       .debug$S                   0000000180000000     vcruntime:VCRUNTIME140.dll
 0000:ffff6000       .debug$S                   0000000180000000     PhysXCommon_64:PhysXCommon_64.dll
 0000:ffff6000       .debug$S                   0000000180000000     PhysXCommon_64:PhysXCommon_64.dll
 0000:ffff6000       .debug$S                   0000000180000000     PhysXCommon_64:PhysXCommon_64.dll
 0000:ffff6000       .debug$S                   0000000180000000     PhysXCommon_64:PhysXCommon_64.dll
 0000:ffff6000       .debug$S                   0000000180000000     PhysXCommon_64:PhysXCommon_64.dll
 0000:ffff6000       .debug$S                   0000000180000000     PhysXCommon_64:PhysXCommon_64.dll
 0000:ffff6000       .debug$S                   0000000180000000     PhysXCommon_64:PhysXCommon_64.dll
 0000:ffff6000       .debug$S                   0000000180000000     PhysXCommon_64:PhysXCommon_64.dll
 0000:ffff6000       .debug$S                   0000000180000000     PhysXCommon_64:PhysXCommon_64.dll
 0000:ffff6000       .debug$S                   0000000180000000     PhysXCommon_64:PhysXCommon_64.dll
 0000:ffff6000       .debug$S                   0000000180000000     PhysXCommon_64:PhysXCommon_64.dll
 0000:ffff6000       .debug$S                   0000000180000000     PhysXCommon_64:PhysXCommon_64.dll
 0000:ffff6000       .debug$S                   0000000180000000     PhysXCommon_64:PhysXCommon_64.dll
 0000:ffff6000       .debug$S                   0000000180000000     PhysXCommon_64:PhysXCommon_64.dll
 0000:ffff6000       .debug$S                   0000000180000000     PhysXCommon_64:PhysXCommon_64.dll
 0000:ffff6000       .debug$S                   0000000180000000     PhysXCommon_64:PhysXCommon_64.dll
 0000:ffff6000       .debug$S                   0000000180000000     PhysXCommon_64:PhysXCommon_64.dll
 0000:ffff6000       .debug$S                   0000000180000000     PhysXCommon_64:PhysXCommon_64.dll
 0000:ffff6000       .debug$S                   0000000180000000     PhysXCommon_64:PhysXCommon_64.dll
 0000:ffff6000       .debug$S                   0000000180000000     PhysXCommon_64:PhysXCommon_64.dll
 0000:ffff6000       .debug$S                   0000000180000000     PhysXCommon_64:PhysXCommon_64.dll
 0000:ffff6000       .debug$S                   0000000180000000     PhysXFoundation_64:PhysXFoundation_64.dll
 0000:ffff6000       .debug$S                   0000000180000000     PhysXFoundation_64:PhysXFoundation_64.dll
 0001:00000000       ??__EmaxFError@vecMathTests@aos@physx@@YAXXZ 0000000180001000 f   Cooking.obj
 0001:00000010       ??__EmaxV3Error@vecMathTests@aos@physx@@YAXXZ 0000000180001010 f   Cooking.obj
 0001:00000020       ??__EmaxV4Error@vecMathTests@aos@physx@@YAXXZ 0000000180001020 f   Cooking.obj
 0001:00000030       ??__EminFError@vecMathTests@aos@physx@@YAXXZ 0000000180001030 f   Cooking.obj
 0001:00000040       ??__EminV3Error@vecMathTests@aos@physx@@YAXXZ 0000000180001040 f   Cooking.obj
 0001:00000050       ??__EminV4Error@vecMathTests@aos@physx@@YAXXZ 0000000180001050 f   Cooking.obj
 0001:00000800       $LN24                      0000000180001800     WindowsCookingDelayLoadHook.obj
 0001:00001194       ?dllmain_crt_dispatch@@YAHQEAUHINSTANCE__@@KQEAX@Z 0000000180002194 f   MSVCRT:dll_dllmain.obj
 0001:000011e4       ?dllmain_crt_process_attach@@YAHQEAUHINSTANCE__@@QEAX@Z 00000001800021e4 f   MSVCRT:dll_dllmain.obj
 0001:000012fc       ?dllmain_crt_process_detach@@YAH_N@Z 00000001800022fc f   MSVCRT:dll_dllmain.obj
 0001:0000137c       ?dllmain_dispatch@@YAHQEAUHINSTANCE__@@KQEAX@Z 000000018000237c f   MSVCRT:dll_dllmain.obj
 0001:00001d10       $$000000                   0000000180002d10     MSVCRT:guard_dispatch.obj
 0001:00001d30       $$000000                   0000000180002d30     MSVCRT:guard_xfg_dispatch.obj
 0001:00001d46       ?fin$0@?0??dllmain_crt_process_attach@@YAHQEAUHINSTANCE__@@QEAX@Z@4HA 0000000180002d46 f   MSVCRT:dll_dllmain.obj
 0001:00001d5d       ?fin$0@?0??dllmain_crt_process_detach@@YAH_N@Z@4HA 0000000180002d5d f   MSVCRT:dll_dllmain.obj
 0001:00001d76       ?fin$1@?0??dllmain_crt_process_detach@@YAH_N@Z@4HA 0000000180002d76 f   MSVCRT:dll_dllmain.obj
 0001:00001d8a       ?filt$0@?0??dllmain_dispatch@@YAHQEAUHINSTANCE__@@KQEAX@Z@4HA 0000000180002d8a f   MSVCRT:dll_dllmain.obj
 0001:00001dc0       __scrt_is_nonwritable_in_current_image$filt$0 0000000180002dc0 f   MSVCRT:utility.obj
 0002:00000198       ?minFError$initializer$@vecMathTests@aos@physx@@3P6AXXZEA 0000000180003198     Cooking.obj
 0002:000001a0       ?maxFError$initializer$@vecMathTests@aos@physx@@3P6AXXZEA 00000001800031a0     Cooking.obj
 0002:000001a8       ?minV3Error$initializer$@vecMathTests@aos@physx@@3P6AXXZEA 00000001800031a8     Cooking.obj
 0002:000001b0       ?maxV3Error$initializer$@vecMathTests@aos@physx@@3P6AXXZEA 00000001800031b0     Cooking.obj
 0002:000001b8       ?minV4Error$initializer$@vecMathTests@aos@physx@@3P6AXXZEA 00000001800031b8     Cooking.obj
 0002:000001c0       ?maxV4Error$initializer$@vecMathTests@aos@physx@@3P6AXXZEA 00000001800031c0     Cooking.obj
 0002:00000200       ?minus1w@?A0x7257b73d@aos@physx@@3QBMB 0000000180003200     Cooking.obj
 0002:00000210       ?gMaskXYZ@internalSimd@aos@physx@@3QBIB 0000000180003210     Cooking.obj
 0002:00000ac8       $unwind$??_EPxFoundation@physx@@MEAAPEAXI@Z 0000000180003ac8     Cooking.obj
 0002:00000ac8       $unwind$?DloadAcquireSectionWriteAccess@@YAXXZ 0000000180003ac8     Delayimp:delayhlp.obj
 0002:00000ac8       $unwind$??_Gtype_info@@UEAAPEAXI@Z 0000000180003ac8     MSVCRT:std_type_info_static.obj
 0002:00000ac8       $unwind$__scrt_initialize_onexit_tables 0000000180003ac8     MSVCRT:utility.obj
 0002:00000ac8       $unwind$__scrt_release_startup_lock 0000000180003ac8     MSVCRT:utility.obj
 0002:00000ac8       $unwind$__scrt_uninitialize_crt 0000000180003ac8     MSVCRT:utility.obj
 0002:00000ad0       $chain$0$??_EPxFoundation@physx@@MEAAPEAXI@Z 0000000180003ad0     Cooking.obj
 0002:00000ae4       $chain$1$??_EPxFoundation@physx@@MEAAPEAXI@Z 0000000180003ae4     Cooking.obj
 0002:00000af4       $unwind$??1AABBTreeBuildParams@Gu@physx@@QEAA@XZ 0000000180003af4     Cooking.obj
 0002:00000af4       $unwind$?reset@AABBTreeBuildParams@Gu@physx@@QEAAXXZ 0000000180003af4     Cooking.obj
 0002:00000af4       $unwind$_DllMainCRTStartup 0000000180003af4     MSVCRT:dll_dllmain.obj
 0002:00000b04       $unwind$?allocate@?$PxArray@USlab@NodeAllocator@Gu@physx@@V?$PxReflectionAllocator@USlab@NodeAllocator@Gu@physx@@@4@@physx@@IEAAPEAUSlab@NodeAllocator@Gu@2@IPEAI@Z 0000000180003b04     Cooking.obj
 0002:00000b0c       $chain$0$?allocate@?$PxArray@USlab@NodeAllocator@Gu@physx@@V?$PxReflectionAllocator@USlab@NodeAllocator@Gu@physx@@@4@@physx@@IEAAPEAUSlab@NodeAllocator@Gu@2@IPEAI@Z 0000000180003b0c     Cooking.obj
 0002:00000b20       $chain$1$?allocate@?$PxArray@USlab@NodeAllocator@Gu@physx@@V?$PxReflectionAllocator@USlab@NodeAllocator@Gu@physx@@@4@@physx@@IEAAPEAUSlab@NodeAllocator@Gu@2@IPEAI@Z 0000000180003b20     Cooking.obj
 0002:00000b34       $chain$2$?allocate@?$PxArray@USlab@NodeAllocator@Gu@physx@@V?$PxReflectionAllocator@USlab@NodeAllocator@Gu@physx@@@4@@physx@@IEAAPEAUSlab@NodeAllocator@Gu@2@IPEAI@Z 0000000180003b34     Cooking.obj
 0002:00000b44       $chain$3$?allocate@?$PxArray@USlab@NodeAllocator@Gu@physx@@V?$PxReflectionAllocator@USlab@NodeAllocator@Gu@physx@@@4@@physx@@IEAAPEAUSlab@NodeAllocator@Gu@2@IPEAI@Z 0000000180003b44     Cooking.obj
 0002:00000b54       $unwind$?recreate@?$PxArray@USlab@NodeAllocator@Gu@physx@@V?$PxReflectionAllocator@USlab@NodeAllocator@Gu@physx@@@4@@physx@@IEAA_NI@Z 0000000180003b54     Cooking.obj
 0002:00000b64       $chain$0$?recreate@?$PxArray@USlab@NodeAllocator@Gu@physx@@V?$PxReflectionAllocator@USlab@NodeAllocator@Gu@physx@@@4@@physx@@IEAA_NI@Z 0000000180003b64     Cooking.obj
 0002:00000b78       $chain$1$?recreate@?$PxArray@USlab@NodeAllocator@Gu@physx@@V?$PxReflectionAllocator@USlab@NodeAllocator@Gu@physx@@@4@@physx@@IEAA_NI@Z 0000000180003b78     Cooking.obj
 0002:00000b88       $unwind$??$copy@V?$PxReflectionAllocator@USlab@NodeAllocator@Gu@physx@@@physx@@@?$PxArray@USlab@NodeAllocator@Gu@physx@@V?$PxReflectionAllocator@USlab@NodeAllocator@Gu@physx@@@4@@physx@@IEAAXAEBV01@@Z 0000000180003b88     Cooking.obj
 0002:00000b88       $unwind$??0NodeAllocator@Gu@physx@@QEAA@AEBV012@@Z 0000000180003b88     Cooking.obj
 0002:00000b88       $unwind$?DloadGetSRWLockFunctionPointers@@YAEXZ 0000000180003b88     Delayimp:delayhlp.obj
 0002:00000b88       $unwind$_RTC_Initialize    0000000180003b88     MSVCRT:initsect.obj
 0002:00000b88       $unwind$_RTC_Terminate     0000000180003b88     MSVCRT:initsect.obj
 0002:00000b94       $unwind$??4NodeAllocator@Gu@physx@@QEAAAEAV012@AEBV012@@Z 0000000180003b94     Cooking.obj
 0002:00000ba8       $unwind$?cookingDelayHook@@YAP6A_JXZIPEAUDelayLoadInfo@@@Z 0000000180003ba8     WindowsCookingDelayLoadHook.obj
 0002:00000ba8       $unwind$?DloadReleaseSectionWriteAccess@@YAXXZ 0000000180003ba8     Delayimp:delayhlp.obj
 0002:00000ba8       $unwind$__scrt_initialize_default_local_stdio_options 0000000180003ba8     MSVCRT:default_local_stdio_options.obj
 0002:00000ba8       $unwind$?dllmain_crt_dispatch@@YAHQEAUHINSTANCE__@@KQEAX@Z 0000000180003ba8     MSVCRT:dll_dllmain.obj
 0002:00000ba8       $unwind$DllMain            0000000180003ba8     MSVCRT:dll_dllmain_stub.obj
 0002:00000ba8       $unwind$__scrt_acquire_startup_lock 0000000180003ba8     MSVCRT:utility.obj
 0002:00000ba8       $unwind$__scrt_dllmain_after_initialize_c 0000000180003ba8     MSVCRT:utility.obj
 0002:00000ba8       $unwind$__scrt_dllmain_before_initialize_c 0000000180003ba8     MSVCRT:utility.obj
 0002:00000ba8       $unwind$__scrt_dllmain_crt_thread_attach 0000000180003ba8     MSVCRT:utility.obj
 0002:00000ba8       $unwind$__scrt_dllmain_crt_thread_detach 0000000180003ba8     MSVCRT:utility.obj
 0002:00000ba8       $unwind$__scrt_dllmain_uninitialize_c 0000000180003ba8     MSVCRT:utility.obj
 0002:00000ba8       $unwind$__scrt_dllmain_uninitialize_critical 0000000180003ba8     MSVCRT:utility.obj
 0002:00000ba8       $unwind$__scrt_initialize_crt 0000000180003ba8     MSVCRT:utility.obj
 0002:00000bb0       $chain$1$?cookingDelayHook@@YAP6A_JXZIPEAUDelayLoadInfo@@@Z 0000000180003bb0     WindowsCookingDelayLoadHook.obj
 0002:00000bc8       $chain$3$?cookingDelayHook@@YAP6A_JXZIPEAUDelayLoadInfo@@@Z 0000000180003bc8     WindowsCookingDelayLoadHook.obj
 0002:00000bc8       $chain$5$?cookingDelayHook@@YAP6A_JXZIPEAUDelayLoadInfo@@@Z 0000000180003bc8     WindowsCookingDelayLoadHook.obj
 0002:00000be0       $chain$6$?cookingDelayHook@@YAP6A_JXZIPEAUDelayLoadInfo@@@Z 0000000180003be0     WindowsCookingDelayLoadHook.obj
 0002:00000bf0       xdata                      0000000180003bf0     PhysXCommon_64:PhysXCommon_64.dll
 0002:00000bf8       xdata                      0000000180003bf8     PhysXFoundation_64:PhysXFoundation_64.dll
 0002:00000c00       $unwind$?DloadObtainSection@@YAPEAXPEAK0@Z 0000000180003c00     Delayimp:delayhlp.obj
 0002:00000c10       $unwind$?DloadMakePermanentImageCommit@@YAXPEAX_K@Z 0000000180003c10     Delayimp:delayhlp.obj
 0002:00000c1c       $unwind$?DloadProtectSection@@YAXKPEAK@Z 0000000180003c1c     Delayimp:delayhlp.obj
 0002:00000c2c       $unwind$__delayLoadHelper2 0000000180003c2c     Delayimp:delayhlp.obj
 0002:00000c48       $unwind$?dllmain_crt_process_attach@@YAHQEAUHINSTANCE__@@QEAX@Z 0000000180003c48     MSVCRT:dll_dllmain.obj
 0002:00000c84       $unwind$?fin$0@?0??dllmain_crt_process_attach@@YAHQEAUHINSTANCE__@@QEAX@Z@4HA 0000000180003c84     MSVCRT:dll_dllmain.obj
 0002:00000c84       $unwind$?fin$0@?0??dllmain_crt_process_detach@@YAH_N@Z@4HA 0000000180003c84     MSVCRT:dll_dllmain.obj
 0002:00000c84       $unwind$?fin$1@?0??dllmain_crt_process_detach@@YAH_N@Z@4HA 0000000180003c84     MSVCRT:dll_dllmain.obj
 0002:00000c8c       $unwind$?dllmain_crt_process_detach@@YAH_N@Z 0000000180003c8c     MSVCRT:dll_dllmain.obj
 0002:00000ce0       $unwind$?dllmain_dispatch@@YAHQEAUHINSTANCE__@@KQEAX@Z 0000000180003ce0     MSVCRT:dll_dllmain.obj
 0002:00000d08       $unwind$?filt$0@?0??dllmain_dispatch@@YAHQEAUHINSTANCE__@@KQEAX@Z@4HA 0000000180003d08     MSVCRT:dll_dllmain.obj
 0002:00000d10       $unwind$__security_init_cookie 0000000180003d10     MSVCRT:gs_support.obj
 0002:00000d1c       $unwind$__scrt_is_nonwritable_in_current_image 0000000180003d1c     MSVCRT:utility.obj
 0002:00000d3c       $unwind$__scrt_is_nonwritable_in_current_image$filt$0 0000000180003d3c     MSVCRT:utility.obj
 0002:00000d44       $unwind$__scrt_dllmain_exception_filter 0000000180003d44     MSVCRT:utility.obj
 0002:00000d58       $unwind$__scrt_fastfail    0000000180003d58     MSVCRT:utility_desktop.obj
 0002:00000d68       $xdatasym                  0000000180003d68     MSVCRT:guard_dispatch.obj
 0002:00000d70       $xdatasym                  0000000180003d70     MSVCRT:guard_xfg_dispatch.obj
 0002:00000d74       $unwind$__isa_available_init 0000000180003d74     MSVCRT:cpu_disp.obj
 0002:000012a0       .edata                     00000001800042a0     PhysXCooking_64.exp
 0002:000012c8       rgpv                       00000001800042c8     PhysXCooking_64.exp
 0002:000013a4       rgszName                   00000001800043a4     PhysXCooking_64.exp
 0002:00001480       rgwOrd                     0000000180004480     PhysXCooking_64.exp
 0002:000014ee       szName                     00000001800044ee     PhysXCooking_64.exp
 0002:00001502       $N00001                    0000000180004502     PhysXCooking_64.exp
 0002:00001526       $N00002                    0000000180004526     PhysXCooking_64.exp
 0002:00001555       $N00003                    0000000180004555     PhysXCooking_64.exp
 0002:0000157c       $N00004                    000000018000457c     PhysXCooking_64.exp
 0002:000015d3       $N00005                    00000001800045d3     PhysXCooking_64.exp
 0002:000015fe       $N00006                    00000001800045fe     PhysXCooking_64.exp
 0002:00001624       $N00007                    0000000180004624     PhysXCooking_64.exp
 0002:00001643       $N00008                    0000000180004643     PhysXCooking_64.exp
 0002:00001667       $N00009                    0000000180004667     PhysXCooking_64.exp
 0002:0000168e       $N00010                    000000018000468e     PhysXCooking_64.exp
 0002:000016b7       $N00011                    00000001800046b7     PhysXCooking_64.exp
 0002:000016d6       $N00012                    00000001800046d6     PhysXCooking_64.exp
 0002:00001709       $N00013                    0000000180004709     PhysXCooking_64.exp
 0002:0000173f       $N00014                    000000018000473f     PhysXCooking_64.exp
 0002:00001777       $N00015                    0000000180004777     PhysXCooking_64.exp
 0002:000017a9       $N00016                    00000001800047a9     PhysXCooking_64.exp
 0002:000017d5       $N00017                    00000001800047d5     PhysXCooking_64.exp
 0002:000017f1       $N00018                    00000001800047f1     PhysXCooking_64.exp
 0002:0000181b       $N00019                    000000018000481b     PhysXCooking_64.exp
 0002:00001857       $N00020                    0000000180004857     PhysXCooking_64.exp
 0002:00001892       $N00021                    0000000180004892     PhysXCooking_64.exp
 0002:000018cd       $N00022                    00000001800048cd     PhysXCooking_64.exp
 0002:00001902       $N00023                    0000000180004902     PhysXCooking_64.exp
 0002:0000193e       $N00024                    000000018000493e     PhysXCooking_64.exp
 0002:00001971       $N00025                    0000000180004971     PhysXCooking_64.exp
 0002:000019a4       $N00026                    00000001800049a4     PhysXCooking_64.exp
 0002:000019de       $N00027                    00000001800049de     PhysXCooking_64.exp
 0002:00001a18       $N00028                    0000000180004a18     PhysXCooking_64.exp
 0002:00001a45       $N00029                    0000000180004a45     PhysXCooking_64.exp
 0002:00001a78       $N00030                    0000000180004a78     PhysXCooking_64.exp
 0002:00001aa6       $N00031                    0000000180004aa6     PhysXCooking_64.exp
 0002:00001ad3       $N00032                    0000000180004ad3     PhysXCooking_64.exp
 0002:00001b0f       $N00033                    0000000180004b0f     PhysXCooking_64.exp
 0002:00001b4c       $N00034                    0000000180004b4c     PhysXCooking_64.exp
 0002:00001b7c       $N00035                    0000000180004b7c     PhysXCooking_64.exp
 0002:00001b9b       $N00036                    0000000180004b9b     PhysXCooking_64.exp
 0002:00001bb2       $N00037                    0000000180004bb2     PhysXCooking_64.exp
 0002:00001bc8       $N00038                    0000000180004bc8     PhysXCooking_64.exp
 0002:00001bdf       $N00039                    0000000180004bdf     PhysXCooking_64.exp
 0002:00001bf7       $N00040                    0000000180004bf7     PhysXCooking_64.exp
 0002:00001c01       $N00041                    0000000180004c01     PhysXCooking_64.exp
 0002:00001c12       $N00042                    0000000180004c12     PhysXCooking_64.exp
 0002:00001c2d       $N00043                    0000000180004c2d     PhysXCooking_64.exp
 0002:00001c3f       $N00044                    0000000180004c3f     PhysXCooking_64.exp
 0002:00001c55       $N00045                    0000000180004c55     PhysXCooking_64.exp
 0002:00001c68       $N00046                    0000000180004c68     PhysXCooking_64.exp
 0002:00001c74       $N00047                    0000000180004c74     PhysXCooking_64.exp
 0002:00001c87       $N00048                    0000000180004c87     PhysXCooking_64.exp
 0002:00001ca4       $N00049                    0000000180004ca4     PhysXCooking_64.exp
 0002:00001cb8       $N00050                    0000000180004cb8     PhysXCooking_64.exp
 0002:00001cd0       $N00051                    0000000180004cd0     PhysXCooking_64.exp
 0002:00001ce5       $N00052                    0000000180004ce5     PhysXCooking_64.exp
 0002:00001d06       $N00053                    0000000180004d06     PhysXCooking_64.exp
 0002:00001d25       $N00054                    0000000180004d25     PhysXCooking_64.exp
 0002:00001d3a       $N00055                    0000000180004d3a     PhysXCooking_64.exp
 0002:00001f20       .idata$6                   0000000180004f20     kernel32:KERNEL32.dll
 0002:00001f9e       .idata$6                   0000000180004f9e     vcruntime:VCRUNTIME140.dll
 0002:00002068       .idata$6                   0000000180005068     ucrt:api-ms-win-crt-heap-l1-1-0.dll
 0002:00002088       .idata$6                   0000000180005088     ucrt:api-ms-win-crt-runtime-l1-1-0.dll
 0003:000001d0       ?maxV3Error@vecMathTests@aos@physx@@3T__m128@@B 00000001800061d0     Cooking.obj
 0003:000001e0       ?minFError@vecMathTests@aos@physx@@3T__m128@@B 00000001800061e0     Cooking.obj
 0003:000001f0       ?maxV4Error@vecMathTests@aos@physx@@3T__m128@@B 00000001800061f0     Cooking.obj
 0003:00000200       ?minV4Error@vecMathTests@aos@physx@@3T__m128@@B 0000000180006200     Cooking.obj
 0003:00000210       ?minV3Error@vecMathTests@aos@physx@@3T__m128@@B 0000000180006210     Cooking.obj
 0003:00000220       ?maxFError@vecMathTests@aos@physx@@3T__m128@@B 0000000180006220     Cooking.obj
 0003:00000230       ?gCookingDelayLoadHook@@3PEBVPxDelayLoadHook@physx@@EB 0000000180006230     WindowsCookingDelayLoadHook.obj
 0003:00000290       ?__proc_attached@@3HA      0000000180006290     MSVCRT:dll_dllmain.obj
 0003:000002b8       ?is_initialized_as_dll@@3_NA 00000001800062b8     MSVCRT:utility.obj
 0003:000002b9       ?module_local_atexit_table_initialized@@3_NA 00000001800062b9     MSVCRT:utility.obj
 0003:000002c0       ?module_local_atexit_table@@3U_onexit_table_t@@A 00000001800062c0     MSVCRT:utility.obj
 0003:000002d8       ?module_local_at_quick_exit_table@@3U_onexit_table_t@@A 00000001800062d8     MSVCRT:utility.obj
 0005:000000a0       $R000000                   00000001800080a0     PhysXCooking.res
 0005:000003d0       $R000330                   00000001800083d0     PhysXCooking.res
