 PhysXCooking_64

 Timestamp is 6aa045f9 (Tue Sep  8 20:29:29 2026)

 Preferred load address is 0000000180000000

 Start         Length     Name                   Class
 0001:00000000 00000060H .text$di                CODE
 0001:00000060 00001cd0H .text$mn                CODE
 0001:00001d30 00000036H .text$mn$00             CODE
 0001:00001d66 00000092H .text$x                 CODE
 0002:00000000 00000158H .idata$5                DATA
 0002:00000158 00000038H .00cfg                  DATA
 0002:00000190 00000008H .CRT$XCA                DATA
 0002:00000198 00000030H .CRT$XCU                DATA
 0002:000001c8 00000008H .CRT$XCZ                DATA
 0002:000001d0 00000008H .CRT$XIA                DATA
 0002:000001d8 00000008H .CRT$XIZ                DATA
 0002:000001e0 00000008H .CRT$XPA                DATA
 0002:000001e8 00000008H .CRT$XPZ                DATA
 0002:000001f0 00000008H .CRT$XTA                DATA
 0002:000001f8 00000008H .CRT$XTZ                DATA
 0002:00000200 00000000H .gehcont$y              DATA
 0002:00000200 00000000H .gfids$y                DATA
 0002:00000200 00000400H .rdata                  DATA
 0002:00000600 00000000H .rdata$CastGuardVftablesA DATA
 0002:00000600 00000000H .rdata$CastGuardVftablesC DATA
 0002:00000600 00000074H .rdata$r                DATA
 0002:00000674 00000080H .rdata$voltmd           DATA
 0002:000006f4 000003b4H .rdata$zzzdbg           DATA
 0002:00000aa8 00000008H .rtc$IAA                DATA
 0002:00000ab0 00000008H .rtc$IZZ                DATA
 0002:00000ab8 00000008H .rtc$TAA                DATA
 0002:00000ac0 00000008H .rtc$TZZ                DATA
 0002:00000ac8 0000029cH .xdata                  DATA
 0002:00000d64 00000040H .didat$2                DATA
 0002:00000da4 00000024H .didat$3                DATA
 0002:00000dc8 000000c8H .didat$4                DATA
 0002:00000e90 00000210H .didat$6                DATA
 0002:000010a0 000001e0H .didat$7                DATA
 0002:00001280 00000ab4H .edata                  DATA
 0002:00001d34 00000050H .idata$2                DATA
 0002:00001d84 00000014H .idata$3                DATA
 0002:00001d98 00000158H .idata$4                DATA
 0002:00001ef0 00000372H .idata$6                DATA
 0003:00000000 000000b0H .data                   DATA
 0003:000000b0 00000038H .data$r                 DATA
 0003:000000e8 00000020H .data$rs                DATA
 0003:00000108 000000c8H .didat$5                DATA
 0003:000001d0 00000130H .bss                    DATA
 0004:00000000 000002d0H .pdata                  DATA
 0005:00000000 000000a0H .rsrc$01                DATA
 0005:000000a0 000004b0H .rsrc$02                DATA

  Address         Publics by Value              Rva+Base               Lib:Object

 0000:00000000       __AbsoluteZero             0000000000000000     <absolute>
 0000:00000000       ___safe_se_handler_count   0000000000000000     <absolute>
 0000:00000000       ___safe_se_handler_table   0000000000000000     <absolute>
 0000:00000000       __arm64x_extra_rfe_table   0000000000000000     <absolute>
 0000:00000000       __arm64x_extra_rfe_table_size 0000000000000000     <absolute>
 0000:00000000       __arm64x_native_entrypoint 0000000000000000     <absolute>
 0000:00000000       __arm64x_redirection_metadata 0000000000000000     <absolute>
 0000:00000000       __arm64x_redirection_metadata_count 0000000000000000     <absolute>
 0000:00000000       __dynamic_value_reloc_table 0000000000000000     <absolute>
 0000:00000000       __enclave_config           0000000000000000     <absolute>
 0000:00000000       __guard_check_icall_a64n_fptr 0000000000000000     <absolute>
 0000:00000000       __guard_eh_cont_count      0000000000000000     <absolute>
 0000:00000000       __guard_eh_cont_table      0000000000000000     <absolute>
 0000:00000000       __guard_fids_count         0000000000000000     <absolute>
 0000:00000000       __guard_fids_table         0000000000000000     <absolute>
 0000:00000000       __guard_iat_count          0000000000000000     <absolute>
 0000:00000000       __guard_iat_table          0000000000000000     <absolute>
 0000:00000000       __guard_longjmp_count      0000000000000000     <absolute>
 0000:00000000       __guard_longjmp_table      0000000000000000     <absolute>
 0000:00000000       __hybrid_auxiliary_delayload_iat 0000000000000000     <absolute>
 0000:00000000       __hybrid_auxiliary_delayload_iat_copy 0000000000000000     <absolute>
 0000:00000000       __hybrid_auxiliary_iat     0000000000000000     <absolute>
 0000:00000000       __hybrid_auxiliary_iat_copy 0000000000000000     <absolute>
 0000:00000000       __hybrid_code_map          0000000000000000     <absolute>
 0000:00000000       __hybrid_code_map_count    0000000000000000     <absolute>
 0000:00000000       __hybrid_image_info_bitfield 0000000000000000     <absolute>
 0000:00000000       __x64_code_ranges_to_entry_points 0000000000000000     <absolute>
 0000:00000000       __x64_code_ranges_to_entry_points_count 0000000000000000     <absolute>
 0000:00000100       __guard_flags              0000000000000100     <absolute>
 0000:00000000       __ImageBase                0000000180000000     <linker-defined>
 0001:00000060       ??$copy@V?$PxReflectionAllocator@USlab@NodeAllocator@Gu@physx@@@physx@@@?$PxArray@USlab@NodeAllocator@Gu@physx@@V?$PxReflectionAllocator@USlab@NodeAllocator@Gu@physx@@@4@@physx@@IEAAXAEBV01@@Z 0000000180001060 f i Cooking.obj
 0001:000000e0       ??0AABBTreeBounds@Gu@physx@@QEAA@XZ 00000001800010e0 f i Cooking.obj
 0001:000000f0       ??0AABBTreeBuildNode@Gu@physx@@QEAA@AEBV012@@Z 00000001800010f0 f i Cooking.obj
 0001:000000f0       ??4AABBTreeBuildNode@Gu@physx@@QEAAAEAV012@AEBV012@@Z 00000001800010f0 f i Cooking.obj
 0001:00000130       ??0AABBTreeBuildNode@Gu@physx@@QEAA@XZ 0000000180001130 f i Cooking.obj
 0001:00000130       ??4PxFoundation@physx@@QEAAAEAV01@AEBV01@@Z 0000000180001130 f i Cooking.obj
 0001:00000130       ?getAABB@AABBTreeBuildNode@Gu@physx@@QEBAAEBVPxBounds3@3@XZ 0000000180001130 f i Cooking.obj
 0001:00000140       ??0AABBTreeBuildParams@Gu@physx@@QEAA@IIPEBVAABBTreeBounds@12@W4BVHBuildStrategy@12@@Z 0000000180001140 f i Cooking.obj
 0001:00000160       ??0NodeAllocator@Gu@physx@@QEAA@AEBV012@@Z 0000000180001160 f i Cooking.obj
 0001:000001a0       ??0PxFoundation@physx@@QEAA@AEBV01@@Z 00000001800011a0 f i Cooking.obj
 0001:000001a0       ??0PxFoundation@physx@@QEAA@XZ 00000001800011a0 f i Cooking.obj
 0001:000001b0       ??1AABBTreeBounds@Gu@physx@@QEAA@XZ 00000001800011b0 f i Cooking.obj
 0001:000001c0       ??1AABBTreeBuildNode@Gu@physx@@QEAA@XZ 00000001800011c0 f i Cooking.obj
 0001:000001c0       _guard_check_icall_nop     00000001800011c0 f i MSVCRT:guard_support.obj
 0001:000001d0       ??1AABBTreeBuildParams@Gu@physx@@QEAA@XZ 00000001800011d0 f i Cooking.obj
 0001:000001d0       ?reset@AABBTreeBuildParams@Gu@physx@@QEAAXXZ 00000001800011d0 f i Cooking.obj
 0001:00000220       ??1PxFoundation@physx@@MEAA@XZ 0000000180001220 f i Cooking.obj
 0001:00000230       ??4AABBTreeBounds@Gu@physx@@QEAAAEAV012@AEBV012@@Z 0000000180001230 f i Cooking.obj
 0001:00000240       ??4AABBTreeBuildParams@Gu@physx@@QEAAAEAV012@AEBV012@@Z 0000000180001240 f i Cooking.obj
 0001:00000260       ??4NodeAllocator@Gu@physx@@QEAAAEAV012@AEBV012@@Z 0000000180001260 f i Cooking.obj
 0001:00000310       ??_EPxFoundation@physx@@MEAAPEAXI@Z 0000000180001310 f i Cooking.obj
 0001:000003a0       ??_FAABBTreeBuildParams@Gu@physx@@QEAAXXZ 00000001800013a0 f i Cooking.obj
 0001:000003c0       ?allocate@?$PxArray@USlab@NodeAllocator@Gu@physx@@V?$PxReflectionAllocator@USlab@NodeAllocator@Gu@physx@@@4@@physx@@IEAAPEAUSlab@NodeAllocator@Gu@2@IPEAI@Z 00000001800013c0 f i Cooking.obj
 0001:000004a0       ?getBounds@AABBTreeBounds@Gu@physx@@QEAAPEAVPxBounds3@3@XZ 00000001800014a0 f i Cooking.obj
 0001:000004a0       ?getBounds@AABBTreeBounds@Gu@physx@@QEBAPEBVPxBounds3@3@XZ 00000001800014a0 f i Cooking.obj
 0001:000004b0       ?getNbPrimitives@AABBTreeBuildNode@Gu@physx@@QEBAIXZ 00000001800014b0 f i Cooking.obj
 0001:000004b0       ?getNbRuntimePrimitives@AABBTreeBuildNode@Gu@physx@@QEBAIXZ 00000001800014b0 f i Cooking.obj
 0001:000004c0       ?getNeg@AABBTreeBuildNode@Gu@physx@@QEBAPEBV123@XZ 00000001800014c0 f i Cooking.obj
 0001:000004e0       ?getPos@AABBTreeBuildNode@Gu@physx@@QEBAPEBV123@XZ 00000001800014e0 f i Cooking.obj
 0001:000004f0       ?getPrimitives@AABBTreeBuildNode@Gu@physx@@QEAAPEAIPEAI@Z 00000001800014f0 f i Cooking.obj
 0001:000004f0       ?getPrimitives@AABBTreeBuildNode@Gu@physx@@QEBAPEBIPEBI@Z 00000001800014f0 f i Cooking.obj
 0001:00000500       ?isLeaf@AABBTreeBuildNode@Gu@physx@@QEBA_NXZ 0000000180001500 f i Cooking.obj
 0001:00000510       ?moveFrom@AABBTreeBounds@Gu@physx@@QEAAXAEAV123@@Z 0000000180001510 f i Cooking.obj
 0001:00000520       ?ownsMemory@AABBTreeBounds@Gu@physx@@QEBA_NXZ 0000000180001520 f i Cooking.obj
 0001:00000530       ?recreate@?$PxArray@USlab@NodeAllocator@Gu@physx@@V?$PxReflectionAllocator@USlab@NodeAllocator@Gu@physx@@@4@@physx@@IEAA_NI@Z 0000000180001530 f i Cooking.obj
 0001:000005f0       ?setBounds@AABBTreeBounds@Gu@physx@@QEAAXPEAVPxBounds3@3@@Z 00000001800015f0 f i Cooking.obj
 0001:00000600       ?setNbRunTimePrimitives@AABBTreeBuildNode@Gu@physx@@QEAAXI@Z 0000000180001600 f i Cooking.obj
 0001:00000610       ?takeOwnership@AABBTreeBounds@Gu@physx@@QEAAXXZ 0000000180001610 f i Cooking.obj
 0001:00000620       PxAssembleDeformableVolumeMesh 0000000180001620 f   Cooking.obj
 0001:00000630       PxComputeCollisionData     0000000180001630 f   Cooking.obj
 0001:00000640       PxComputeHullPolygons      0000000180001640 f   Cooking.obj
 0001:00000650       PxComputeModelsMapping     0000000180001650 f   Cooking.obj
 0001:00000660       PxComputeSimulationData    0000000180001660 f   Cooking.obj
 0001:00000670       PxCookBVH                  0000000180001670 f   Cooking.obj
 0001:00000680       PxCookConvexMesh           0000000180001680 f   Cooking.obj
 0001:00000690       PxCookDeformableVolumeMesh 0000000180001690 f   Cooking.obj
 0001:000006a0       PxCookHeightField          00000001800016a0 f   Cooking.obj
 0001:000006b0       PxCookTetrahedronMesh      00000001800016b0 f   Cooking.obj
 0001:000006c0       PxCookTriangleMesh         00000001800016c0 f   Cooking.obj
 0001:000006d0       PxCreateBVH                00000001800016d0 f   Cooking.obj
 0001:000006e0       PxCreateConvexMesh         00000001800016e0 f   Cooking.obj
 0001:000006f0       PxCreateDeformableVolumeMesh 00000001800016f0 f   Cooking.obj
 0001:00000700       PxCreateHeightField        0000000180001700 f   Cooking.obj
 0001:00000710       PxCreateTetrahedronMesh    0000000180001710 f   Cooking.obj
 0001:00000720       PxCreateTriangleMesh       0000000180001720 f   Cooking.obj
 0001:00000730       PxGetStandaloneInsertionCallback 0000000180001730 f   Cooking.obj
 0001:00000740       PxValidateConvexMesh       0000000180001740 f   Cooking.obj
 0001:00000750       PxValidateTriangleMesh     0000000180001750 f   Cooking.obj
 0001:00000760       ?cookingDelayHook@@YAP6A_JXZIPEAUDelayLoadInfo@@@Z 0000000180001760 f   WindowsCookingDelayLoadHook.obj
 0001:00000840       PxSetPhysXCookingDelayLoadHook 0000000180001840 f   WindowsCookingDelayLoadHook.obj
 0001:00000848       getInsertionCallback       0000000180001848 f   PhysXCommon_64:PhysXCommon_64.dll
 0001:0000084e       __tailMerge_physxcommon_64_dll 000000018000184e     PhysXCommon_64:PhysXCommon_64.dll
 0001:000008c7       __imp_load_getInsertionCallback 00000001800018c7 f   PhysXCommon_64:PhysXCommon_64.dll
 0001:000008d3       cookBVH                    00000001800018d3 f   PhysXCommon_64:PhysXCommon_64.dll
 0001:000008d9       __imp_load_cookBVH         00000001800018d9 f   PhysXCommon_64:PhysXCommon_64.dll
 0001:000008e5       createBVH                  00000001800018e5 f   PhysXCommon_64:PhysXCommon_64.dll
 0001:000008eb       __imp_load_createBVH       00000001800018eb f   PhysXCommon_64:PhysXCommon_64.dll
 0001:000008f7       cookHeightField            00000001800018f7 f   PhysXCommon_64:PhysXCommon_64.dll
 0001:000008fd       __imp_load_cookHeightField 00000001800018fd f   PhysXCommon_64:PhysXCommon_64.dll
 0001:00000909       createHeightField          0000000180001909 f   PhysXCommon_64:PhysXCommon_64.dll
 0001:0000090f       __imp_load_createHeightField 000000018000190f f   PhysXCommon_64:PhysXCommon_64.dll
 0001:0000091b       cookConvexMesh             000000018000191b f   PhysXCommon_64:PhysXCommon_64.dll
 0001:00000921       __imp_load_cookConvexMesh  0000000180001921 f   PhysXCommon_64:PhysXCommon_64.dll
 0001:0000092d       createConvexMesh           000000018000192d f   PhysXCommon_64:PhysXCommon_64.dll
 0001:00000933       __imp_load_createConvexMesh 0000000180001933 f   PhysXCommon_64:PhysXCommon_64.dll
 0001:0000093f       validateConvexMesh         000000018000193f f   PhysXCommon_64:PhysXCommon_64.dll
 0001:00000945       __imp_load_validateConvexMesh 0000000180001945 f   PhysXCommon_64:PhysXCommon_64.dll
 0001:00000951       computeHullPolygons        0000000180001951 f   PhysXCommon_64:PhysXCommon_64.dll
 0001:00000957       __imp_load_computeHullPolygons 0000000180001957 f   PhysXCommon_64:PhysXCommon_64.dll
 0001:00000963       validateTriangleMesh       0000000180001963 f   PhysXCommon_64:PhysXCommon_64.dll
 0001:00000969       __imp_load_validateTriangleMesh 0000000180001969 f   PhysXCommon_64:PhysXCommon_64.dll
 0001:00000975       createTriangleMesh         0000000180001975 f   PhysXCommon_64:PhysXCommon_64.dll
 0001:0000097b       __imp_load_createTriangleMesh 000000018000197b f   PhysXCommon_64:PhysXCommon_64.dll
 0001:00000987       cookTriangleMesh           0000000180001987 f   PhysXCommon_64:PhysXCommon_64.dll
 0001:0000098d       __imp_load_cookTriangleMesh 000000018000198d f   PhysXCommon_64:PhysXCommon_64.dll
 0001:00000999       cookTetrahedronMesh        0000000180001999 f   PhysXCommon_64:PhysXCommon_64.dll
 0001:0000099f       __imp_load_cookTetrahedronMesh 000000018000199f f   PhysXCommon_64:PhysXCommon_64.dll
 0001:000009ab       createTetrahedronMesh      00000001800019ab f   PhysXCommon_64:PhysXCommon_64.dll
 0001:000009b1       __imp_load_createTetrahedronMesh 00000001800019b1 f   PhysXCommon_64:PhysXCommon_64.dll
 0001:000009bd       cookDeformableVolumeMesh   00000001800019bd f   PhysXCommon_64:PhysXCommon_64.dll
 0001:000009c3       __imp_load_cookDeformableVolumeMesh 00000001800019c3 f   PhysXCommon_64:PhysXCommon_64.dll
 0001:000009cf       createDeformableVolumeMesh 00000001800019cf f   PhysXCommon_64:PhysXCommon_64.dll
 0001:000009d5       __imp_load_createDeformableVolumeMesh 00000001800019d5 f   PhysXCommon_64:PhysXCommon_64.dll
 0001:000009e1       computeModelsMapping       00000001800019e1 f   PhysXCommon_64:PhysXCommon_64.dll
 0001:000009e7       __imp_load_computeModelsMapping 00000001800019e7 f   PhysXCommon_64:PhysXCommon_64.dll
 0001:000009f3       computeCollisionData       00000001800019f3 f   PhysXCommon_64:PhysXCommon_64.dll
 0001:000009f9       __imp_load_computeCollisionData 00000001800019f9 f   PhysXCommon_64:PhysXCommon_64.dll
 0001:00000a05       computeSimulationData      0000000180001a05 f   PhysXCommon_64:PhysXCommon_64.dll
 0001:00000a0b       __imp_load_computeSimulationData 0000000180001a0b f   PhysXCommon_64:PhysXCommon_64.dll
 0001:00000a17       assembleDeformableVolumeMesh 0000000180001a17 f   PhysXCommon_64:PhysXCommon_64.dll
 0001:00000a1d       __imp_load_assembleDeformableVolumeMesh 0000000180001a1d f   PhysXCommon_64:PhysXCommon_64.dll
 0001:00000a29       ?release@AABBTreeBounds@Gu@physx@@QEAAXXZ 0000000180001a29 f   PhysXCommon_64:PhysXCommon_64.dll
 0001:00000a2f       __imp_load_?release@AABBTreeBounds@Gu@physx@@QEAAXXZ 0000000180001a2f f   PhysXCommon_64:PhysXCommon_64.dll
 0001:00000a3b       PxGetFoundation            0000000180001a3b f   PhysXFoundation_64:PhysXFoundation_64.dll
 0001:00000a41       __tailMerge_physxfoundation_64_dll 0000000180001a41     PhysXFoundation_64:PhysXFoundation_64.dll
 0001:00000aba       __imp_load_PxGetFoundation 0000000180001aba f   PhysXFoundation_64:PhysXFoundation_64.dll
 0001:00000ac6       PxGetBroadcastAllocator    0000000180001ac6 f   PhysXFoundation_64:PhysXFoundation_64.dll
 0001:00000acc       __imp_load_PxGetBroadcastAllocator 0000000180001acc f   PhysXFoundation_64:PhysXFoundation_64.dll
 0001:00000ad8       ?DloadAcquireSectionWriteAccess@@YAXXZ 0000000180001ad8 f i Delayimp:delayhlp.obj
 0001:00000b84       ?DloadGetSRWLockFunctionPointers@@YAEXZ 0000000180001b84 f i Delayimp:delayhlp.obj
 0001:00000c24       ?DloadMakePermanentImageCommit@@YAXPEAX_K@Z 0000000180001c24 f i Delayimp:delayhlp.obj
 0001:00000cbc       ?DloadObtainSection@@YAPEAXPEAK0@Z 0000000180001cbc f i Delayimp:delayhlp.obj
 0001:00000d58       ?DloadProtectSection@@YAXKPEAK@Z 0000000180001d58 f i Delayimp:delayhlp.obj
 0001:00000de8       ?DloadReleaseSectionWriteAccess@@YAXXZ 0000000180001de8 f i Delayimp:delayhlp.obj
 0001:00000e7c       __delayLoadHelper2         0000000180001e7c f   Delayimp:delayhlp.obj
 0001:00001154       ??3@YAXPEAX@Z              0000000180002154 f   MSVCRT:delete_scalar.obj
 0001:0000115c       ??3@YAXPEAX_K@Z            000000018000215c f   MSVCRT:delete_scalar_size.obj
 0001:0000115c       ??_V@YAXPEAX@Z             000000018000215c f   MSVCRT:delete_array.obj
 0001:00001164       ??_V@YAXPEAX_K@Z           0000000180002164 f   MSVCRT:delete_array_size.obj
 0001:0000116c       ??_Etype_info@@UEAAPEAXI@Z 000000018000216c f i MSVCRT:std_type_info_static.obj
 0001:0000116c       ??_Gtype_info@@UEAAPEAXI@Z 000000018000216c f i MSVCRT:std_type_info_static.obj
 0001:00001198       ?__scrt_initialize_type_info@@YAXXZ 0000000180002198 f   MSVCRT:tncleanup.obj
 0001:000011a8       ?__scrt_uninitialize_type_info@@YAXXZ 00000001800021a8 f   MSVCRT:tncleanup.obj
 0001:000014d0       _DllMainCRTStartup         00000001800024d0 f   MSVCRT:dll_dllmain.obj
 0001:00001510       __security_init_cookie     0000000180002510 f   MSVCRT:gs_support.obj
 0001:000015bc       DllMain                    00000001800025bc f   MSVCRT:dll_dllmain_stub.obj
 0001:000015e0       __local_stdio_printf_options 00000001800025e0 f i MSVCRT:default_local_stdio_options.obj
 0001:000015e8       __local_stdio_scanf_options 00000001800025e8 f i MSVCRT:default_local_stdio_options.obj
 0001:000015f0       __scrt_initialize_default_local_stdio_options 00000001800025f0 f   MSVCRT:default_local_stdio_options.obj
 0001:0000160c       __scrt_acquire_startup_lock 000000018000260c f   MSVCRT:utility.obj
 0001:00001648       __scrt_dllmain_after_initialize_c 0000000180002648 f   MSVCRT:utility.obj
 0001:0000167c       __scrt_dllmain_before_initialize_c 000000018000267c f   MSVCRT:utility.obj
 0001:00001694       __scrt_dllmain_crt_thread_attach 0000000180002694 f   MSVCRT:utility.obj
 0001:000016bc       __scrt_dllmain_crt_thread_detach 00000001800026bc f   MSVCRT:utility.obj
 0001:000016d4       __scrt_dllmain_exception_filter 00000001800026d4 f   MSVCRT:utility.obj
 0001:00001734       __scrt_dllmain_uninitialize_c 0000000180002734 f   MSVCRT:utility.obj
 0001:00001764       __scrt_dllmain_uninitialize_critical 0000000180002764 f   MSVCRT:utility.obj
 0001:00001778       __scrt_initialize_crt      0000000180002778 f   MSVCRT:utility.obj
 0001:000017b4       __scrt_initialize_onexit_tables 00000001800027b4 f   MSVCRT:utility.obj
 0001:00001840       __scrt_is_nonwritable_in_current_image 0000000180002840 f   MSVCRT:utility.obj
 0001:000018d8       __scrt_release_startup_lock 00000001800028d8 f   MSVCRT:utility.obj
 0001:000018fc       __scrt_uninitialize_crt    00000001800028fc f   MSVCRT:utility.obj
 0001:00001928       __scrt_get_dyn_tls_init_callback 0000000180002928 f   MSVCRT:dyn_tls_init.obj
 0001:00001930       __crt_debugger_hook        0000000180002930 f   MSVCRT:utility_desktop.obj
 0001:00001938       __scrt_fastfail            0000000180002938 f   MSVCRT:utility_desktop.obj
 0001:00001a80       _RTC_Initialize            0000000180002a80 f   MSVCRT:initsect.obj
 0001:00001abc       _RTC_Terminate             0000000180002abc f   MSVCRT:initsect.obj
 0001:00001b00       __isa_available_init       0000000180002b00 f   MSVCRT:cpu_disp.obj
 0001:00001cac       _get_startup_argv_mode     0000000180002cac f   MSVCRT:argv_mode.obj
 0001:00001cb4       __scrt_is_ucrt_dll_in_use  0000000180002cb4 f   MSVCRT:ucrt_detection.obj
 0001:00001cc0       _purecall                  0000000180002cc0 f   vcruntime:VCRUNTIME140.dll
 0001:00001cc6       __std_type_info_name       0000000180002cc6 f   vcruntime:VCRUNTIME140.dll
 0001:00001ccc       memset                     0000000180002ccc f   vcruntime:VCRUNTIME140.dll
 0001:00001cd2       strstr                     0000000180002cd2 f   vcruntime:VCRUNTIME140.dll
 0001:00001cd8       __std_type_info_destroy_list 0000000180002cd8 f   vcruntime:VCRUNTIME140.dll
 0001:00001cde       __C_specific_handler       0000000180002cde f   vcruntime:VCRUNTIME140.dll
 0001:00001ce4       memcpy                     0000000180002ce4 f   vcruntime:VCRUNTIME140.dll
 0001:00001cea       free                       0000000180002cea f   ucrt:api-ms-win-crt-heap-l1-1-0.dll
 0001:00001cf0       _initterm                  0000000180002cf0 f   ucrt:api-ms-win-crt-runtime-l1-1-0.dll
 0001:00001cf6       _initterm_e                0000000180002cf6 f   ucrt:api-ms-win-crt-runtime-l1-1-0.dll
 0001:00001cfc       _seh_filter_dll            0000000180002cfc f   ucrt:api-ms-win-crt-runtime-l1-1-0.dll
 0001:00001d02       _configure_narrow_argv     0000000180002d02 f   ucrt:api-ms-win-crt-runtime-l1-1-0.dll
 0001:00001d08       _initialize_narrow_environment 0000000180002d08 f   ucrt:api-ms-win-crt-runtime-l1-1-0.dll
 0001:00001d0e       _initialize_onexit_table   0000000180002d0e f   ucrt:api-ms-win-crt-runtime-l1-1-0.dll
 0001:00001d14       _execute_onexit_table      0000000180002d14 f   ucrt:api-ms-win-crt-runtime-l1-1-0.dll
 0001:00001d1a       _cexit                     0000000180002d1a f   ucrt:api-ms-win-crt-runtime-l1-1-0.dll
 0001:00001d20       __acrt_initialize          0000000180002d20 f   MSVCRT:ucrt_stubs.obj
 0001:00001d20       __acrt_thread_attach       0000000180002d20 f   MSVCRT:ucrt_stubs.obj
 0001:00001d20       __acrt_thread_detach       0000000180002d20 f   MSVCRT:ucrt_stubs.obj
 0001:00001d20       __acrt_uninitialize        0000000180002d20 f   MSVCRT:ucrt_stubs.obj
 0001:00001d20       __acrt_uninitialize_critical 0000000180002d20 f   MSVCRT:ucrt_stubs.obj
 0001:00001d20       __scrt_stub_for_acrt_initialize 0000000180002d20 f   MSVCRT:ucrt_stubs.obj
 0001:00001d20       __scrt_stub_for_acrt_thread_attach 0000000180002d20 f   MSVCRT:ucrt_stubs.obj
 0001:00001d20       __scrt_stub_for_acrt_thread_detach 0000000180002d20 f   MSVCRT:ucrt_stubs.obj
 0001:00001d20       __scrt_stub_for_acrt_uninitialize 0000000180002d20 f   MSVCRT:ucrt_stubs.obj
 0001:00001d20       __scrt_stub_for_acrt_uninitialize_critical 0000000180002d20 f   MSVCRT:ucrt_stubs.obj
 0001:00001d20       __vcrt_initialize          0000000180002d20 f   MSVCRT:ucrt_stubs.obj
 0001:00001d20       __vcrt_thread_attach       0000000180002d20 f   MSVCRT:ucrt_stubs.obj
 0001:00001d20       __vcrt_thread_detach       0000000180002d20 f   MSVCRT:ucrt_stubs.obj
 0001:00001d20       __vcrt_uninitialize        0000000180002d20 f   MSVCRT:ucrt_stubs.obj
 0001:00001d20       __vcrt_uninitialize_critical 0000000180002d20 f   MSVCRT:ucrt_stubs.obj
 0001:00001d24       __scrt_stub_for_is_c_termination_complete 0000000180002d24 f   MSVCRT:ucrt_stubs.obj
 0001:00001d24       _is_c_termination_complete 0000000180002d24 f   MSVCRT:ucrt_stubs.obj
 0001:00001d40       _guard_dispatch_icall_nop  0000000180002d40 f   MSVCRT:guard_dispatch.obj
 0001:00001d60       _guard_xfg_dispatch_icall_nop 0000000180002d60 f   MSVCRT:guard_xfg_dispatch.obj
 0002:00000000       __imp_LoadLibraryA         0000000180003000     kernel32:KERNEL32.dll
 0002:00000008       __imp_SetUnhandledExceptionFilter 0000000180003008     kernel32:KERNEL32.dll
 0002:00000010       __imp_UnhandledExceptionFilter 0000000180003010     kernel32:KERNEL32.dll
 0002:00000018       __imp_IsDebuggerPresent    0000000180003018     kernel32:KERNEL32.dll
 0002:00000020       __imp_RtlVirtualUnwind     0000000180003020     kernel32:KERNEL32.dll
 0002:00000028       __imp_RtlLookupFunctionEntry 0000000180003028     kernel32:KERNEL32.dll
 0002:00000030       __imp_RtlCaptureContext    0000000180003030     kernel32:KERNEL32.dll
 0002:00000038       __imp_DisableThreadLibraryCalls 0000000180003038     kernel32:KERNEL32.dll
 0002:00000040       __imp_GetSystemTimeAsFileTime 0000000180003040     kernel32:KERNEL32.dll
 0002:00000048       __imp_GetCurrentThreadId   0000000180003048     kernel32:KERNEL32.dll
 0002:00000050       __imp_GetCurrentProcessId  0000000180003050     kernel32:KERNEL32.dll
 0002:00000058       __imp_QueryPerformanceCounter 0000000180003058     kernel32:KERNEL32.dll
 0002:00000060       __imp_InitializeSListHead  0000000180003060     kernel32:KERNEL32.dll
 0002:00000068       __imp_LoadLibraryExA       0000000180003068     kernel32:KERNEL32.dll
 0002:00000070       __imp_GetProcAddress       0000000180003070     kernel32:KERNEL32.dll
 0002:00000078       __imp_GetModuleHandleW     0000000180003078     kernel32:KERNEL32.dll
 0002:00000080       __imp_FreeLibrary          0000000180003080     kernel32:KERNEL32.dll
 0002:00000088       __imp_VirtualQuery         0000000180003088     kernel32:KERNEL32.dll
 0002:00000090       __imp_VirtualProtect       0000000180003090     kernel32:KERNEL32.dll
 0002:00000098       __imp_GetSystemInfo        0000000180003098     kernel32:KERNEL32.dll
 0002:000000a0       __imp_GetLastError         00000001800030a0     kernel32:KERNEL32.dll
 0002:000000a8       __imp_RaiseException       00000001800030a8     kernel32:KERNEL32.dll
 0002:000000b0       __imp_IsProcessorFeaturePresent 00000001800030b0     kernel32:KERNEL32.dll
 0002:000000b8       \177KERNEL32_NULL_THUNK_DATA 00000001800030b8     kernel32:KERNEL32.dll
 0002:000000c0       __imp___std_type_info_destroy_list 00000001800030c0     vcruntime:VCRUNTIME140.dll
 0002:000000c8       __imp__purecall            00000001800030c8     vcruntime:VCRUNTIME140.dll
 0002:000000d0       __imp___std_type_info_name 00000001800030d0     vcruntime:VCRUNTIME140.dll
 0002:000000d8       __imp_memset               00000001800030d8     vcruntime:VCRUNTIME140.dll
 0002:000000e0       __imp_strstr               00000001800030e0     vcruntime:VCRUNTIME140.dll
 0002:000000e8       __imp___C_specific_handler 00000001800030e8     vcruntime:VCRUNTIME140.dll
 0002:000000f0       __imp_memcpy               00000001800030f0     vcruntime:VCRUNTIME140.dll
 0002:000000f8       \177VCRUNTIME140_NULL_THUNK_DATA 00000001800030f8     vcruntime:VCRUNTIME140.dll
 0002:00000100       __imp_free                 0000000180003100     ucrt:api-ms-win-crt-heap-l1-1-0.dll
 0002:00000108       \177api-ms-win-crt-heap-l1-1-0_NULL_THUNK_DATA 0000000180003108     ucrt:api-ms-win-crt-heap-l1-1-0.dll
 0002:00000110       __imp__initterm            0000000180003110     ucrt:api-ms-win-crt-runtime-l1-1-0.dll
 0002:00000118       __imp__initterm_e          0000000180003118     ucrt:api-ms-win-crt-runtime-l1-1-0.dll
 0002:00000120       __imp__seh_filter_dll      0000000180003120     ucrt:api-ms-win-crt-runtime-l1-1-0.dll
 0002:00000128       __imp__configure_narrow_argv 0000000180003128     ucrt:api-ms-win-crt-runtime-l1-1-0.dll
 0002:00000130       __imp__initialize_narrow_environment 0000000180003130     ucrt:api-ms-win-crt-runtime-l1-1-0.dll
 0002:00000138       __imp__initialize_onexit_table 0000000180003138     ucrt:api-ms-win-crt-runtime-l1-1-0.dll
 0002:00000140       __imp__execute_onexit_table 0000000180003140     ucrt:api-ms-win-crt-runtime-l1-1-0.dll
 0002:00000148       __imp__cexit               0000000180003148     ucrt:api-ms-win-crt-runtime-l1-1-0.dll
 0002:00000150       \177api-ms-win-crt-runtime-l1-1-0_NULL_THUNK_DATA 0000000180003150     ucrt:api-ms-win-crt-runtime-l1-1-0.dll
 0002:00000158       __guard_check_icall_fptr   0000000180003158     MSVCRT:guard_support.obj
 0002:00000160       __guard_xfg_check_icall_fptr 0000000180003160     MSVCRT:guard_support.obj
 0002:00000168       __guard_dispatch_icall_fptr 0000000180003168     MSVCRT:guard_support.obj
 0002:00000170       __guard_xfg_dispatch_icall_fptr 0000000180003170     MSVCRT:guard_support.obj
 0002:00000178       __guard_xfg_table_dispatch_icall_fptr 0000000180003178     MSVCRT:guard_support.obj
 0002:00000180       __castguard_check_failure_os_handled_fptr 0000000180003180     MSVCRT:guard_support.obj
 0002:00000188       __guard_memcpy_fptr        0000000180003188     vcruntime:softmemtag.obj
 0002:00000190       __xc_a                     0000000180003190     MSVCRT:initializers.obj
 0002:000001c8       __xc_z                     00000001800031c8     MSVCRT:initializers.obj
 0002:000001d0       __xi_a                     00000001800031d0     MSVCRT:initializers.obj
 0002:000001d8       __xi_z                     00000001800031d8     MSVCRT:initializers.obj
 0002:000001e0       __xp_a                     00000001800031e0     MSVCRT:initializers.obj
 0002:000001e8       __xp_z                     00000001800031e8     MSVCRT:initializers.obj
 0002:000001f0       __xt_a                     00000001800031f0     MSVCRT:initializers.obj
 0002:000001f8       __xt_z                     00000001800031f8     MSVCRT:initializers.obj
 0002:00000220       ??_7PxFoundation@physx@@6B@ 0000000180003220     Cooking.obj
 0002:00000290       ??_C@_0DK@LBKJEKAI@E?3?2PhysX?2release?2PhysX?2physx?2in@ 0000000180003290     Cooking.obj
 0002:000002d0       ??_C@_0DE@FMENOIPN@PxArray?3?3allocate?3?5allocator?5re@ 00000001800032d0     Cooking.obj
 0002:00000308       ??_C@_0BM@OIFKLHDN@?$DMallocation?5names?5disabled?$DO@ 0000000180003308     Cooking.obj
 0002:00000330       __xmm@000000003a83126f3a83126f3a83126f 0000000180003330     Cooking.obj
 0002:00000340       __xmm@00000000ba83126fba83126fba83126f 0000000180003340     Cooking.obj
 0002:00000350       __xmm@3a83126f3a83126f3a83126f3a83126f 0000000180003350     Cooking.obj
 0002:00000360       __xmm@ba83126fba83126fba83126fba83126f 0000000180003360     Cooking.obj
 0002:00000370       ??_C@_0BA@EGLNOO@PhysXFoundation@ 0000000180003370     WindowsCookingDelayLoadHook.obj
 0002:00000380       ??_C@_0M@ILKNCJKN@PhysXCommon@ 0000000180003380     WindowsCookingDelayLoadHook.obj
 0002:00000390       __sz_PhysXCommon_64_dll    0000000180003390     PhysXCommon_64:PhysXCommon_64.dll
 0002:000003b0       __sz_PhysXFoundation_64_dll 00000001800033b0     PhysXFoundation_64:PhysXFoundation_64.dll
 0002:000003c8       ??_C@_1BK@DBDEIDLH@?$AAK?$AAE?$AAR?$AAN?$AAE?$AAL?$AA3?$AA2?$AA?4?$AAD?$AAL?$AAL@ 00000001800033c8     Delayimp:delayhlp.obj
 0002:000003e8       ??_C@_0BI@OMNLIJDB@AcquireSRWLockExclusive@ 00000001800033e8     Delayimp:delayhlp.obj
 0002:00000400       ??_C@_0BI@HMIEPCNJ@ReleaseSRWLockExclusive@ 0000000180003400     Delayimp:delayhlp.obj
 0002:00000418       __pfnDliFailureHook2       0000000180003418     Delayimp:delayhk1.obj
 0002:00000428       ??_7type_info@@6B@         0000000180003428     MSVCRT:std_type_info_static.obj
 0002:00000430       _pDefaultRawDllMain        0000000180003430     MSVCRT:dll_dllmain.obj
 0002:00000430       _pRawDllMain               0000000180003430     MSVCRT:dll_dllmain.obj
 0002:00000440       _load_config_used          0000000180003440     MSVCRT:loadcfg.obj
 0002:00000580       __xmm@ffffffffffffffffffffffffffffffff 0000000180003580     MSVCRT:utility.obj
 0002:00000600       ??_R4type_info@@6B@        0000000180003600     MSVCRT:std_type_info_static.obj
 0002:00000628       ??_R3type_info@@8          0000000180003628     MSVCRT:std_type_info_static.obj
 0002:00000640       ??_R2type_info@@8          0000000180003640     MSVCRT:std_type_info_static.obj
 0002:00000650       ??_R1A@?0A@EA@type_info@@8 0000000180003650     MSVCRT:std_type_info_static.obj
 0002:00000674       __volatile_metadata        0000000180003674     <linker-defined>
 0002:00000aa8       __rtc_iaa                  0000000180003aa8     MSVCRT:initsect.obj
 0002:00000ab0       __rtc_izz                  0000000180003ab0     MSVCRT:initsect.obj
 0002:00000ab8       __rtc_taa                  0000000180003ab8     MSVCRT:initsect.obj
 0002:00000ac0       __rtc_tzz                  0000000180003ac0     MSVCRT:initsect.obj
 0002:00000d64       __DELAY_IMPORT_DESCRIPTOR_physxcommon_64_dll 0000000180003d64     PhysXCommon_64:PhysXCommon_64.dll
 0002:00000d84       __DELAY_IMPORT_DESCRIPTOR_physxfoundation_64_dll 0000000180003d84     PhysXFoundation_64:PhysXFoundation_64.dll
 0002:00000da4       __NULL_DELAY_IMPORT_DESCRIPTOR 0000000180003da4     PhysXCommon_64:PhysXCommon_64.dll
 0002:00000e70       \177PhysXCommon_64_NULL_THUNK_DATA_DLN 0000000180003e70     PhysXCommon_64:PhysXCommon_64.dll
 0002:00000e88       \177PhysXFoundation_64_NULL_THUNK_DATA_DLN 0000000180003e88     PhysXFoundation_64:PhysXFoundation_64.dll
 0002:000010a8       \177PhysXCommon_64_NULL_THUNK_DATA_DLB 00000001800040a8     PhysXCommon_64:PhysXCommon_64.dll
 0002:00001158       \177PhysXFoundation_64_NULL_THUNK_DATA_DLB 0000000180004158     PhysXFoundation_64:PhysXFoundation_64.dll
 0002:00001d34       __IMPORT_DESCRIPTOR_KERNEL32 0000000180004d34     kernel32:KERNEL32.dll
 0002:00001d48       __IMPORT_DESCRIPTOR_VCRUNTIME140 0000000180004d48     vcruntime:VCRUNTIME140.dll
 0002:00001d5c       __IMPORT_DESCRIPTOR_api-ms-win-crt-heap-l1-1-0 0000000180004d5c     ucrt:api-ms-win-crt-heap-l1-1-0.dll
 0002:00001d70       __IMPORT_DESCRIPTOR_api-ms-win-crt-runtime-l1-1-0 0000000180004d70     ucrt:api-ms-win-crt-runtime-l1-1-0.dll
 0002:00001d84       __NULL_IMPORT_DESCRIPTOR   0000000180004d84     kernel32:KERNEL32.dll
 0003:00000000       __pfnDliNotifyHook2        0000000180006000     WindowsCookingDelayLoadHook.obj
 0003:00000008       _fltused                   0000000180006008     MSVCRT:fltused.obj
 0003:0000000c       __scrt_native_dllmain_reason 000000018000600c     MSVCRT:utility.obj
 0003:00000040       __security_cookie          0000000180006040     MSVCRT:gs_cookie.obj
 0003:00000080       __security_cookie_complement 0000000180006080     MSVCRT:gs_cookie.obj
 0003:00000090       __isa_available            0000000180006090     MSVCRT:cpu_disp.obj
 0003:00000094       __isa_enabled              0000000180006094     MSVCRT:cpu_disp.obj
 0003:00000098       __memset_fast_string_threshold 0000000180006098     MSVCRT:cpu_disp.obj
 0003:000000a0       __memset_nt_threshold      00000001800060a0     MSVCRT:cpu_disp.obj
 0003:000000a8       __scrt_ucrt_dll_is_in_use  00000001800060a8     MSVCRT:ucrt_stubs.obj
 0003:000000b0       ??_R0?AUSlab@NodeAllocator@Gu@physx@@@8 00000001800060b0     Cooking.obj
 0003:000000e8       ??_R0?AVtype_info@@@8      00000001800060e8     MSVCRT:std_type_info_static.obj
 0003:00000108       __imp_getInsertionCallback 0000000180006108     PhysXCommon_64:PhysXCommon_64.dll
 0003:00000110       __imp_?release@AABBTreeBounds@Gu@physx@@QEAAXXZ 0000000180006110     PhysXCommon_64:PhysXCommon_64.dll
 0003:00000118       __imp_cookBVH              0000000180006118     PhysXCommon_64:PhysXCommon_64.dll
 0003:00000120       __imp_createBVH            0000000180006120     PhysXCommon_64:PhysXCommon_64.dll
 0003:00000128       __imp_cookHeightField      0000000180006128     PhysXCommon_64:PhysXCommon_64.dll
 0003:00000130       __imp_createHeightField    0000000180006130     PhysXCommon_64:PhysXCommon_64.dll
 0003:00000138       __imp_cookConvexMesh       0000000180006138     PhysXCommon_64:PhysXCommon_64.dll
 0003:00000140       __imp_createConvexMesh     0000000180006140     PhysXCommon_64:PhysXCommon_64.dll
 0003:00000148       __imp_validateConvexMesh   0000000180006148     PhysXCommon_64:PhysXCommon_64.dll
 0003:00000150       __imp_computeHullPolygons  0000000180006150     PhysXCommon_64:PhysXCommon_64.dll
 0003:00000158       __imp_validateTriangleMesh 0000000180006158     PhysXCommon_64:PhysXCommon_64.dll
 0003:00000160       __imp_createTriangleMesh   0000000180006160     PhysXCommon_64:PhysXCommon_64.dll
 0003:00000168       __imp_cookTriangleMesh     0000000180006168     PhysXCommon_64:PhysXCommon_64.dll
 0003:00000170       __imp_cookTetrahedronMesh  0000000180006170     PhysXCommon_64:PhysXCommon_64.dll
 0003:00000178       __imp_createTetrahedronMesh 0000000180006178     PhysXCommon_64:PhysXCommon_64.dll
 0003:00000180       __imp_cookDeformableVolumeMesh 0000000180006180     PhysXCommon_64:PhysXCommon_64.dll
 0003:00000188       __imp_createDeformableVolumeMesh 0000000180006188     PhysXCommon_64:PhysXCommon_64.dll
 0003:00000190       __imp_computeModelsMapping 0000000180006190     PhysXCommon_64:PhysXCommon_64.dll
 0003:00000198       __imp_computeCollisionData 0000000180006198     PhysXCommon_64:PhysXCommon_64.dll
 0003:000001a0       __imp_computeSimulationData 00000001800061a0     PhysXCommon_64:PhysXCommon_64.dll
 0003:000001a8       __imp_assembleDeformableVolumeMesh 00000001800061a8     PhysXCommon_64:PhysXCommon_64.dll
 0003:000001b0       \177PhysXCommon_64_NULL_THUNK_DATA_DLA 00000001800061b0     PhysXCommon_64:PhysXCommon_64.dll
 0003:000001b8       __imp_PxGetBroadcastAllocator 00000001800061b8     PhysXFoundation_64:PhysXFoundation_64.dll
 0003:000001c0       __imp_PxGetFoundation      00000001800061c0     PhysXFoundation_64:PhysXFoundation_64.dll
 0003:000001c8       \177PhysXFoundation_64_NULL_THUNK_DATA_DLA 00000001800061c8     PhysXFoundation_64:PhysXFoundation_64.dll
 0003:00000238       __hmod__PhysXCommon_64_dll 0000000180006238     PhysXCommon_64:PhysXCommon_64.dll
 0003:00000240       __hmod__PhysXFoundation_64_dll 0000000180006240     PhysXFoundation_64:PhysXFoundation_64.dll
 0003:00000248       ?DloadKernel32@@3PEAUHINSTANCE__@@EA 0000000180006248     Delayimp:delayhlp.obj
 0003:00000250       ?DloadAcquireSRWLockExclusive@@3P6AXPEA_K@ZEA 0000000180006250     Delayimp:delayhlp.obj
 0003:00000258       ?DloadReleaseSRWLockExclusive@@3P6AXPEA_K@ZEA 0000000180006258     Delayimp:delayhlp.obj
 0003:00000260       ?DloadSrwLock@@3_KA        0000000180006260     Delayimp:delayhlp.obj
 0003:00000268       ?DloadSectionLockCount@@3KA 0000000180006268     Delayimp:delayhlp.obj
 0003:0000026c       ?DloadSectionOldProtection@@3KA 000000018000626c     Delayimp:delayhlp.obj
 0003:00000270       ?DloadSectionCommitPermanent@@3KA 0000000180006270     Delayimp:delayhlp.obj
 0003:00000280       ?__type_info_root_node@@3U__type_info_node@@A 0000000180006280     MSVCRT:tncleanup.obj
 0003:00000298       ?_OptionsStorage@?1??__local_stdio_printf_options@@9@4_KA 0000000180006298     MSVCRT:default_local_stdio_options.obj
 0003:000002a0       ?_OptionsStorage@?1??__local_stdio_scanf_options@@9@4_KA 00000001800062a0     MSVCRT:default_local_stdio_options.obj
 0003:000002a8       __scrt_current_native_startup_state 00000001800062a8     MSVCRT:utility.obj
 0003:000002b0       __scrt_native_startup_lock 00000001800062b0     MSVCRT:utility.obj
 0003:000002f0       __scrt_debugger_hook_flag  00000001800062f0     MSVCRT:utility_desktop.obj
 0003:000002f4       __favor                    00000001800062f4     MSVCRT:cpu_disp.obj
 0003:000002f8       __dyn_tls_init_callback    00000001800062f8     <common>

 entry point at        0001:000014d0

 Static symbols

 0000:ffff6000       .debug$S                   0000000180000000     PhysXCooking_64.exp
 0000:ffff6000       .debug$S                   0000000180000000     ucrt:api-ms-win-crt-heap-l1-1-0.dll
 0000:ffff6000       .debug$S                   0000000180000000     ucrt:api-ms-win-crt-runtime-l1-1-0.dll
 0000:ffff6000       .debug$S                   0000000180000000     ucrt:api-ms-win-crt-runtime-l1-1-0.dll
 0000:ffff6000       .debug$S                   0000000180000000     ucrt:api-ms-win-crt-runtime-l1-1-0.dll
 0000:ffff6000       .debug$S                   0000000180000000     ucrt:api-ms-win-crt-runtime-l1-1-0.dll
 0000:ffff6000       .debug$S                   0000000180000000     ucrt:api-ms-win-crt-runtime-l1-1-0.dll
 0000:ffff6000       .debug$S                   0000000180000000     ucrt:api-ms-win-crt-runtime-l1-1-0.dll
 0000:ffff6000       .debug$S                   0000000180000000     ucrt:api-ms-win-crt-runtime-l1-1-0.dll
 0000:ffff6000       .debug$S                   0000000180000000     ucrt:api-ms-win-crt-runtime-l1-1-0.dll
 0000:ffff6000       .debug$S                   0000000180000000     ucrt:api-ms-win-crt-runtime-l1-1-0.dll
 0000:ffff6000       .debug$S                   0000000180000000     ucrt:api-ms-win-crt-runtime-l1-1-0.dll
 0000:ffff6000       .debug$S                   0000000180000000     ucrt:api-ms-win-crt-runtime-l1-1-0.dll
 0000:ffff6000       .debug$S                   0000000180000000     ucrt:api-ms-win-crt-runtime-l1-1-0.dll
 0000:ffff6000       .debug$S                   0000000180000000     kernel32:KERNEL32.dll
 0000:ffff6000       .debug$S                   0000000180000000     kernel32:KERNEL32.dll
 0000:ffff6000       .debug$S                   0000000180000000     kernel32:KERNEL32.dll
 0000:ffff6000       .debug$S                   0000000180000000     kernel32:KERNEL32.dll
 0000:ffff6000       .debug$S                   0000000180000000     kernel32:KERNEL32.dll
 0000:ffff6000       .debug$S                   0000000180000000     kernel32:KERNEL32.dll
 0000:ffff6000       .debug$S                   0000000180000000     kernel32:KERNEL32.dll
 0000:ffff6000       .debug$S                   0000000180000000     kernel32:KERNEL32.dll
 0000:ffff6000       .debug$S                   0000000180000000     kernel32:KERNEL32.dll
 0000:ffff6000       .debug$S                   0000000180000000     kernel32:KERNEL32.dll
 0000:ffff6000       .debug$S                   0000000180000000     kernel32:KERNEL32.dll
 0000:ffff6000       .debug$S                   0000000180000000     kernel32:KERNEL32.dll
 0000:ffff6000       .debug$S                   0000000180000000     kernel32:KERNEL32.dll
 0000:ffff6000       .debug$S                   0000000180000000     kernel32:KERNEL32.dll
 0000:ffff6000       .debug$S                   0000000180000000     kernel32:KERNEL32.dll
 0000:ffff6000       .debug$S                   0000000180000000     kernel32:KERNEL32.dll
 0000:ffff6000       .debug$S                   0000000180000000     kernel32:KERNEL32.dll
 0000:ffff6000       .debug$S                   0000000180000000     kernel32:KERNEL32.dll
 0000:ffff6000       .debug$S                   0000000180000000     kernel32:KERNEL32.dll
 0000:ffff6000       .debug$S                   0000000180000000     kernel32:KERNEL32.dll
 0000:ffff6000       .debug$S                   0000000180000000     kernel32:KERNEL32.dll
 0000:ffff6000       .debug$S                   0000000180000000     kernel32:KERNEL32.dll
 0000:ffff6000       .debug$S                   0000000180000000     kernel32:KERNEL32.dll
 0000:ffff6000       .debug$S                   0000000180000000     kernel32:KERNEL32.dll
 0000:ffff6000       .debug$S                   0000000180000000     vcruntime:VCRUNTIME140.dll
 0000:ffff6000       .debug$S                   0000000180000000     vcruntime:VCRUNTIME140.dll
 0000:ffff6000       .debug$S                   0000000180000000     vcruntime:VCRUNTIME140.dll
 0000:ffff6000       .debug$S                   0000000180000000     vcruntime:VCRUNTIME140.dll
 0000:ffff6000       .debug$S                   0000000180000000     vcruntime:VCRUNTIME140.dll
 0000:ffff6000       .debug$S                   0000000180000000     vcruntime:VCRUNTIME140.dll
 0000:ffff6000       .debug$S                   0000000180000000     vcruntime:VCRUNTIME140.dll
 0000:ffff6000       .debug$S                   0000000180000000     vcruntime:VCRUNTIME140.dll
 0000:ffff6000       .debug$S                   0000000180000000     vcruntime:VCRUNTIME140.dll
 0000:ffff6000       .debug$S                   0000000180000000     PhysXCommon_64:PhysXCommon_64.dll
 0000:ffff6000       .debug$S                   0000000180000000     PhysXCommon_64:PhysXCommon_64.dll
 0000:ffff6000       .debug$S                   0000000180000000     PhysXCommon_64:PhysXCommon_64.dll
 0000:ffff6000       .debug$S                   0000000180000000     PhysXCommon_64:PhysXCommon_64.dll
 0000:ffff6000       .debug$S                   0000000180000000     PhysXCommon_64:PhysXCommon_64.dll
 0000:ffff6000       .debug$S                   0000000180000000     PhysXCommon_64:PhysXCommon_64.dll
 0000:ffff6000       .debug$S                   0000000180000000     PhysXCommon_64:PhysXCommon_64.dll
 0000:ffff6000       .debug$S                   0000000180000000     PhysXCommon_64:PhysXCommon_64.dll
 0000:ffff6000       .debug$S                   0000000180000000     PhysXCommon_64:PhysXCommon_64.dll
 0000:ffff6000       .debug$S                   0000000180000000     PhysXCommon_64:PhysXCommon_64.dll
 0000:ffff6000       .debug$S                   0000000180000000     PhysXCommon_64:PhysXCommon_64.dll
 0000:ffff6000       .debug$S                   0000000180000000     PhysXCommon_64:PhysXCommon_64.dll
 0000:ffff6000       .debug$S                   0000000180000000     PhysXCommon_64:PhysXCommon_64.dll
 0000:ffff6000       .debug$S                   0000000180000000     PhysXCommon_64:PhysXCommon_64.dll
 0000:ffff6000       .debug$S                   0000000180000000     PhysXCommon_64:PhysXCommon_64.dll
 0000:ffff6000       .debug$S                   0000000180000000     PhysXCommon_64:PhysXCommon_64.dll
 0000:ffff6000       .debug$S                   0000000180000000     PhysXCommon_64:PhysXCommon_64.dll
 0000:ffff6000       .debug$S                   0000000180000000     PhysXCommon_64:PhysXCommon_64.dll
 0000:ffff6000       .debug$S                   0000000180000000     PhysXCommon_64:PhysXCommon_64.dll
 0000:ffff6000       .debug$S                   0000000180000000     PhysXCommon_64:PhysXCommon_64.dll
 0000:ffff6000       .debug$S                   0000000180000000     PhysXCommon_64:PhysXCommon_64.dll
 0000:ffff6000       .debug$S                   0000000180000000     PhysXFoundation_64:PhysXFoundation_64.dll
 0000:ffff6000       .debug$S                   0000000180000000     PhysXFoundation_64:PhysXFoundation_64.dll
 0001:00000000       ??__EmaxFError@vecMathTests@aos@physx@@YAXXZ 0000000180001000 f   Cooking.obj
 0001:00000010       ??__EmaxV3Error@vecMathTests@aos@physx@@YAXXZ 0000000180001010 f   Cooking.obj
 0001:00000020       ??__EmaxV4Error@vecMathTests@aos@physx@@YAXXZ 0000000180001020 f   Cooking.obj
 0001:00000030       ??__EminFError@vecMathTests@aos@physx@@YAXXZ 0000000180001030 f   Cooking.obj
 0001:00000040       ??__EminV3Error@vecMathTests@aos@physx@@YAXXZ 0000000180001040 f   Cooking.obj
 0001:00000050       ??__EminV4Error@vecMathTests@aos@physx@@YAXXZ 0000000180001050 f   Cooking.obj
 0001:00000820       $LN24                      0000000180001820     WindowsCookingDelayLoadHook.obj
 0001:000011b4       ?dllmain_crt_dispatch@@YAHQEAUHINSTANCE__@@KQEAX@Z 00000001800021b4 f   MSVCRT:dll_dllmain.obj
 0001:00001204       ?dllmain_crt_process_attach@@YAHQEAUHINSTANCE__@@QEAX@Z 0000000180002204 f   MSVCRT:dll_dllmain.obj
 0001:0000131c       ?dllmain_crt_process_detach@@YAH_N@Z 000000018000231c f   MSVCRT:dll_dllmain.obj
 0001:0000139c       ?dllmain_dispatch@@YAHQEAUHINSTANCE__@@KQEAX@Z 000000018000239c f   MSVCRT:dll_dllmain.obj
 0001:00001d30       $$000000                   0000000180002d30     MSVCRT:guard_dispatch.obj
 0001:00001d50       $$000000                   0000000180002d50     MSVCRT:guard_xfg_dispatch.obj
 0001:00001d66       ?fin$0@?0??dllmain_crt_process_attach@@YAHQEAUHINSTANCE__@@QEAX@Z@4HA 0000000180002d66 f   MSVCRT:dll_dllmain.obj
 0001:00001d7d       ?fin$0@?0??dllmain_crt_process_detach@@YAH_N@Z@4HA 0000000180002d7d f   MSVCRT:dll_dllmain.obj
 0001:00001d96       ?fin$1@?0??dllmain_crt_process_detach@@YAH_N@Z@4HA 0000000180002d96 f   MSVCRT:dll_dllmain.obj
 0001:00001daa       ?filt$0@?0??dllmain_dispatch@@YAHQEAUHINSTANCE__@@KQEAX@Z@4HA 0000000180002daa f   MSVCRT:dll_dllmain.obj
 0001:00001de0       __scrt_is_nonwritable_in_current_image$filt$0 0000000180002de0 f   MSVCRT:utility.obj
 0002:00000198       ?minFError$initializer$@vecMathTests@aos@physx@@3P6AXXZEA 0000000180003198     Cooking.obj
 0002:000001a0       ?maxFError$initializer$@vecMathTests@aos@physx@@3P6AXXZEA 00000001800031a0     Cooking.obj
 0002:000001a8       ?minV3Error$initializer$@vecMathTests@aos@physx@@3P6AXXZEA 00000001800031a8     Cooking.obj
 0002:000001b0       ?maxV3Error$initializer$@vecMathTests@aos@physx@@3P6AXXZEA 00000001800031b0     Cooking.obj
 0002:000001b8       ?minV4Error$initializer$@vecMathTests@aos@physx@@3P6AXXZEA 00000001800031b8     Cooking.obj
 0002:000001c0       ?maxV4Error$initializer$@vecMathTests@aos@physx@@3P6AXXZEA 00000001800031c0     Cooking.obj
 0002:00000200       ?minus1w@?A0x7257b73d@aos@physx@@3QBMB 0000000180003200     Cooking.obj
 0002:00000210       ?gMaskXYZ@internalSimd@aos@physx@@3QBIB 0000000180003210     Cooking.obj
 0002:00000ac8       $unwind$??_EPxFoundation@physx@@MEAAPEAXI@Z 0000000180003ac8     Cooking.obj
 0002:00000ac8       $unwind$?DloadAcquireSectionWriteAccess@@YAXXZ 0000000180003ac8     Delayimp:delayhlp.obj
 0002:00000ac8       $unwind$??_Gtype_info@@UEAAPEAXI@Z 0000000180003ac8     MSVCRT:std_type_info_static.obj
 0002:00000ac8       $unwind$__scrt_initialize_onexit_tables 0000000180003ac8     MSVCRT:utility.obj
 0002:00000ac8       $unwind$__scrt_release_startup_lock 0000000180003ac8     MSVCRT:utility.obj
 0002:00000ac8       $unwind$__scrt_uninitialize_crt 0000000180003ac8     MSVCRT:utility.obj
 0002:00000ad0       $chain$0$??_EPxFoundation@physx@@MEAAPEAXI@Z 0000000180003ad0     Cooking.obj
 0002:00000ae4       $chain$1$??_EPxFoundation@physx@@MEAAPEAXI@Z 0000000180003ae4     Cooking.obj
 0002:00000af4       $unwind$??1AABBTreeBuildParams@Gu@physx@@QEAA@XZ 0000000180003af4     Cooking.obj
 0002:00000af4       $unwind$?reset@AABBTreeBuildParams@Gu@physx@@QEAAXXZ 0000000180003af4     Cooking.obj
 0002:00000af4       $unwind$_DllMainCRTStartup 0000000180003af4     MSVCRT:dll_dllmain.obj
 0002:00000b04       $unwind$?allocate@?$PxArray@USlab@NodeAllocator@Gu@physx@@V?$PxReflectionAllocator@USlab@NodeAllocator@Gu@physx@@@4@@physx@@IEAAPEAUSlab@NodeAllocator@Gu@2@IPEAI@Z 0000000180003b04     Cooking.obj
 0002:00000b10       $chain$0$?allocate@?$PxArray@USlab@NodeAllocator@Gu@physx@@V?$PxReflectionAllocator@USlab@NodeAllocator@Gu@physx@@@4@@physx@@IEAAPEAUSlab@NodeAllocator@Gu@2@IPEAI@Z 0000000180003b10     Cooking.obj
 0002:00000b24       $chain$1$?allocate@?$PxArray@USlab@NodeAllocator@Gu@physx@@V?$PxReflectionAllocator@USlab@NodeAllocator@Gu@physx@@@4@@physx@@IEAAPEAUSlab@NodeAllocator@Gu@2@IPEAI@Z 0000000180003b24     Cooking.obj
 0002:00000b34       $unwind$?recreate@?$PxArray@USlab@NodeAllocator@Gu@physx@@V?$PxReflectionAllocator@USlab@NodeAllocator@Gu@physx@@@4@@physx@@IEAA_NI@Z 0000000180003b34     Cooking.obj
 0002:00000b44       $chain$0$?recreate@?$PxArray@USlab@NodeAllocator@Gu@physx@@V?$PxReflectionAllocator@USlab@NodeAllocator@Gu@physx@@@4@@physx@@IEAA_NI@Z 0000000180003b44     Cooking.obj
 0002:00000b58       $chain$1$?recreate@?$PxArray@USlab@NodeAllocator@Gu@physx@@V?$PxReflectionAllocator@USlab@NodeAllocator@Gu@physx@@@4@@physx@@IEAA_NI@Z 0000000180003b58     Cooking.obj
 0002:00000b68       $unwind$??$copy@V?$PxReflectionAllocator@USlab@NodeAllocator@Gu@physx@@@physx@@@?$PxArray@USlab@NodeAllocator@Gu@physx@@V?$PxReflectionAllocator@USlab@NodeAllocator@Gu@physx@@@4@@physx@@IEAAXAEBV01@@Z 0000000180003b68     Cooking.obj
 0002:00000b68       $unwind$??0NodeAllocator@Gu@physx@@QEAA@AEBV012@@Z 0000000180003b68     Cooking.obj
 0002:00000b68       $unwind$?DloadGetSRWLockFunctionPointers@@YAEXZ 0000000180003b68     Delayimp:delayhlp.obj
 0002:00000b68       $unwind$_RTC_Initialize    0000000180003b68     MSVCRT:initsect.obj
 0002:00000b68       $unwind$_RTC_Terminate     0000000180003b68     MSVCRT:initsect.obj
 0002:00000b74       $unwind$??4NodeAllocator@Gu@physx@@QEAAAEAV012@AEBV012@@Z 0000000180003b74     Cooking.obj
 0002:00000b88       $unwind$?cookingDelayHook@@YAP6A_JXZIPEAUDelayLoadInfo@@@Z 0000000180003b88     WindowsCookingDelayLoadHook.obj
 0002:00000b88       $unwind$?DloadReleaseSectionWriteAccess@@YAXXZ 0000000180003b88     Delayimp:delayhlp.obj
 0002:00000b88       $unwind$__scrt_initialize_default_local_stdio_options 0000000180003b88     MSVCRT:default_local_stdio_options.obj
 0002:00000b88       $unwind$?dllmain_crt_dispatch@@YAHQEAUHINSTANCE__@@KQEAX@Z 0000000180003b88     MSVCRT:dll_dllmain.obj
 0002:00000b88       $unwind$DllMain            0000000180003b88     MSVCRT:dll_dllmain_stub.obj
 0002:00000b88       $unwind$__scrt_acquire_startup_lock 0000000180003b88     MSVCRT:utility.obj
 0002:00000b88       $unwind$__scrt_dllmain_after_initialize_c 0000000180003b88     MSVCRT:utility.obj
 0002:00000b88       $unwind$__scrt_dllmain_before_initialize_c 0000000180003b88     MSVCRT:utility.obj
 0002:00000b88       $unwind$__scrt_dllmain_crt_thread_attach 0000000180003b88     MSVCRT:utility.obj
 0002:00000b88       $unwind$__scrt_dllmain_crt_thread_detach 0000000180003b88     MSVCRT:utility.obj
 0002:00000b88       $unwind$__scrt_dllmain_uninitialize_c 0000000180003b88     MSVCRT:utility.obj
 0002:00000b88       $unwind$__scrt_dllmain_uninitialize_critical 0000000180003b88     MSVCRT:utility.obj
 0002:00000b88       $unwind$__scrt_initialize_crt 0000000180003b88     MSVCRT:utility.obj
 0002:00000b90       $chain$1$?cookingDelayHook@@YAP6A_JXZIPEAUDelayLoadInfo@@@Z 0000000180003b90     WindowsCookingDelayLoadHook.obj
 0002:00000ba8       $chain$3$?cookingDelayHook@@YAP6A_JXZIPEAUDelayLoadInfo@@@Z 0000000180003ba8     WindowsCookingDelayLoadHook.obj
 0002:00000ba8       $chain$5$?cookingDelayHook@@YAP6A_JXZIPEAUDelayLoadInfo@@@Z 0000000180003ba8     WindowsCookingDelayLoadHook.obj
 0002:00000bc0       $chain$6$?cookingDelayHook@@YAP6A_JXZIPEAUDelayLoadInfo@@@Z 0000000180003bc0     WindowsCookingDelayLoadHook.obj
 0002:00000bd0       xdata                      0000000180003bd0     PhysXCommon_64:PhysXCommon_64.dll
 0002:00000bd8       xdata                      0000000180003bd8     PhysXFoundation_64:PhysXFoundation_64.dll
 0002:00000be0       $unwind$?DloadObtainSection@@YAPEAXPEAK0@Z 0000000180003be0     Delayimp:delayhlp.obj
 0002:00000bf0       $unwind$?DloadMakePermanentImageCommit@@YAXPEAX_K@Z 0000000180003bf0     Delayimp:delayhlp.obj
 0002:00000bfc       $unwind$?DloadProtectSection@@YAXKPEAK@Z 0000000180003bfc     Delayimp:delayhlp.obj
 0002:00000c0c       $unwind$__delayLoadHelper2 0000000180003c0c     Delayimp:delayhlp.obj
 0002:00000c28       $unwind$?dllmain_crt_process_attach@@YAHQEAUHINSTANCE__@@QEAX@Z 0000000180003c28     MSVCRT:dll_dllmain.obj
 0002:00000c64       $unwind$?fin$0@?0??dllmain_crt_process_attach@@YAHQEAUHINSTANCE__@@QEAX@Z@4HA 0000000180003c64     MSVCRT:dll_dllmain.obj
 0002:00000c64       $unwind$?fin$0@?0??dllmain_crt_process_detach@@YAH_N@Z@4HA 0000000180003c64     MSVCRT:dll_dllmain.obj
 0002:00000c64       $unwind$?fin$1@?0??dllmain_crt_process_detach@@YAH_N@Z@4HA 0000000180003c64     MSVCRT:dll_dllmain.obj
 0002:00000c6c       $unwind$?dllmain_crt_process_detach@@YAH_N@Z 0000000180003c6c     MSVCRT:dll_dllmain.obj
 0002:00000cc0       $unwind$?dllmain_dispatch@@YAHQEAUHINSTANCE__@@KQEAX@Z 0000000180003cc0     MSVCRT:dll_dllmain.obj
 0002:00000ce8       $unwind$?filt$0@?0??dllmain_dispatch@@YAHQEAUHINSTANCE__@@KQEAX@Z@4HA 0000000180003ce8     MSVCRT:dll_dllmain.obj
 0002:00000cf0       $unwind$__security_init_cookie 0000000180003cf0     MSVCRT:gs_support.obj
 0002:00000cfc       $unwind$__scrt_is_nonwritable_in_current_image 0000000180003cfc     MSVCRT:utility.obj
 0002:00000d1c       $unwind$__scrt_is_nonwritable_in_current_image$filt$0 0000000180003d1c     MSVCRT:utility.obj
 0002:00000d24       $unwind$__scrt_dllmain_exception_filter 0000000180003d24     MSVCRT:utility.obj
 0002:00000d38       $unwind$__scrt_fastfail    0000000180003d38     MSVCRT:utility_desktop.obj
 0002:00000d48       $xdatasym                  0000000180003d48     MSVCRT:guard_dispatch.obj
 0002:00000d50       $xdatasym                  0000000180003d50     MSVCRT:guard_xfg_dispatch.obj
 0002:00000d54       $unwind$__isa_available_init 0000000180003d54     MSVCRT:cpu_disp.obj
 0002:00001280       .edata                     0000000180004280     PhysXCooking_64.exp
 0002:000012a8       rgpv                       00000001800042a8     PhysXCooking_64.exp
 0002:00001384       rgszName                   0000000180004384     PhysXCooking_64.exp
 0002:00001460       rgwOrd                     0000000180004460     PhysXCooking_64.exp
 0002:000014ce       szName                     00000001800044ce     PhysXCooking_64.exp
 0002:000014e2       $N00001                    00000001800044e2     PhysXCooking_64.exp
 0002:00001506       $N00002                    0000000180004506     PhysXCooking_64.exp
 0002:00001535       $N00003                    0000000180004535     PhysXCooking_64.exp
 0002:0000155c       $N00004                    000000018000455c     PhysXCooking_64.exp
 0002:000015b3       $N00005                    00000001800045b3     PhysXCooking_64.exp
 0002:000015de       $N00006                    00000001800045de     PhysXCooking_64.exp
 0002:00001604       $N00007                    0000000180004604     PhysXCooking_64.exp
 0002:00001623       $N00008                    0000000180004623     PhysXCooking_64.exp
 0002:00001647       $N00009                    0000000180004647     PhysXCooking_64.exp
 0002:0000166e       $N00010                    000000018000466e     PhysXCooking_64.exp
 0002:00001697       $N00011                    0000000180004697     PhysXCooking_64.exp
 0002:000016b6       $N00012                    00000001800046b6     PhysXCooking_64.exp
 0002:000016e9       $N00013                    00000001800046e9     PhysXCooking_64.exp
 0002:0000171f       $N00014                    000000018000471f     PhysXCooking_64.exp
 0002:00001757       $N00015                    0000000180004757     PhysXCooking_64.exp
 0002:00001789       $N00016                    0000000180004789     PhysXCooking_64.exp
 0002:000017b5       $N00017                    00000001800047b5     PhysXCooking_64.exp
 0002:000017d1       $N00018                    00000001800047d1     PhysXCooking_64.exp
 0002:000017fb       $N00019                    00000001800047fb     PhysXCooking_64.exp
 0002:00001837       $N00020                    0000000180004837     PhysXCooking_64.exp
 0002:00001872       $N00021                    0000000180004872     PhysXCooking_64.exp
 0002:000018ad       $N00022                    00000001800048ad     PhysXCooking_64.exp
 0002:000018e2       $N00023                    00000001800048e2     PhysXCooking_64.exp
 0002:0000191e       $N00024                    000000018000491e     PhysXCooking_64.exp
 0002:00001951       $N00025                    0000000180004951     PhysXCooking_64.exp
 0002:00001984       $N00026                    0000000180004984     PhysXCooking_64.exp
 0002:000019be       $N00027                    00000001800049be     PhysXCooking_64.exp
 0002:000019f8       $N00028                    00000001800049f8     PhysXCooking_64.exp
 0002:00001a25       $N00029                    0000000180004a25     PhysXCooking_64.exp
 0002:00001a58       $N00030                    0000000180004a58     PhysXCooking_64.exp
 0002:00001a86       $N00031                    0000000180004a86     PhysXCooking_64.exp
 0002:00001ab3       $N00032                    0000000180004ab3     PhysXCooking_64.exp
 0002:00001aef       $N00033                    0000000180004aef     PhysXCooking_64.exp
 0002:00001b2c       $N00034                    0000000180004b2c     PhysXCooking_64.exp
 0002:00001b5c       $N00035                    0000000180004b5c     PhysXCooking_64.exp
 0002:00001b7b       $N00036                    0000000180004b7b     PhysXCooking_64.exp
 0002:00001b92       $N00037                    0000000180004b92     PhysXCooking_64.exp
 0002:00001ba8       $N00038                    0000000180004ba8     PhysXCooking_64.exp
 0002:00001bbf       $N00039                    0000000180004bbf     PhysXCooking_64.exp
 0002:00001bd7       $N00040                    0000000180004bd7     PhysXCooking_64.exp
 0002:00001be1       $N00041                    0000000180004be1     PhysXCooking_64.exp
 0002:00001bf2       $N00042                    0000000180004bf2     PhysXCooking_64.exp
 0002:00001c0d       $N00043                    0000000180004c0d     PhysXCooking_64.exp
 0002:00001c1f       $N00044                    0000000180004c1f     PhysXCooking_64.exp
 0002:00001c35       $N00045                    0000000180004c35     PhysXCooking_64.exp
 0002:00001c48       $N00046                    0000000180004c48     PhysXCooking_64.exp
 0002:00001c54       $N00047                    0000000180004c54     PhysXCooking_64.exp
 0002:00001c67       $N00048                    0000000180004c67     PhysXCooking_64.exp
 0002:00001c84       $N00049                    0000000180004c84     PhysXCooking_64.exp
 0002:00001c98       $N00050                    0000000180004c98     PhysXCooking_64.exp
 0002:00001cb0       $N00051                    0000000180004cb0     PhysXCooking_64.exp
 0002:00001cc5       $N00052                    0000000180004cc5     PhysXCooking_64.exp
 0002:00001ce6       $N00053                    0000000180004ce6     PhysXCooking_64.exp
 0002:00001d05       $N00054                    0000000180004d05     PhysXCooking_64.exp
 0002:00001d1a       $N00055                    0000000180004d1a     PhysXCooking_64.exp
 0002:00001f00       .idata$6                   0000000180004f00     kernel32:KERNEL32.dll
 0002:00001f7e       .idata$6                   0000000180004f7e     vcruntime:VCRUNTIME140.dll
 0002:00002048       .idata$6                   0000000180005048     ucrt:api-ms-win-crt-heap-l1-1-0.dll
 0002:00002068       .idata$6                   0000000180005068     ucrt:api-ms-win-crt-runtime-l1-1-0.dll
 0003:000001d0       ?maxV3Error@vecMathTests@aos@physx@@3T__m128@@B 00000001800061d0     Cooking.obj
 0003:000001e0       ?minFError@vecMathTests@aos@physx@@3T__m128@@B 00000001800061e0     Cooking.obj
 0003:000001f0       ?maxV4Error@vecMathTests@aos@physx@@3T__m128@@B 00000001800061f0     Cooking.obj
 0003:00000200       ?minV4Error@vecMathTests@aos@physx@@3T__m128@@B 0000000180006200     Cooking.obj
 0003:00000210       ?minV3Error@vecMathTests@aos@physx@@3T__m128@@B 0000000180006210     Cooking.obj
 0003:00000220       ?maxFError@vecMathTests@aos@physx@@3T__m128@@B 0000000180006220     Cooking.obj
 0003:00000230       ?gCookingDelayLoadHook@@3PEBVPxDelayLoadHook@physx@@EB 0000000180006230     WindowsCookingDelayLoadHook.obj
 0003:00000290       ?__proc_attached@@3HA      0000000180006290     MSVCRT:dll_dllmain.obj
 0003:000002b8       ?is_initialized_as_dll@@3_NA 00000001800062b8     MSVCRT:utility.obj
 0003:000002b9       ?module_local_atexit_table_initialized@@3_NA 00000001800062b9     MSVCRT:utility.obj
 0003:000002c0       ?module_local_atexit_table@@3U_onexit_table_t@@A 00000001800062c0     MSVCRT:utility.obj
 0003:000002d8       ?module_local_at_quick_exit_table@@3U_onexit_table_t@@A 00000001800062d8     MSVCRT:utility.obj
 0005:000000a0       $R000000                   00000001800080a0     PhysXCooking.res
 0005:000003d0       $R000330                   00000001800083d0     PhysXCooking.res
