 PhysXCooking_64

 Timestamp is 6697fabd (Wed Jul 17 20:09:17 2024)

 Preferred load address is 0000000180000000

 Start         Length     Name                   Class
 0001:00000000 00000060H .text$di                CODE
 0001:00000060 00001e10H .text$mn                CODE
 0001:00001e70 00000036H .text$mn$00             CODE
 0001:00001ea6 00000092H .text$x                 CODE
 0002:00000000 00000158H .idata$5                DATA
 0002:00000158 00000038H .00cfg                  DATA
 0002:00000190 00000008H .CRT$XCA                DATA
 0002:00000198 00000030H .CRT$XCU                DATA
 0002:000001c8 00000008H .CRT$XCZ                DATA
 0002:000001d0 00000008H .CRT$XIA                DATA
 0002:000001d8 00000008H .CRT$XIZ                DATA
 0002:000001e0 00000008H .CRT$XPA                DATA
 0002:000001e8 00000008H .CRT$XPZ                DATA
 0002:000001f0 00000008H .CRT$XTA                DATA
 0002:000001f8 00000008H .CRT$XTZ                DATA
 0002:00000200 00000000H .gehcont$y              DATA
 0002:00000200 00000000H .gfids$y                DATA
 0002:00000200 00000400H .rdata                  DATA
 0002:00000600 00000000H .rdata$CastGuardVftablesA DATA
 0002:00000600 00000000H .rdata$CastGuardVftablesC DATA
 0002:00000600 00000074H .rdata$r                DATA
 0002:00000674 00000080H .rdata$voltmd           DATA
 0002:000006f4 000003acH .rdata$zzzdbg           DATA
 0002:00000aa0 00000008H .rtc$IAA                DATA
 0002:00000aa8 00000008H .rtc$IZZ                DATA
 0002:00000ab0 00000008H .rtc$TAA                DATA
 0002:00000ab8 00000008H .rtc$TZZ                DATA
 0002:00000ac0 000002ccH .xdata                  DATA
 0002:00000d8c 00000040H .didat$2                DATA
 0002:00000dcc 00000024H .didat$3                DATA
 0002:00000df0 000000d8H .didat$4                DATA
 0002:00000ec8 00000280H .didat$6                DATA
 0002:00001148 000001f8H .didat$7                DATA
 0002:00001340 00000b04H .edata                  DATA
 0002:00001e44 00000050H .idata$2                DATA
 0002:00001e94 00000014H .idata$3                DATA
 0002:00001ea8 00000158H .idata$4                DATA
 0002:00002000 00000372H .idata$6                DATA
 0003:00000000 000000b0H .data                   DATA
 0003:000000b0 00000090H .data$r                 DATA
 0003:00000140 00000020H .data$rs                DATA
 0003:00000160 000000e0H .didat$5                DATA
 0003:00000240 00000130H .bss                    DATA
 0004:00000000 00000300H .pdata                  DATA
 0005:00000000 000000a0H .rsrc$01                DATA
 0005:000000a0 000004b0H .rsrc$02                DATA

  Address         Publics by Value              Rva+Base               Lib:Object

 0000:00000000       __AbsoluteZero             0000000000000000     <absolute>
 0000:00000000       ___safe_se_handler_count   0000000000000000     <absolute>
 0000:00000000       ___safe_se_handler_table   0000000000000000     <absolute>
 0000:00000000       __arm64x_extra_rfe_table   0000000000000000     <absolute>
 0000:00000000       __arm64x_extra_rfe_table_size 0000000000000000     <absolute>
 0000:00000000       __arm64x_native_entrypoint 0000000000000000     <absolute>
 0000:00000000       __arm64x_redirection_metadata 0000000000000000     <absolute>
 0000:00000000       __arm64x_redirection_metadata_count 0000000000000000     <absolute>
 0000:00000000       __dynamic_value_reloc_table 0000000000000000     <absolute>
 0000:00000000       __enclave_config           0000000000000000     <absolute>
 0000:00000000       __guard_check_icall_a64n_fptr 0000000000000000     <absolute>
 0000:00000000       __guard_eh_cont_count      0000000000000000     <absolute>
 0000:00000000       __guard_eh_cont_table      0000000000000000     <absolute>
 0000:00000000       __guard_fids_count         0000000000000000     <absolute>
 0000:00000000       __guard_fids_table         0000000000000000     <absolute>
 0000:00000000       __guard_iat_count          0000000000000000     <absolute>
 0000:00000000       __guard_iat_table          0000000000000000     <absolute>
 0000:00000000       __guard_longjmp_count      0000000000000000     <absolute>
 0000:00000000       __guard_longjmp_table      0000000000000000     <absolute>
 0000:00000000       __hybrid_auxiliary_delayload_iat 0000000000000000     <absolute>
 0000:00000000       __hybrid_auxiliary_delayload_iat_copy 0000000000000000     <absolute>
 0000:00000000       __hybrid_auxiliary_iat     0000000000000000     <absolute>
 0000:00000000       __hybrid_auxiliary_iat_copy 0000000000000000     <absolute>
 0000:00000000       __hybrid_code_map          0000000000000000     <absolute>
 0000:00000000       __hybrid_code_map_count    0000000000000000     <absolute>
 0000:00000000       __hybrid_image_info_bitfield 0000000000000000     <absolute>
 0000:00000000       __x64_code_ranges_to_entry_points 0000000000000000     <absolute>
 0000:00000000       __x64_code_ranges_to_entry_points_count 0000000000000000     <absolute>
 0000:00000100       __guard_flags              0000000000000100     <absolute>
 0000:00000000       __ImageBase                0000000180000000     <linker-defined>
 0001:00000060       ??$copy@V?$PxReflectionAllocator@USlab@NodeAllocator@Gu@physx@@@physx@@@?$PxArray@USlab@NodeAllocator@Gu@physx@@V?$PxReflectionAllocator@USlab@NodeAllocator@Gu@physx@@@4@@physx@@IEAAXAEBV01@@Z 0000000180001060 f i Cooking.obj
 0001:000000e0       ??0AABBTreeBounds@Gu@physx@@QEAA@XZ 00000001800010e0 f i Cooking.obj
 0001:000000f0       ??0AABBTreeBuildNode@Gu@physx@@QEAA@AEBV012@@Z 00000001800010f0 f i Cooking.obj
 0001:000000f0       ??4AABBTreeBuildNode@Gu@physx@@QEAAAEAV012@AEBV012@@Z 00000001800010f0 f i Cooking.obj
 0001:00000130       ??0AABBTreeBuildNode@Gu@physx@@QEAA@XZ 0000000180001130 f i Cooking.obj
 0001:00000130       ??4PxFoundation@physx@@QEAAAEAV01@AEBV01@@Z 0000000180001130 f i Cooking.obj
 0001:00000130       ?getAABB@AABBTreeBuildNode@Gu@physx@@QEBAAEBVPxBounds3@3@XZ 0000000180001130 f i Cooking.obj
 0001:00000140       ??0AABBTreeBuildParams@Gu@physx@@QEAA@IIPEBVAABBTreeBounds@12@W4BVHBuildStrategy@12@@Z 0000000180001140 f i Cooking.obj
 0001:00000160       ??0NodeAllocator@Gu@physx@@QEAA@AEBV012@@Z 0000000180001160 f i Cooking.obj
 0001:000001a0       ??0PxFoundation@physx@@QEAA@AEBV01@@Z 00000001800011a0 f i Cooking.obj
 0001:000001a0       ??0PxFoundation@physx@@QEAA@XZ 00000001800011a0 f i Cooking.obj
 0001:000001b0       ??1AABBTreeBounds@Gu@physx@@QEAA@XZ 00000001800011b0 f i Cooking.obj
 0001:000001c0       ??1AABBTreeBuildNode@Gu@physx@@QEAA@XZ 00000001800011c0 f i Cooking.obj
 0001:000001c0       _guard_check_icall_nop     00000001800011c0 f i MSVCRT:guard_support.obj
 0001:000001d0       ??1AABBTreeBuildParams@Gu@physx@@QEAA@XZ 00000001800011d0 f i Cooking.obj
 0001:000001d0       ?reset@AABBTreeBuildParams@Gu@physx@@QEAAXXZ 00000001800011d0 f i Cooking.obj
 0001:00000220       ??1PxFoundation@physx@@MEAA@XZ 0000000180001220 f i Cooking.obj
 0001:00000230       ??4AABBTreeBounds@Gu@physx@@QEAAAEAV012@AEBV012@@Z 0000000180001230 f i Cooking.obj
 0001:00000240       ??4AABBTreeBuildParams@Gu@physx@@QEAAAEAV012@AEBV012@@Z 0000000180001240 f i Cooking.obj
 0001:00000260       ??4NodeAllocator@Gu@physx@@QEAAAEAV012@AEBV012@@Z 0000000180001260 f i Cooking.obj
 0001:00000310       ??_EPxFoundation@physx@@MEAAPEAXI@Z 0000000180001310 f i Cooking.obj
 0001:000003a0       ??_FAABBTreeBuildParams@Gu@physx@@QEAAXXZ 00000001800013a0 f i Cooking.obj
 0001:000003c0       ?allocate@?$PxArray@USlab@NodeAllocator@Gu@physx@@V?$PxReflectionAllocator@USlab@NodeAllocator@Gu@physx@@@4@@physx@@IEAAPEAUSlab@NodeAllocator@Gu@2@I@Z 00000001800013c0 f i Cooking.obj
 0001:00000470       ?getBounds@AABBTreeBounds@Gu@physx@@QEAAPEAVPxBounds3@3@XZ 0000000180001470 f i Cooking.obj
 0001:00000470       ?getBounds@AABBTreeBounds@Gu@physx@@QEBAPEBVPxBounds3@3@XZ 0000000180001470 f i Cooking.obj
 0001:00000480       ?getNbPrimitives@AABBTreeBuildNode@Gu@physx@@QEBAIXZ 0000000180001480 f i Cooking.obj
 0001:00000480       ?getNbRuntimePrimitives@AABBTreeBuildNode@Gu@physx@@QEBAIXZ 0000000180001480 f i Cooking.obj
 0001:00000490       ?getNeg@AABBTreeBuildNode@Gu@physx@@QEBAPEBV123@XZ 0000000180001490 f i Cooking.obj
 0001:000004b0       ?getPos@AABBTreeBuildNode@Gu@physx@@QEBAPEBV123@XZ 00000001800014b0 f i Cooking.obj
 0001:000004c0       ?getPrimitives@AABBTreeBuildNode@Gu@physx@@QEAAPEAIPEAI@Z 00000001800014c0 f i Cooking.obj
 0001:000004c0       ?getPrimitives@AABBTreeBuildNode@Gu@physx@@QEBAPEBIPEBI@Z 00000001800014c0 f i Cooking.obj
 0001:000004d0       ?isLeaf@AABBTreeBuildNode@Gu@physx@@QEBA_NXZ 00000001800014d0 f i Cooking.obj
 0001:000004e0       ?moveFrom@AABBTreeBounds@Gu@physx@@QEAAXAEAV123@@Z 00000001800014e0 f i Cooking.obj
 0001:000004f0       ?ownsMemory@AABBTreeBounds@Gu@physx@@QEBA_NXZ 00000001800014f0 f i Cooking.obj
 0001:00000500       ?recreate@?$PxArray@USlab@NodeAllocator@Gu@physx@@V?$PxReflectionAllocator@USlab@NodeAllocator@Gu@physx@@@4@@physx@@IEAAXI@Z 0000000180001500 f i Cooking.obj
 0001:000005b0       ?setBounds@AABBTreeBounds@Gu@physx@@QEAAXPEAVPxBounds3@3@@Z 00000001800015b0 f i Cooking.obj
 0001:000005c0       ?setNbRunTimePrimitives@AABBTreeBuildNode@Gu@physx@@QEAAXI@Z 00000001800015c0 f i Cooking.obj
 0001:000005d0       ?takeOwnership@AABBTreeBounds@Gu@physx@@QEAAXXZ 00000001800015d0 f i Cooking.obj
 0001:000005e0       PxAssembleSoftBodyMesh     00000001800015e0 f   Cooking.obj
 0001:000005f0       PxAssembleSoftBodyMesh_Sim 00000001800015f0 f   Cooking.obj
 0001:00000600       PxComputeCollisionData     0000000180001600 f   Cooking.obj
 0001:00000610       PxComputeHullPolygons      0000000180001610 f   Cooking.obj
 0001:00000620       PxComputeModelsMapping     0000000180001620 f   Cooking.obj
 0001:00000630       PxComputeSimulationData    0000000180001630 f   Cooking.obj
 0001:00000640       PxCookBVH                  0000000180001640 f   Cooking.obj
 0001:00000650       PxCookConvexMesh           0000000180001650 f   Cooking.obj
 0001:00000660       PxCookHeightField          0000000180001660 f   Cooking.obj
 0001:00000670       PxCookSoftBodyMesh         0000000180001670 f   Cooking.obj
 0001:00000680       PxCookTetrahedronMesh      0000000180001680 f   Cooking.obj
 0001:00000690       PxCookTriangleMesh         0000000180001690 f   Cooking.obj
 0001:000006a0       PxCreateBVH                00000001800016a0 f   Cooking.obj
 0001:000006b0       PxCreateBVHInternal        00000001800016b0 f   Cooking.obj
 0001:00000760       PxCreateConvexMesh         0000000180001760 f   Cooking.obj
 0001:00000770       PxCreateHeightField        0000000180001770 f   Cooking.obj
 0001:00000780       PxCreateSoftBodyMesh       0000000180001780 f   Cooking.obj
 0001:00000790       PxCreateTetrahedronMesh    0000000180001790 f   Cooking.obj
 0001:000007a0       PxCreateTriangleMesh       00000001800017a0 f   Cooking.obj
 0001:000007b0       PxCreateTriangleMeshInternal 00000001800017b0 f   Cooking.obj
 0001:00000850       PxGetStandaloneInsertionCallback 0000000180001850 f   Cooking.obj
 0001:00000860       PxValidateConvexMesh       0000000180001860 f   Cooking.obj
 0001:00000870       PxValidateTriangleMesh     0000000180001870 f   Cooking.obj
 0001:00000880       ?cookingDelayHook@@YAP6A_JXZIPEAUDelayLoadInfo@@@Z 0000000180001880 f   WindowsCookingDelayLoadHook.obj
 0001:00000960       PxSetPhysXCookingDelayLoadHook 0000000180001960 f   WindowsCookingDelayLoadHook.obj
 0001:00000968       getInsertionCallback       0000000180001968 f   PhysXCommon_64:PhysXCommon_64.dll
 0001:0000096e       __tailMerge_physxcommon_64_dll 000000018000196e     PhysXCommon_64:PhysXCommon_64.dll
 0001:000009e7       __imp_load_getInsertionCallback 00000001800019e7 f   PhysXCommon_64:PhysXCommon_64.dll
 0001:000009f3       cookBVH                    00000001800019f3 f   PhysXCommon_64:PhysXCommon_64.dll
 0001:000009f9       __imp_load_cookBVH         00000001800019f9 f   PhysXCommon_64:PhysXCommon_64.dll
 0001:00000a05       createBVH                  0000000180001a05 f   PhysXCommon_64:PhysXCommon_64.dll
 0001:00000a0b       __imp_load_createBVH       0000000180001a0b f   PhysXCommon_64:PhysXCommon_64.dll
 0001:00000a17       cookHeightField            0000000180001a17 f   PhysXCommon_64:PhysXCommon_64.dll
 0001:00000a1d       __imp_load_cookHeightField 0000000180001a1d f   PhysXCommon_64:PhysXCommon_64.dll
 0001:00000a29       createHeightField          0000000180001a29 f   PhysXCommon_64:PhysXCommon_64.dll
 0001:00000a2f       __imp_load_createHeightField 0000000180001a2f f   PhysXCommon_64:PhysXCommon_64.dll
 0001:00000a3b       cookConvexMesh             0000000180001a3b f   PhysXCommon_64:PhysXCommon_64.dll
 0001:00000a41       __imp_load_cookConvexMesh  0000000180001a41 f   PhysXCommon_64:PhysXCommon_64.dll
 0001:00000a4d       createConvexMesh           0000000180001a4d f   PhysXCommon_64:PhysXCommon_64.dll
 0001:00000a53       __imp_load_createConvexMesh 0000000180001a53 f   PhysXCommon_64:PhysXCommon_64.dll
 0001:00000a5f       validateConvexMesh         0000000180001a5f f   PhysXCommon_64:PhysXCommon_64.dll
 0001:00000a65       __imp_load_validateConvexMesh 0000000180001a65 f   PhysXCommon_64:PhysXCommon_64.dll
 0001:00000a71       computeHullPolygons        0000000180001a71 f   PhysXCommon_64:PhysXCommon_64.dll
 0001:00000a77       __imp_load_computeHullPolygons 0000000180001a77 f   PhysXCommon_64:PhysXCommon_64.dll
 0001:00000a83       validateTriangleMesh       0000000180001a83 f   PhysXCommon_64:PhysXCommon_64.dll
 0001:00000a89       __imp_load_validateTriangleMesh 0000000180001a89 f   PhysXCommon_64:PhysXCommon_64.dll
 0001:00000a95       createTriangleMesh         0000000180001a95 f   PhysXCommon_64:PhysXCommon_64.dll
 0001:00000a9b       __imp_load_createTriangleMesh 0000000180001a9b f   PhysXCommon_64:PhysXCommon_64.dll
 0001:00000aa7       cookTriangleMesh           0000000180001aa7 f   PhysXCommon_64:PhysXCommon_64.dll
 0001:00000aad       __imp_load_cookTriangleMesh 0000000180001aad f   PhysXCommon_64:PhysXCommon_64.dll
 0001:00000ab9       cookTetrahedronMesh        0000000180001ab9 f   PhysXCommon_64:PhysXCommon_64.dll
 0001:00000abf       __imp_load_cookTetrahedronMesh 0000000180001abf f   PhysXCommon_64:PhysXCommon_64.dll
 0001:00000acb       createTetrahedronMesh      0000000180001acb f   PhysXCommon_64:PhysXCommon_64.dll
 0001:00000ad1       __imp_load_createTetrahedronMesh 0000000180001ad1 f   PhysXCommon_64:PhysXCommon_64.dll
 0001:00000add       cookSoftBodyMesh           0000000180001add f   PhysXCommon_64:PhysXCommon_64.dll
 0001:00000ae3       __imp_load_cookSoftBodyMesh 0000000180001ae3 f   PhysXCommon_64:PhysXCommon_64.dll
 0001:00000aef       createSoftBodyMesh         0000000180001aef f   PhysXCommon_64:PhysXCommon_64.dll
 0001:00000af5       __imp_load_createSoftBodyMesh 0000000180001af5 f   PhysXCommon_64:PhysXCommon_64.dll
 0001:00000b01       computeModelsMapping       0000000180001b01 f   PhysXCommon_64:PhysXCommon_64.dll
 0001:00000b07       __imp_load_computeModelsMapping 0000000180001b07 f   PhysXCommon_64:PhysXCommon_64.dll
 0001:00000b13       computeCollisionData       0000000180001b13 f   PhysXCommon_64:PhysXCommon_64.dll
 0001:00000b19       __imp_load_computeCollisionData 0000000180001b19 f   PhysXCommon_64:PhysXCommon_64.dll
 0001:00000b25       computeSimulationData      0000000180001b25 f   PhysXCommon_64:PhysXCommon_64.dll
 0001:00000b2b       __imp_load_computeSimulationData 0000000180001b2b f   PhysXCommon_64:PhysXCommon_64.dll
 0001:00000b37       assembleSoftBodyMesh       0000000180001b37 f   PhysXCommon_64:PhysXCommon_64.dll
 0001:00000b3d       __imp_load_assembleSoftBodyMesh 0000000180001b3d f   PhysXCommon_64:PhysXCommon_64.dll
 0001:00000b49       assembleSoftBodyMesh_Sim   0000000180001b49 f   PhysXCommon_64:PhysXCommon_64.dll
 0001:00000b4f       __imp_load_assembleSoftBodyMesh_Sim 0000000180001b4f f   PhysXCommon_64:PhysXCommon_64.dll
 0001:00000b5b       ?release@AABBTreeBounds@Gu@physx@@QEAAXXZ 0000000180001b5b f   PhysXCommon_64:PhysXCommon_64.dll
 0001:00000b61       __imp_load_?release@AABBTreeBounds@Gu@physx@@QEAAXXZ 0000000180001b61 f   PhysXCommon_64:PhysXCommon_64.dll
 0001:00000b6d       ??0BVH@Gu@physx@@QEAA@AEBUPxBVHInternalData@2@@Z 0000000180001b6d f   PhysXCommon_64:PhysXCommon_64.dll
 0001:00000b73       __imp_load_??0BVH@Gu@physx@@QEAA@AEBUPxBVHInternalData@2@@Z 0000000180001b73 f   PhysXCommon_64:PhysXCommon_64.dll
 0001:00000b7f       ??0BV4TriangleMesh@Gu@physx@@QEAA@AEBUPxTriangleMeshInternalData@2@@Z 0000000180001b7f f   PhysXCommon_64:PhysXCommon_64.dll
 0001:00000b85       __imp_load_??0BV4TriangleMesh@Gu@physx@@QEAA@AEBUPxTriangleMeshInternalData@2@@Z 0000000180001b85 f   PhysXCommon_64:PhysXCommon_64.dll
 0001:00000b91       PxGetBroadcastAllocator    0000000180001b91 f   PhysXFoundation_64:PhysXFoundation_64.dll
 0001:00000b97       __tailMerge_physxfoundation_64_dll 0000000180001b97     PhysXFoundation_64:PhysXFoundation_64.dll
 0001:00000c10       __imp_load_PxGetBroadcastAllocator 0000000180001c10 f   PhysXFoundation_64:PhysXFoundation_64.dll
 0001:00000c1c       ?DloadAcquireSectionWriteAccess@@YAXXZ 0000000180001c1c f i Delayimp:delayhlp.obj
 0001:00000cc8       ?DloadGetSRWLockFunctionPointers@@YAEXZ 0000000180001cc8 f i Delayimp:delayhlp.obj
 0001:00000d68       ?DloadMakePermanentImageCommit@@YAXPEAX_K@Z 0000000180001d68 f i Delayimp:delayhlp.obj
 0001:00000e00       ?DloadObtainSection@@YAPEAXPEAK0@Z 0000000180001e00 f i Delayimp:delayhlp.obj
 0001:00000e9c       ?DloadProtectSection@@YAXKPEAK@Z 0000000180001e9c f i Delayimp:delayhlp.obj
 0001:00000f2c       ?DloadReleaseSectionWriteAccess@@YAXXZ 0000000180001f2c f i Delayimp:delayhlp.obj
 0001:00000fc0       __delayLoadHelper2         0000000180001fc0 f   Delayimp:delayhlp.obj
 0001:00001298       ??3@YAXPEAX@Z              0000000180002298 f   MSVCRT:delete_scalar.obj
 0001:000012a0       ??3@YAXPEAX_K@Z            00000001800022a0 f   MSVCRT:delete_scalar_size.obj
 0001:000012a0       ??_V@YAXPEAX@Z             00000001800022a0 f   MSVCRT:delete_array.obj
 0001:000012a8       ??_V@YAXPEAX_K@Z           00000001800022a8 f   MSVCRT:delete_array_size.obj
 0001:000012b0       ??_Etype_info@@UEAAPEAXI@Z 00000001800022b0 f i MSVCRT:std_type_info_static.obj
 0001:000012b0       ??_Gtype_info@@UEAAPEAXI@Z 00000001800022b0 f i MSVCRT:std_type_info_static.obj
 0001:000012dc       ?__scrt_initialize_type_info@@YAXXZ 00000001800022dc f   MSVCRT:tncleanup.obj
 0001:000012ec       ?__scrt_uninitialize_type_info@@YAXXZ 00000001800022ec f   MSVCRT:tncleanup.obj
 0001:00001614       _DllMainCRTStartup         0000000180002614 f   MSVCRT:dll_dllmain.obj
 0001:00001654       __security_init_cookie     0000000180002654 f   MSVCRT:gs_support.obj
 0001:00001700       DllMain                    0000000180002700 f   MSVCRT:dll_dllmain_stub.obj
 0001:00001724       __local_stdio_printf_options 0000000180002724 f i MSVCRT:default_local_stdio_options.obj
 0001:0000172c       __local_stdio_scanf_options 000000018000272c f i MSVCRT:default_local_stdio_options.obj
 0001:00001734       __scrt_initialize_default_local_stdio_options 0000000180002734 f   MSVCRT:default_local_stdio_options.obj
 0001:00001750       __scrt_acquire_startup_lock 0000000180002750 f   MSVCRT:utility.obj
 0001:0000178c       __scrt_dllmain_after_initialize_c 000000018000278c f   MSVCRT:utility.obj
 0001:000017c0       __scrt_dllmain_before_initialize_c 00000001800027c0 f   MSVCRT:utility.obj
 0001:000017d8       __scrt_dllmain_crt_thread_attach 00000001800027d8 f   MSVCRT:utility.obj
 0001:00001800       __scrt_dllmain_crt_thread_detach 0000000180002800 f   MSVCRT:utility.obj
 0001:00001818       __scrt_dllmain_exception_filter 0000000180002818 f   MSVCRT:utility.obj
 0001:00001878       __scrt_dllmain_uninitialize_c 0000000180002878 f   MSVCRT:utility.obj
 0001:000018a8       __scrt_dllmain_uninitialize_critical 00000001800028a8 f   MSVCRT:utility.obj
 0001:000018bc       __scrt_initialize_crt      00000001800028bc f   MSVCRT:utility.obj
 0001:000018f8       __scrt_initialize_onexit_tables 00000001800028f8 f   MSVCRT:utility.obj
 0001:00001984       __scrt_is_nonwritable_in_current_image 0000000180002984 f   MSVCRT:utility.obj
 0001:00001a1c       __scrt_release_startup_lock 0000000180002a1c f   MSVCRT:utility.obj
 0001:00001a40       __scrt_uninitialize_crt    0000000180002a40 f   MSVCRT:utility.obj
 0001:00001a6c       __scrt_get_dyn_tls_init_callback 0000000180002a6c f   MSVCRT:dyn_tls_init.obj
 0001:00001a74       __crt_debugger_hook        0000000180002a74 f   MSVCRT:utility_desktop.obj
 0001:00001a7c       __scrt_fastfail            0000000180002a7c f   MSVCRT:utility_desktop.obj
 0001:00001bc4       _RTC_Initialize            0000000180002bc4 f   MSVCRT:initsect.obj
 0001:00001c00       _RTC_Terminate             0000000180002c00 f   MSVCRT:initsect.obj
 0001:00001c40       __isa_available_init       0000000180002c40 f   MSVCRT:cpu_disp.obj
 0001:00001dec       _get_startup_argv_mode     0000000180002dec f   MSVCRT:argv_mode.obj
 0001:00001df4       __scrt_is_ucrt_dll_in_use  0000000180002df4 f   MSVCRT:ucrt_detection.obj
 0001:00001e00       _purecall                  0000000180002e00 f   vcruntime:VCRUNTIME140.dll
 0001:00001e06       __std_type_info_name       0000000180002e06 f   vcruntime:VCRUNTIME140.dll
 0001:00001e0c       memset                     0000000180002e0c f   vcruntime:VCRUNTIME140.dll
 0001:00001e12       strstr                     0000000180002e12 f   vcruntime:VCRUNTIME140.dll
 0001:00001e18       __std_type_info_destroy_list 0000000180002e18 f   vcruntime:VCRUNTIME140.dll
 0001:00001e1e       __C_specific_handler       0000000180002e1e f   vcruntime:VCRUNTIME140.dll
 0001:00001e24       memcpy                     0000000180002e24 f   vcruntime:VCRUNTIME140.dll
 0001:00001e2a       free                       0000000180002e2a f   ucrt:api-ms-win-crt-heap-l1-1-0.dll
 0001:00001e30       _initterm                  0000000180002e30 f   ucrt:api-ms-win-crt-runtime-l1-1-0.dll
 0001:00001e36       _initterm_e                0000000180002e36 f   ucrt:api-ms-win-crt-runtime-l1-1-0.dll
 0001:00001e3c       _seh_filter_dll            0000000180002e3c f   ucrt:api-ms-win-crt-runtime-l1-1-0.dll
 0001:00001e42       _configure_narrow_argv     0000000180002e42 f   ucrt:api-ms-win-crt-runtime-l1-1-0.dll
 0001:00001e48       _initialize_narrow_environment 0000000180002e48 f   ucrt:api-ms-win-crt-runtime-l1-1-0.dll
 0001:00001e4e       _initialize_onexit_table   0000000180002e4e f   ucrt:api-ms-win-crt-runtime-l1-1-0.dll
 0001:00001e54       _execute_onexit_table      0000000180002e54 f   ucrt:api-ms-win-crt-runtime-l1-1-0.dll
 0001:00001e5a       _cexit                     0000000180002e5a f   ucrt:api-ms-win-crt-runtime-l1-1-0.dll
 0001:00001e60       __acrt_initialize          0000000180002e60 f   MSVCRT:ucrt_stubs.obj
 0001:00001e60       __acrt_thread_attach       0000000180002e60 f   MSVCRT:ucrt_stubs.obj
 0001:00001e60       __acrt_thread_detach       0000000180002e60 f   MSVCRT:ucrt_stubs.obj
 0001:00001e60       __acrt_uninitialize        0000000180002e60 f   MSVCRT:ucrt_stubs.obj
 0001:00001e60       __acrt_uninitialize_critical 0000000180002e60 f   MSVCRT:ucrt_stubs.obj
 0001:00001e60       __scrt_stub_for_acrt_initialize 0000000180002e60 f   MSVCRT:ucrt_stubs.obj
 0001:00001e60       __scrt_stub_for_acrt_thread_attach 0000000180002e60 f   MSVCRT:ucrt_stubs.obj
 0001:00001e60       __scrt_stub_for_acrt_thread_detach 0000000180002e60 f   MSVCRT:ucrt_stubs.obj
 0001:00001e60       __scrt_stub_for_acrt_uninitialize 0000000180002e60 f   MSVCRT:ucrt_stubs.obj
 0001:00001e60       __scrt_stub_for_acrt_uninitialize_critical 0000000180002e60 f   MSVCRT:ucrt_stubs.obj
 0001:00001e60       __vcrt_initialize          0000000180002e60 f   MSVCRT:ucrt_stubs.obj
 0001:00001e60       __vcrt_thread_attach       0000000180002e60 f   MSVCRT:ucrt_stubs.obj
 0001:00001e60       __vcrt_thread_detach       0000000180002e60 f   MSVCRT:ucrt_stubs.obj
 0001:00001e60       __vcrt_uninitialize        0000000180002e60 f   MSVCRT:ucrt_stubs.obj
 0001:00001e60       __vcrt_uninitialize_critical 0000000180002e60 f   MSVCRT:ucrt_stubs.obj
 0001:00001e64       __scrt_stub_for_is_c_termination_complete 0000000180002e64 f   MSVCRT:ucrt_stubs.obj
 0001:00001e64       _is_c_termination_complete 0000000180002e64 f   MSVCRT:ucrt_stubs.obj
 0001:00001e80       _guard_dispatch_icall_nop  0000000180002e80 f   MSVCRT:guard_dispatch.obj
 0001:00001ea0       _guard_xfg_dispatch_icall_nop 0000000180002ea0 f   MSVCRT:guard_xfg_dispatch.obj
 0002:00000000       __imp_LoadLibraryA         0000000180003000     kernel32:KERNEL32.dll
 0002:00000008       __imp_SetUnhandledExceptionFilter 0000000180003008     kernel32:KERNEL32.dll
 0002:00000010       __imp_UnhandledExceptionFilter 0000000180003010     kernel32:KERNEL32.dll
 0002:00000018       __imp_IsDebuggerPresent    0000000180003018     kernel32:KERNEL32.dll
 0002:00000020       __imp_RtlVirtualUnwind     0000000180003020     kernel32:KERNEL32.dll
 0002:00000028       __imp_RtlLookupFunctionEntry 0000000180003028     kernel32:KERNEL32.dll
 0002:00000030       __imp_RtlCaptureContext    0000000180003030     kernel32:KERNEL32.dll
 0002:00000038       __imp_DisableThreadLibraryCalls 0000000180003038     kernel32:KERNEL32.dll
 0002:00000040       __imp_GetSystemTimeAsFileTime 0000000180003040     kernel32:KERNEL32.dll
 0002:00000048       __imp_GetCurrentThreadId   0000000180003048     kernel32:KERNEL32.dll
 0002:00000050       __imp_GetCurrentProcessId  0000000180003050     kernel32:KERNEL32.dll
 0002:00000058       __imp_QueryPerformanceCounter 0000000180003058     kernel32:KERNEL32.dll
 0002:00000060       __imp_InitializeSListHead  0000000180003060     kernel32:KERNEL32.dll
 0002:00000068       __imp_LoadLibraryExA       0000000180003068     kernel32:KERNEL32.dll
 0002:00000070       __imp_GetProcAddress       0000000180003070     kernel32:KERNEL32.dll
 0002:00000078       __imp_GetModuleHandleW     0000000180003078     kernel32:KERNEL32.dll
 0002:00000080       __imp_FreeLibrary          0000000180003080     kernel32:KERNEL32.dll
 0002:00000088       __imp_VirtualQuery         0000000180003088     kernel32:KERNEL32.dll
 0002:00000090       __imp_VirtualProtect       0000000180003090     kernel32:KERNEL32.dll
 0002:00000098       __imp_GetSystemInfo        0000000180003098     kernel32:KERNEL32.dll
 0002:000000a0       __imp_GetLastError         00000001800030a0     kernel32:KERNEL32.dll
 0002:000000a8       __imp_RaiseException       00000001800030a8     kernel32:KERNEL32.dll
 0002:000000b0       __imp_IsProcessorFeaturePresent 00000001800030b0     kernel32:KERNEL32.dll
 0002:000000b8       \177KERNEL32_NULL_THUNK_DATA 00000001800030b8     kernel32:KERNEL32.dll
 0002:000000c0       __imp___std_type_info_destroy_list 00000001800030c0     vcruntime:VCRUNTIME140.dll
 0002:000000c8       __imp__purecall            00000001800030c8     vcruntime:VCRUNTIME140.dll
 0002:000000d0       __imp___std_type_info_name 00000001800030d0     vcruntime:VCRUNTIME140.dll
 0002:000000d8       __imp_memset               00000001800030d8     vcruntime:VCRUNTIME140.dll
 0002:000000e0       __imp_strstr               00000001800030e0     vcruntime:VCRUNTIME140.dll
 0002:000000e8       __imp___C_specific_handler 00000001800030e8     vcruntime:VCRUNTIME140.dll
 0002:000000f0       __imp_memcpy               00000001800030f0     vcruntime:VCRUNTIME140.dll
 0002:000000f8       \177VCRUNTIME140_NULL_THUNK_DATA 00000001800030f8     vcruntime:VCRUNTIME140.dll
 0002:00000100       __imp_free                 0000000180003100     ucrt:api-ms-win-crt-heap-l1-1-0.dll
 0002:00000108       \177api-ms-win-crt-heap-l1-1-0_NULL_THUNK_DATA 0000000180003108     ucrt:api-ms-win-crt-heap-l1-1-0.dll
 0002:00000110       __imp__initterm            0000000180003110     ucrt:api-ms-win-crt-runtime-l1-1-0.dll
 0002:00000118       __imp__initterm_e          0000000180003118     ucrt:api-ms-win-crt-runtime-l1-1-0.dll
 0002:00000120       __imp__seh_filter_dll      0000000180003120     ucrt:api-ms-win-crt-runtime-l1-1-0.dll
 0002:00000128       __imp__configure_narrow_argv 0000000180003128     ucrt:api-ms-win-crt-runtime-l1-1-0.dll
 0002:00000130       __imp__initialize_narrow_environment 0000000180003130     ucrt:api-ms-win-crt-runtime-l1-1-0.dll
 0002:00000138       __imp__initialize_onexit_table 0000000180003138     ucrt:api-ms-win-crt-runtime-l1-1-0.dll
 0002:00000140       __imp__execute_onexit_table 0000000180003140     ucrt:api-ms-win-crt-runtime-l1-1-0.dll
 0002:00000148       __imp__cexit               0000000180003148     ucrt:api-ms-win-crt-runtime-l1-1-0.dll
 0002:00000150       \177api-ms-win-crt-runtime-l1-1-0_NULL_THUNK_DATA 0000000180003150     ucrt:api-ms-win-crt-runtime-l1-1-0.dll
 0002:00000158       __guard_check_icall_fptr   0000000180003158     MSVCRT:guard_support.obj
 0002:00000160       __guard_xfg_check_icall_fptr 0000000180003160     MSVCRT:guard_support.obj
 0002:00000168       __guard_dispatch_icall_fptr 0000000180003168     MSVCRT:guard_support.obj
 0002:00000170       __guard_xfg_dispatch_icall_fptr 0000000180003170     MSVCRT:guard_support.obj
 0002:00000178       __guard_xfg_table_dispatch_icall_fptr 0000000180003178     MSVCRT:guard_support.obj
 0002:00000180       __castguard_check_failure_os_handled_fptr 0000000180003180     MSVCRT:guard_support.obj
 0002:00000188       __guard_memcpy_fptr        0000000180003188     vcruntime:softmemtag.obj
 0002:00000190       __xc_a                     0000000180003190     MSVCRT:initializers.obj
 0002:000001c8       __xc_z                     00000001800031c8     MSVCRT:initializers.obj
 0002:000001d0       __xi_a                     00000001800031d0     MSVCRT:initializers.obj
 0002:000001d8       __xi_z                     00000001800031d8     MSVCRT:initializers.obj
 0002:000001e0       __xp_a                     00000001800031e0     MSVCRT:initializers.obj
 0002:000001e8       __xp_z                     00000001800031e8     MSVCRT:initializers.obj
 0002:000001f0       __xt_a                     00000001800031f0     MSVCRT:initializers.obj
 0002:000001f8       __xt_z                     00000001800031f8     MSVCRT:initializers.obj
 0002:00000220       ??_7PxFoundation@physx@@6B@ 0000000180003220     Cooking.obj
 0002:00000290       ??_C@_0DO@GGHEFDFM@E?3?2PhysX?2PhysX?9main?2physx?2sourc@ 0000000180003290     Cooking.obj
 0002:000002d0       ??_C@_0BM@OIFKLHDN@?$DMallocation?5names?5disabled?$DO@ 00000001800032d0     Cooking.obj
 0002:000002f0       ??_C@_0DH@NNLBLDHE@E?3?2PhysX?2PhysX?9main?2physx?2inclu@ 00000001800032f0     Cooking.obj
 0002:00000330       __xmm@000000003a83126f3a83126f3a83126f 0000000180003330     Cooking.obj
 0002:00000340       __xmm@00000000ba83126fba83126fba83126f 0000000180003340     Cooking.obj
 0002:00000350       __xmm@3a83126f3a83126f3a83126f3a83126f 0000000180003350     Cooking.obj
 0002:00000360       __xmm@ba83126fba83126fba83126fba83126f 0000000180003360     Cooking.obj
 0002:00000370       __xmm@cdcdcdcdcdcdcdcdcdcdcdcdcdcdcdcd 0000000180003370     Cooking.obj
 0002:00000380       ??_C@_0BA@EGLNOO@PhysXFoundation@ 0000000180003380     WindowsCookingDelayLoadHook.obj
 0002:00000390       ??_C@_0M@ILKNCJKN@PhysXCommon@ 0000000180003390     WindowsCookingDelayLoadHook.obj
 0002:000003a0       __sz_PhysXCommon_64_dll    00000001800033a0     PhysXCommon_64:PhysXCommon_64.dll
 0002:000003c0       __sz_PhysXFoundation_64_dll 00000001800033c0     PhysXFoundation_64:PhysXFoundation_64.dll
 0002:000003d8       ??_C@_1BK@DBDEIDLH@?$AAK?$AAE?$AAR?$AAN?$AAE?$AAL?$AA3?$AA2?$AA?4?$AAD?$AAL?$AAL@ 00000001800033d8     Delayimp:delayhlp.obj
 0002:000003f8       ??_C@_0BI@OMNLIJDB@AcquireSRWLockExclusive@ 00000001800033f8     Delayimp:delayhlp.obj
 0002:00000410       ??_C@_0BI@HMIEPCNJ@ReleaseSRWLockExclusive@ 0000000180003410     Delayimp:delayhlp.obj
 0002:00000428       __pfnDliFailureHook2       0000000180003428     Delayimp:delayhk1.obj
 0002:00000438       ??_7type_info@@6B@         0000000180003438     MSVCRT:std_type_info_static.obj
 0002:00000440       _pDefaultRawDllMain        0000000180003440     MSVCRT:dll_dllmain.obj
 0002:00000440       _pRawDllMain               0000000180003440     MSVCRT:dll_dllmain.obj
 0002:00000450       _load_config_used          0000000180003450     MSVCRT:loadcfg.obj
 0002:00000590       __xmm@ffffffffffffffffffffffffffffffff 0000000180003590     MSVCRT:utility.obj
 0002:00000600       ??_R4type_info@@6B@        0000000180003600     MSVCRT:std_type_info_static.obj
 0002:00000628       ??_R3type_info@@8          0000000180003628     MSVCRT:std_type_info_static.obj
 0002:00000640       ??_R2type_info@@8          0000000180003640     MSVCRT:std_type_info_static.obj
 0002:00000650       ??_R1A@?0A@EA@type_info@@8 0000000180003650     MSVCRT:std_type_info_static.obj
 0002:00000674       __volatile_metadata        0000000180003674     <linker-defined>
 0002:00000aa0       __rtc_iaa                  0000000180003aa0     MSVCRT:initsect.obj
 0002:00000aa8       __rtc_izz                  0000000180003aa8     MSVCRT:initsect.obj
 0002:00000ab0       __rtc_taa                  0000000180003ab0     MSVCRT:initsect.obj
 0002:00000ab8       __rtc_tzz                  0000000180003ab8     MSVCRT:initsect.obj
 0002:00000d8c       __DELAY_IMPORT_DESCRIPTOR_physxcommon_64_dll 0000000180003d8c     PhysXCommon_64:PhysXCommon_64.dll
 0002:00000dac       __DELAY_IMPORT_DESCRIPTOR_physxfoundation_64_dll 0000000180003dac     PhysXFoundation_64:PhysXFoundation_64.dll
 0002:00000dcc       __NULL_DELAY_IMPORT_DESCRIPTOR 0000000180003dcc     PhysXCommon_64:PhysXCommon_64.dll
 0002:00000eb0       \177PhysXCommon_64_NULL_THUNK_DATA_DLN 0000000180003eb0     PhysXCommon_64:PhysXCommon_64.dll
 0002:00000ec0       \177PhysXFoundation_64_NULL_THUNK_DATA_DLN 0000000180003ec0     PhysXFoundation_64:PhysXFoundation_64.dll
 0002:00001150       \177PhysXCommon_64_NULL_THUNK_DATA_DLB 0000000180004150     PhysXCommon_64:PhysXCommon_64.dll
 0002:00001218       \177PhysXFoundation_64_NULL_THUNK_DATA_DLB 0000000180004218     PhysXFoundation_64:PhysXFoundation_64.dll
 0002:00001e44       __IMPORT_DESCRIPTOR_KERNEL32 0000000180004e44     kernel32:KERNEL32.dll
 0002:00001e58       __IMPORT_DESCRIPTOR_VCRUNTIME140 0000000180004e58     vcruntime:VCRUNTIME140.dll
 0002:00001e6c       __IMPORT_DESCRIPTOR_api-ms-win-crt-heap-l1-1-0 0000000180004e6c     ucrt:api-ms-win-crt-heap-l1-1-0.dll
 0002:00001e80       __IMPORT_DESCRIPTOR_api-ms-win-crt-runtime-l1-1-0 0000000180004e80     ucrt:api-ms-win-crt-runtime-l1-1-0.dll
 0002:00001e94       __NULL_IMPORT_DESCRIPTOR   0000000180004e94     kernel32:KERNEL32.dll
 0003:00000000       __pfnDliNotifyHook2        0000000180006000     WindowsCookingDelayLoadHook.obj
 0003:00000008       _fltused                   0000000180006008     MSVCRT:fltused.obj
 0003:0000000c       __scrt_native_dllmain_reason 000000018000600c     MSVCRT:utility.obj
 0003:00000040       __security_cookie          0000000180006040     MSVCRT:gs_cookie.obj
 0003:00000080       __security_cookie_complement 0000000180006080     MSVCRT:gs_cookie.obj
 0003:00000090       __isa_available            0000000180006090     MSVCRT:cpu_disp.obj
 0003:00000094       __isa_enabled              0000000180006094     MSVCRT:cpu_disp.obj
 0003:00000098       __memset_fast_string_threshold 0000000180006098     MSVCRT:cpu_disp.obj
 0003:000000a0       __memset_nt_threshold      00000001800060a0     MSVCRT:cpu_disp.obj
 0003:000000a8       __scrt_ucrt_dll_is_in_use  00000001800060a8     MSVCRT:ucrt_stubs.obj
 0003:000000b0       ??_R0?AVBVH@Gu@physx@@@8   00000001800060b0     Cooking.obj
 0003:000000d8       ??_R0?AVBV4TriangleMesh@Gu@physx@@@8 00000001800060d8     Cooking.obj
 0003:00000108       ??_R0?AUSlab@NodeAllocator@Gu@physx@@@8 0000000180006108     Cooking.obj
 0003:00000140       ??_R0?AVtype_info@@@8      0000000180006140     MSVCRT:std_type_info_static.obj
 0003:00000160       __imp_getInsertionCallback 0000000180006160     PhysXCommon_64:PhysXCommon_64.dll
 0003:00000168       __imp_??0BV4TriangleMesh@Gu@physx@@QEAA@AEBUPxTriangleMeshInternalData@2@@Z 0000000180006168     PhysXCommon_64:PhysXCommon_64.dll
 0003:00000170       __imp_cookBVH              0000000180006170     PhysXCommon_64:PhysXCommon_64.dll
 0003:00000178       __imp_createBVH            0000000180006178     PhysXCommon_64:PhysXCommon_64.dll
 0003:00000180       __imp_cookHeightField      0000000180006180     PhysXCommon_64:PhysXCommon_64.dll
 0003:00000188       __imp_createHeightField    0000000180006188     PhysXCommon_64:PhysXCommon_64.dll
 0003:00000190       __imp_cookConvexMesh       0000000180006190     PhysXCommon_64:PhysXCommon_64.dll
 0003:00000198       __imp_createConvexMesh     0000000180006198     PhysXCommon_64:PhysXCommon_64.dll
 0003:000001a0       __imp_validateConvexMesh   00000001800061a0     PhysXCommon_64:PhysXCommon_64.dll
 0003:000001a8       __imp_computeHullPolygons  00000001800061a8     PhysXCommon_64:PhysXCommon_64.dll
 0003:000001b0       __imp_validateTriangleMesh 00000001800061b0     PhysXCommon_64:PhysXCommon_64.dll
 0003:000001b8       __imp_createTriangleMesh   00000001800061b8     PhysXCommon_64:PhysXCommon_64.dll
 0003:000001c0       __imp_cookTriangleMesh     00000001800061c0     PhysXCommon_64:PhysXCommon_64.dll
 0003:000001c8       __imp_cookTetrahedronMesh  00000001800061c8     PhysXCommon_64:PhysXCommon_64.dll
 0003:000001d0       __imp_createTetrahedronMesh 00000001800061d0     PhysXCommon_64:PhysXCommon_64.dll
 0003:000001d8       __imp_cookSoftBodyMesh     00000001800061d8     PhysXCommon_64:PhysXCommon_64.dll
 0003:000001e0       __imp_createSoftBodyMesh   00000001800061e0     PhysXCommon_64:PhysXCommon_64.dll
 0003:000001e8       __imp_computeModelsMapping 00000001800061e8     PhysXCommon_64:PhysXCommon_64.dll
 0003:000001f0       __imp_computeCollisionData 00000001800061f0     PhysXCommon_64:PhysXCommon_64.dll
 0003:000001f8       __imp_computeSimulationData 00000001800061f8     PhysXCommon_64:PhysXCommon_64.dll
 0003:00000200       __imp_assembleSoftBodyMesh 0000000180006200     PhysXCommon_64:PhysXCommon_64.dll
 0003:00000208       __imp_assembleSoftBodyMesh_Sim 0000000180006208     PhysXCommon_64:PhysXCommon_64.dll
 0003:00000210       __imp_?release@AABBTreeBounds@Gu@physx@@QEAAXXZ 0000000180006210     PhysXCommon_64:PhysXCommon_64.dll
 0003:00000218       __imp_??0BVH@Gu@physx@@QEAA@AEBUPxBVHInternalData@2@@Z 0000000180006218     PhysXCommon_64:PhysXCommon_64.dll
 0003:00000220       \177PhysXCommon_64_NULL_THUNK_DATA_DLA 0000000180006220     PhysXCommon_64:PhysXCommon_64.dll
 0003:00000228       __imp_PxGetBroadcastAllocator 0000000180006228     PhysXFoundation_64:PhysXFoundation_64.dll
 0003:00000230       \177PhysXFoundation_64_NULL_THUNK_DATA_DLA 0000000180006230     PhysXFoundation_64:PhysXFoundation_64.dll
 0003:000002a8       __hmod__PhysXCommon_64_dll 00000001800062a8     PhysXCommon_64:PhysXCommon_64.dll
 0003:000002b0       __hmod__PhysXFoundation_64_dll 00000001800062b0     PhysXFoundation_64:PhysXFoundation_64.dll
 0003:000002b8       ?DloadKernel32@@3PEAUHINSTANCE__@@EA 00000001800062b8     Delayimp:delayhlp.obj
 0003:000002c0       ?DloadAcquireSRWLockExclusive@@3P6AXPEA_K@ZEA 00000001800062c0     Delayimp:delayhlp.obj
 0003:000002c8       ?DloadReleaseSRWLockExclusive@@3P6AXPEA_K@ZEA 00000001800062c8     Delayimp:delayhlp.obj
 0003:000002d0       ?DloadSrwLock@@3_KA        00000001800062d0     Delayimp:delayhlp.obj
 0003:000002d8       ?DloadSectionLockCount@@3KA 00000001800062d8     Delayimp:delayhlp.obj
 0003:000002dc       ?DloadSectionOldProtection@@3KA 00000001800062dc     Delayimp:delayhlp.obj
 0003:000002e0       ?DloadSectionCommitPermanent@@3KA 00000001800062e0     Delayimp:delayhlp.obj
 0003:000002f0       ?__type_info_root_node@@3U__type_info_node@@A 00000001800062f0     MSVCRT:tncleanup.obj
 0003:00000308       ?_OptionsStorage@?1??__local_stdio_printf_options@@9@4_KA 0000000180006308     MSVCRT:default_local_stdio_options.obj
 0003:00000310       ?_OptionsStorage@?1??__local_stdio_scanf_options@@9@4_KA 0000000180006310     MSVCRT:default_local_stdio_options.obj
 0003:00000318       __scrt_current_native_startup_state 0000000180006318     MSVCRT:utility.obj
 0003:00000320       __scrt_native_startup_lock 0000000180006320     MSVCRT:utility.obj
 0003:00000360       __scrt_debugger_hook_flag  0000000180006360     MSVCRT:utility_desktop.obj
 0003:00000364       __favor                    0000000180006364     MSVCRT:cpu_disp.obj
 0003:00000368       __dyn_tls_init_callback    0000000180006368     <common>

 entry point at        0001:00001614

 Static symbols

 0000:ffff6000       .debug$S                   0000000180000000     PhysXCooking_64.exp
 0000:ffff6000       .debug$S                   0000000180000000     ucrt:api-ms-win-crt-heap-l1-1-0.dll
 0000:ffff6000       .debug$S                   0000000180000000     ucrt:api-ms-win-crt-runtime-l1-1-0.dll
 0000:ffff6000       .debug$S                   0000000180000000     ucrt:api-ms-win-crt-runtime-l1-1-0.dll
 0000:ffff6000       .debug$S                   0000000180000000     ucrt:api-ms-win-crt-runtime-l1-1-0.dll
 0000:ffff6000       .debug$S                   0000000180000000     ucrt:api-ms-win-crt-runtime-l1-1-0.dll
 0000:ffff6000       .debug$S                   0000000180000000     ucrt:api-ms-win-crt-runtime-l1-1-0.dll
 0000:ffff6000       .debug$S                   0000000180000000     ucrt:api-ms-win-crt-runtime-l1-1-0.dll
 0000:ffff6000       .debug$S                   0000000180000000     ucrt:api-ms-win-crt-runtime-l1-1-0.dll
 0000:ffff6000       .debug$S                   0000000180000000     ucrt:api-ms-win-crt-runtime-l1-1-0.dll
 0000:ffff6000       .debug$S                   0000000180000000     ucrt:api-ms-win-crt-runtime-l1-1-0.dll
 0000:ffff6000       .debug$S                   0000000180000000     ucrt:api-ms-win-crt-runtime-l1-1-0.dll
 0000:ffff6000       .debug$S                   0000000180000000     ucrt:api-ms-win-crt-runtime-l1-1-0.dll
 0000:ffff6000       .debug$S                   0000000180000000     ucrt:api-ms-win-crt-runtime-l1-1-0.dll
 0000:ffff6000       .debug$S                   0000000180000000     kernel32:KERNEL32.dll
 0000:ffff6000       .debug$S                   0000000180000000     kernel32:KERNEL32.dll
 0000:ffff6000       .debug$S                   0000000180000000     kernel32:KERNEL32.dll
 0000:ffff6000       .debug$S                   0000000180000000     kernel32:KERNEL32.dll
 0000:ffff6000       .debug$S                   0000000180000000     kernel32:KERNEL32.dll
 0000:ffff6000       .debug$S                   0000000180000000     kernel32:KERNEL32.dll
 0000:ffff6000       .debug$S                   0000000180000000     kernel32:KERNEL32.dll
 0000:ffff6000       .debug$S                   0000000180000000     kernel32:KERNEL32.dll
 0000:ffff6000       .debug$S                   0000000180000000     kernel32:KERNEL32.dll
 0000:ffff6000       .debug$S                   0000000180000000     kernel32:KERNEL32.dll
 0000:ffff6000       .debug$S                   0000000180000000     kernel32:KERNEL32.dll
 0000:ffff6000       .debug$S                   0000000180000000     kernel32:KERNEL32.dll
 0000:ffff6000       .debug$S                   0000000180000000     kernel32:KERNEL32.dll
 0000:ffff6000       .debug$S                   0000000180000000     kernel32:KERNEL32.dll
 0000:ffff6000       .debug$S                   0000000180000000     kernel32:KERNEL32.dll
 0000:ffff6000       .debug$S                   0000000180000000     kernel32:KERNEL32.dll
 0000:ffff6000       .debug$S                   0000000180000000     kernel32:KERNEL32.dll
 0000:ffff6000       .debug$S                   0000000180000000     kernel32:KERNEL32.dll
 0000:ffff6000       .debug$S                   0000000180000000     kernel32:KERNEL32.dll
 0000:ffff6000       .debug$S                   0000000180000000     kernel32:KERNEL32.dll
 0000:ffff6000       .debug$S                   0000000180000000     kernel32:KERNEL32.dll
 0000:ffff6000       .debug$S                   0000000180000000     kernel32:KERNEL32.dll
 0000:ffff6000       .debug$S                   0000000180000000     kernel32:KERNEL32.dll
 0000:ffff6000       .debug$S                   0000000180000000     kernel32:KERNEL32.dll
 0000:ffff6000       .debug$S                   0000000180000000     vcruntime:VCRUNTIME140.dll
 0000:ffff6000       .debug$S                   0000000180000000     vcruntime:VCRUNTIME140.dll
 0000:ffff6000       .debug$S                   0000000180000000     vcruntime:VCRUNTIME140.dll
 0000:ffff6000       .debug$S                   0000000180000000     vcruntime:VCRUNTIME140.dll
 0000:ffff6000       .debug$S                   0000000180000000     vcruntime:VCRUNTIME140.dll
 0000:ffff6000       .debug$S                   0000000180000000     vcruntime:VCRUNTIME140.dll
 0000:ffff6000       .debug$S                   0000000180000000     vcruntime:VCRUNTIME140.dll
 0000:ffff6000       .debug$S                   0000000180000000     vcruntime:VCRUNTIME140.dll
 0000:ffff6000       .debug$S                   0000000180000000     vcruntime:VCRUNTIME140.dll
 0000:ffff6000       .debug$S                   0000000180000000     PhysXCommon_64:PhysXCommon_64.dll
 0000:ffff6000       .debug$S                   0000000180000000     PhysXCommon_64:PhysXCommon_64.dll
 0000:ffff6000       .debug$S                   0000000180000000     PhysXCommon_64:PhysXCommon_64.dll
 0000:ffff6000       .debug$S                   0000000180000000     PhysXCommon_64:PhysXCommon_64.dll
 0000:ffff6000       .debug$S                   0000000180000000     PhysXCommon_64:PhysXCommon_64.dll
 0000:ffff6000       .debug$S                   0000000180000000     PhysXCommon_64:PhysXCommon_64.dll
 0000:ffff6000       .debug$S                   0000000180000000     PhysXCommon_64:PhysXCommon_64.dll
 0000:ffff6000       .debug$S                   0000000180000000     PhysXCommon_64:PhysXCommon_64.dll
 0000:ffff6000       .debug$S                   0000000180000000     PhysXCommon_64:PhysXCommon_64.dll
 0000:ffff6000       .debug$S                   0000000180000000     PhysXCommon_64:PhysXCommon_64.dll
 0000:ffff6000       .debug$S                   0000000180000000     PhysXCommon_64:PhysXCommon_64.dll
 0000:ffff6000       .debug$S                   0000000180000000     PhysXCommon_64:PhysXCommon_64.dll
 0000:ffff6000       .debug$S                   0000000180000000     PhysXCommon_64:PhysXCommon_64.dll
 0000:ffff6000       .debug$S                   0000000180000000     PhysXCommon_64:PhysXCommon_64.dll
 0000:ffff6000       .debug$S                   0000000180000000     PhysXCommon_64:PhysXCommon_64.dll
 0000:ffff6000       .debug$S                   0000000180000000     PhysXCommon_64:PhysXCommon_64.dll
 0000:ffff6000       .debug$S                   0000000180000000     PhysXCommon_64:PhysXCommon_64.dll
 0000:ffff6000       .debug$S                   0000000180000000     PhysXCommon_64:PhysXCommon_64.dll
 0000:ffff6000       .debug$S                   0000000180000000     PhysXCommon_64:PhysXCommon_64.dll
 0000:ffff6000       .debug$S                   0000000180000000     PhysXCommon_64:PhysXCommon_64.dll
 0000:ffff6000       .debug$S                   0000000180000000     PhysXCommon_64:PhysXCommon_64.dll
 0000:ffff6000       .debug$S                   0000000180000000     PhysXCommon_64:PhysXCommon_64.dll
 0000:ffff6000       .debug$S                   0000000180000000     PhysXCommon_64:PhysXCommon_64.dll
 0000:ffff6000       .debug$S                   0000000180000000     PhysXCommon_64:PhysXCommon_64.dll
 0000:ffff6000       .debug$S                   0000000180000000     PhysXFoundation_64:PhysXFoundation_64.dll
 0001:00000000       ??__EmaxFError@vecMathTests@aos@physx@@YAXXZ 0000000180001000 f   Cooking.obj
 0001:00000010       ??__EmaxV3Error@vecMathTests@aos@physx@@YAXXZ 0000000180001010 f   Cooking.obj
 0001:00000020       ??__EmaxV4Error@vecMathTests@aos@physx@@YAXXZ 0000000180001020 f   Cooking.obj
 0001:00000030       ??__EminFError@vecMathTests@aos@physx@@YAXXZ 0000000180001030 f   Cooking.obj
 0001:00000040       ??__EminV3Error@vecMathTests@aos@physx@@YAXXZ 0000000180001040 f   Cooking.obj
 0001:00000050       ??__EminV4Error@vecMathTests@aos@physx@@YAXXZ 0000000180001050 f   Cooking.obj
 0001:00000940       $LN24                      0000000180001940     WindowsCookingDelayLoadHook.obj
 0001:000012f8       ?dllmain_crt_dispatch@@YAHQEAUHINSTANCE__@@KQEAX@Z 00000001800022f8 f   MSVCRT:dll_dllmain.obj
 0001:00001348       ?dllmain_crt_process_attach@@YAHQEAUHINSTANCE__@@QEAX@Z 0000000180002348 f   MSVCRT:dll_dllmain.obj
 0001:00001460       ?dllmain_crt_process_detach@@YAH_N@Z 0000000180002460 f   MSVCRT:dll_dllmain.obj
 0001:000014e0       ?dllmain_dispatch@@YAHQEAUHINSTANCE__@@KQEAX@Z 00000001800024e0 f   MSVCRT:dll_dllmain.obj
 0001:00001e70       $$000000                   0000000180002e70     MSVCRT:guard_dispatch.obj
 0001:00001e90       $$000000                   0000000180002e90     MSVCRT:guard_xfg_dispatch.obj
 0001:00001ea6       ?fin$0@?0??dllmain_crt_process_attach@@YAHQEAUHINSTANCE__@@QEAX@Z@4HA 0000000180002ea6 f   MSVCRT:dll_dllmain.obj
 0001:00001ebd       ?fin$0@?0??dllmain_crt_process_detach@@YAH_N@Z@4HA 0000000180002ebd f   MSVCRT:dll_dllmain.obj
 0001:00001ed6       ?fin$1@?0??dllmain_crt_process_detach@@YAH_N@Z@4HA 0000000180002ed6 f   MSVCRT:dll_dllmain.obj
 0001:00001eea       ?filt$0@?0??dllmain_dispatch@@YAHQEAUHINSTANCE__@@KQEAX@Z@4HA 0000000180002eea f   MSVCRT:dll_dllmain.obj
 0001:00001f20       __scrt_is_nonwritable_in_current_image$filt$0 0000000180002f20 f   MSVCRT:utility.obj
 0002:00000198       ?minFError$initializer$@vecMathTests@aos@physx@@3P6AXXZEA 0000000180003198     Cooking.obj
 0002:000001a0       ?maxFError$initializer$@vecMathTests@aos@physx@@3P6AXXZEA 00000001800031a0     Cooking.obj
 0002:000001a8       ?minV3Error$initializer$@vecMathTests@aos@physx@@3P6AXXZEA 00000001800031a8     Cooking.obj
 0002:000001b0       ?maxV3Error$initializer$@vecMathTests@aos@physx@@3P6AXXZEA 00000001800031b0     Cooking.obj
 0002:000001b8       ?minV4Error$initializer$@vecMathTests@aos@physx@@3P6AXXZEA 00000001800031b8     Cooking.obj
 0002:000001c0       ?maxV4Error$initializer$@vecMathTests@aos@physx@@3P6AXXZEA 00000001800031c0     Cooking.obj
 0002:00000200       ?minus1w@?A0xbe5eefdc@aos@physx@@3QBMB 0000000180003200     Cooking.obj
 0002:00000210       ?gMaskXYZ@internalWindowsSimd@aos@physx@@3QBIB 0000000180003210     Cooking.obj
 0002:00000ac0       $unwind$??_EPxFoundation@physx@@MEAAPEAXI@Z 0000000180003ac0     Cooking.obj
 0002:00000ac0       $unwind$?DloadAcquireSectionWriteAccess@@YAXXZ 0000000180003ac0     Delayimp:delayhlp.obj
 0002:00000ac0       $unwind$??_Gtype_info@@UEAAPEAXI@Z 0000000180003ac0     MSVCRT:std_type_info_static.obj
 0002:00000ac0       $unwind$__scrt_initialize_onexit_tables 0000000180003ac0     MSVCRT:utility.obj
 0002:00000ac0       $unwind$__scrt_release_startup_lock 0000000180003ac0     MSVCRT:utility.obj
 0002:00000ac0       $unwind$__scrt_uninitialize_crt 0000000180003ac0     MSVCRT:utility.obj
 0002:00000ac8       $chain$0$??_EPxFoundation@physx@@MEAAPEAXI@Z 0000000180003ac8     Cooking.obj
 0002:00000adc       $chain$1$??_EPxFoundation@physx@@MEAAPEAXI@Z 0000000180003adc     Cooking.obj
 0002:00000aec       $unwind$??1AABBTreeBuildParams@Gu@physx@@QEAA@XZ 0000000180003aec     Cooking.obj
 0002:00000aec       $unwind$?reset@AABBTreeBuildParams@Gu@physx@@QEAAXXZ 0000000180003aec     Cooking.obj
 0002:00000aec       $unwind$_DllMainCRTStartup 0000000180003aec     MSVCRT:dll_dllmain.obj
 0002:00000afc       $unwind$?allocate@?$PxArray@USlab@NodeAllocator@Gu@physx@@V?$PxReflectionAllocator@USlab@NodeAllocator@Gu@physx@@@4@@physx@@IEAAPEAUSlab@NodeAllocator@Gu@2@I@Z 0000000180003afc     Cooking.obj
 0002:00000b04       $chain$0$?allocate@?$PxArray@USlab@NodeAllocator@Gu@physx@@V?$PxReflectionAllocator@USlab@NodeAllocator@Gu@physx@@@4@@physx@@IEAAPEAUSlab@NodeAllocator@Gu@2@I@Z 0000000180003b04     Cooking.obj
 0002:00000b18       $chain$1$?allocate@?$PxArray@USlab@NodeAllocator@Gu@physx@@V?$PxReflectionAllocator@USlab@NodeAllocator@Gu@physx@@@4@@physx@@IEAAPEAUSlab@NodeAllocator@Gu@2@I@Z 0000000180003b18     Cooking.obj
 0002:00000b2c       $chain$2$?allocate@?$PxArray@USlab@NodeAllocator@Gu@physx@@V?$PxReflectionAllocator@USlab@NodeAllocator@Gu@physx@@@4@@physx@@IEAAPEAUSlab@NodeAllocator@Gu@2@I@Z 0000000180003b2c     Cooking.obj
 0002:00000b3c       $chain$3$?allocate@?$PxArray@USlab@NodeAllocator@Gu@physx@@V?$PxReflectionAllocator@USlab@NodeAllocator@Gu@physx@@@4@@physx@@IEAAPEAUSlab@NodeAllocator@Gu@2@I@Z 0000000180003b3c     Cooking.obj
 0002:00000b4c       $unwind$?recreate@?$PxArray@USlab@NodeAllocator@Gu@physx@@V?$PxReflectionAllocator@USlab@NodeAllocator@Gu@physx@@@4@@physx@@IEAAXI@Z 0000000180003b4c     Cooking.obj
 0002:00000b5c       $chain$0$?recreate@?$PxArray@USlab@NodeAllocator@Gu@physx@@V?$PxReflectionAllocator@USlab@NodeAllocator@Gu@physx@@@4@@physx@@IEAAXI@Z 0000000180003b5c     Cooking.obj
 0002:00000b70       $chain$1$?recreate@?$PxArray@USlab@NodeAllocator@Gu@physx@@V?$PxReflectionAllocator@USlab@NodeAllocator@Gu@physx@@@4@@physx@@IEAAXI@Z 0000000180003b70     Cooking.obj
 0002:00000b80       $unwind$??$copy@V?$PxReflectionAllocator@USlab@NodeAllocator@Gu@physx@@@physx@@@?$PxArray@USlab@NodeAllocator@Gu@physx@@V?$PxReflectionAllocator@USlab@NodeAllocator@Gu@physx@@@4@@physx@@IEAAXAEBV01@@Z 0000000180003b80     Cooking.obj
 0002:00000b80       $unwind$??0NodeAllocator@Gu@physx@@QEAA@AEBV012@@Z 0000000180003b80     Cooking.obj
 0002:00000b80       $unwind$?DloadGetSRWLockFunctionPointers@@YAEXZ 0000000180003b80     Delayimp:delayhlp.obj
 0002:00000b80       $unwind$_RTC_Initialize    0000000180003b80     MSVCRT:initsect.obj
 0002:00000b80       $unwind$_RTC_Terminate     0000000180003b80     MSVCRT:initsect.obj
 0002:00000b8c       $unwind$??4NodeAllocator@Gu@physx@@QEAAAEAV012@AEBV012@@Z 0000000180003b8c     Cooking.obj
 0002:00000ba0       $unwind$PxCreateBVHInternal 0000000180003ba0     Cooking.obj
 0002:00000ba0       $unwind$PxCreateTriangleMeshInternal 0000000180003ba0     Cooking.obj
 0002:00000bac       $unwind$?cookingDelayHook@@YAP6A_JXZIPEAUDelayLoadInfo@@@Z 0000000180003bac     WindowsCookingDelayLoadHook.obj
 0002:00000bac       $unwind$?DloadReleaseSectionWriteAccess@@YAXXZ 0000000180003bac     Delayimp:delayhlp.obj
 0002:00000bac       $unwind$__scrt_initialize_default_local_stdio_options 0000000180003bac     MSVCRT:default_local_stdio_options.obj
 0002:00000bac       $unwind$?dllmain_crt_dispatch@@YAHQEAUHINSTANCE__@@KQEAX@Z 0000000180003bac     MSVCRT:dll_dllmain.obj
 0002:00000bac       $unwind$DllMain            0000000180003bac     MSVCRT:dll_dllmain_stub.obj
 0002:00000bac       $unwind$__scrt_acquire_startup_lock 0000000180003bac     MSVCRT:utility.obj
 0002:00000bac       $unwind$__scrt_dllmain_after_initialize_c 0000000180003bac     MSVCRT:utility.obj
 0002:00000bac       $unwind$__scrt_dllmain_before_initialize_c 0000000180003bac     MSVCRT:utility.obj
 0002:00000bac       $unwind$__scrt_dllmain_crt_thread_attach 0000000180003bac     MSVCRT:utility.obj
 0002:00000bac       $unwind$__scrt_dllmain_crt_thread_detach 0000000180003bac     MSVCRT:utility.obj
 0002:00000bac       $unwind$__scrt_dllmain_uninitialize_c 0000000180003bac     MSVCRT:utility.obj
 0002:00000bac       $unwind$__scrt_dllmain_uninitialize_critical 0000000180003bac     MSVCRT:utility.obj
 0002:00000bac       $unwind$__scrt_initialize_crt 0000000180003bac     MSVCRT:utility.obj
 0002:00000bb4       $chain$1$?cookingDelayHook@@YAP6A_JXZIPEAUDelayLoadInfo@@@Z 0000000180003bb4     WindowsCookingDelayLoadHook.obj
 0002:00000bcc       $chain$3$?cookingDelayHook@@YAP6A_JXZIPEAUDelayLoadInfo@@@Z 0000000180003bcc     WindowsCookingDelayLoadHook.obj
 0002:00000bcc       $chain$5$?cookingDelayHook@@YAP6A_JXZIPEAUDelayLoadInfo@@@Z 0000000180003bcc     WindowsCookingDelayLoadHook.obj
 0002:00000be4       $chain$6$?cookingDelayHook@@YAP6A_JXZIPEAUDelayLoadInfo@@@Z 0000000180003be4     WindowsCookingDelayLoadHook.obj
 0002:00000bf4       xdata                      0000000180003bf4     PhysXCommon_64:PhysXCommon_64.dll
 0002:00000bfc       xdata                      0000000180003bfc     PhysXFoundation_64:PhysXFoundation_64.dll
 0002:00000c04       $unwind$?DloadObtainSection@@YAPEAXPEAK0@Z 0000000180003c04     Delayimp:delayhlp.obj
 0002:00000c14       $unwind$?DloadMakePermanentImageCommit@@YAXPEAX_K@Z 0000000180003c14     Delayimp:delayhlp.obj
 0002:00000c20       $unwind$?DloadProtectSection@@YAXKPEAK@Z 0000000180003c20     Delayimp:delayhlp.obj
 0002:00000c30       $unwind$__delayLoadHelper2 0000000180003c30     Delayimp:delayhlp.obj
 0002:00000c4c       $unwind$?dllmain_crt_process_attach@@YAHQEAUHINSTANCE__@@QEAX@Z 0000000180003c4c     MSVCRT:dll_dllmain.obj
 0002:00000c88       $unwind$?fin$0@?0??dllmain_crt_process_attach@@YAHQEAUHINSTANCE__@@QEAX@Z@4HA 0000000180003c88     MSVCRT:dll_dllmain.obj
 0002:00000c88       $unwind$?fin$0@?0??dllmain_crt_process_detach@@YAH_N@Z@4HA 0000000180003c88     MSVCRT:dll_dllmain.obj
 0002:00000c88       $unwind$?fin$1@?0??dllmain_crt_process_detach@@YAH_N@Z@4HA 0000000180003c88     MSVCRT:dll_dllmain.obj
 0002:00000c90       $unwind$?dllmain_crt_process_detach@@YAH_N@Z 0000000180003c90     MSVCRT:dll_dllmain.obj
 0002:00000ce4       $unwind$?dllmain_dispatch@@YAHQEAUHINSTANCE__@@KQEAX@Z 0000000180003ce4     MSVCRT:dll_dllmain.obj
 0002:00000d0c       $unwind$?filt$0@?0??dllmain_dispatch@@YAHQEAUHINSTANCE__@@KQEAX@Z@4HA 0000000180003d0c     MSVCRT:dll_dllmain.obj
 0002:00000d14       $unwind$__security_init_cookie 0000000180003d14     MSVCRT:gs_support.obj
 0002:00000d20       $unwind$__scrt_is_nonwritable_in_current_image 0000000180003d20     MSVCRT:utility.obj
 0002:00000d40       $unwind$__scrt_is_nonwritable_in_current_image$filt$0 0000000180003d40     MSVCRT:utility.obj
 0002:00000d48       $unwind$__scrt_dllmain_exception_filter 0000000180003d48     MSVCRT:utility.obj
 0002:00000d5c       $unwind$__scrt_fastfail    0000000180003d5c     MSVCRT:utility_desktop.obj
 0002:00000d70       $xdatasym                  0000000180003d70     MSVCRT:guard_dispatch.obj
 0002:00000d78       $xdatasym                  0000000180003d78     MSVCRT:guard_xfg_dispatch.obj
 0002:00000d7c       $unwind$__isa_available_init 0000000180003d7c     MSVCRT:cpu_disp.obj
 0002:00001340       .edata                     0000000180004340     PhysXCooking_64.exp
 0002:00001368       rgpv                       0000000180004368     PhysXCooking_64.exp
 0002:00001450       rgszName                   0000000180004450     PhysXCooking_64.exp
 0002:00001538       rgwOrd                     0000000180004538     PhysXCooking_64.exp
 0002:000015ac       szName                     00000001800045ac     PhysXCooking_64.exp
 0002:000015c0       $N00001                    00000001800045c0     PhysXCooking_64.exp
 0002:000015e4       $N00002                    00000001800045e4     PhysXCooking_64.exp
 0002:00001613       $N00003                    0000000180004613     PhysXCooking_64.exp
 0002:0000163a       $N00004                    000000018000463a     PhysXCooking_64.exp
 0002:00001691       $N00005                    0000000180004691     PhysXCooking_64.exp
 0002:000016bc       $N00006                    00000001800046bc     PhysXCooking_64.exp
 0002:000016e2       $N00007                    00000001800046e2     PhysXCooking_64.exp
 0002:00001701       $N00008                    0000000180004701     PhysXCooking_64.exp
 0002:00001725       $N00009                    0000000180004725     PhysXCooking_64.exp
 0002:0000174c       $N00010                    000000018000474c     PhysXCooking_64.exp
 0002:00001775       $N00011                    0000000180004775     PhysXCooking_64.exp
 0002:00001794       $N00012                    0000000180004794     PhysXCooking_64.exp
 0002:000017c7       $N00013                    00000001800047c7     PhysXCooking_64.exp
 0002:000017fd       $N00014                    00000001800047fd     PhysXCooking_64.exp
 0002:00001835       $N00015                    0000000180004835     PhysXCooking_64.exp
 0002:00001867       $N00016                    0000000180004867     PhysXCooking_64.exp
 0002:00001893       $N00017                    0000000180004893     PhysXCooking_64.exp
 0002:000018af       $N00018                    00000001800048af     PhysXCooking_64.exp
 0002:000018d9       $N00019                    00000001800048d9     PhysXCooking_64.exp
 0002:00001915       $N00020                    0000000180004915     PhysXCooking_64.exp
 0002:00001950       $N00021                    0000000180004950     PhysXCooking_64.exp
 0002:0000198b       $N00022                    000000018000498b     PhysXCooking_64.exp
 0002:000019c0       $N00023                    00000001800049c0     PhysXCooking_64.exp
 0002:000019fc       $N00024                    00000001800049fc     PhysXCooking_64.exp
 0002:00001a2f       $N00025                    0000000180004a2f     PhysXCooking_64.exp
 0002:00001a62       $N00026                    0000000180004a62     PhysXCooking_64.exp
 0002:00001a9c       $N00027                    0000000180004a9c     PhysXCooking_64.exp
 0002:00001ad6       $N00028                    0000000180004ad6     PhysXCooking_64.exp
 0002:00001b03       $N00029                    0000000180004b03     PhysXCooking_64.exp
 0002:00001b36       $N00030                    0000000180004b36     PhysXCooking_64.exp
 0002:00001b64       $N00031                    0000000180004b64     PhysXCooking_64.exp
 0002:00001b91       $N00032                    0000000180004b91     PhysXCooking_64.exp
 0002:00001bcd       $N00033                    0000000180004bcd     PhysXCooking_64.exp
 0002:00001c0a       $N00034                    0000000180004c0a     PhysXCooking_64.exp
 0002:00001c3a       $N00035                    0000000180004c3a     PhysXCooking_64.exp
 0002:00001c51       $N00036                    0000000180004c51     PhysXCooking_64.exp
 0002:00001c6c       $N00037                    0000000180004c6c     PhysXCooking_64.exp
 0002:00001c83       $N00038                    0000000180004c83     PhysXCooking_64.exp
 0002:00001c99       $N00039                    0000000180004c99     PhysXCooking_64.exp
 0002:00001cb0       $N00040                    0000000180004cb0     PhysXCooking_64.exp
 0002:00001cc8       $N00041                    0000000180004cc8     PhysXCooking_64.exp
 0002:00001cd2       $N00042                    0000000180004cd2     PhysXCooking_64.exp
 0002:00001ce3       $N00043                    0000000180004ce3     PhysXCooking_64.exp
 0002:00001cf5       $N00044                    0000000180004cf5     PhysXCooking_64.exp
 0002:00001d08       $N00045                    0000000180004d08     PhysXCooking_64.exp
 0002:00001d1e       $N00046                    0000000180004d1e     PhysXCooking_64.exp
 0002:00001d31       $N00047                    0000000180004d31     PhysXCooking_64.exp
 0002:00001d3d       $N00048                    0000000180004d3d     PhysXCooking_64.exp
 0002:00001d51       $N00049                    0000000180004d51     PhysXCooking_64.exp
 0002:00001d64       $N00050                    0000000180004d64     PhysXCooking_64.exp
 0002:00001d78       $N00051                    0000000180004d78     PhysXCooking_64.exp
 0002:00001d8d       $N00052                    0000000180004d8d     PhysXCooking_64.exp
 0002:00001da5       $N00053                    0000000180004da5     PhysXCooking_64.exp
 0002:00001dba       $N00054                    0000000180004dba     PhysXCooking_64.exp
 0002:00001dd7       $N00055                    0000000180004dd7     PhysXCooking_64.exp
 0002:00001df8       $N00056                    0000000180004df8     PhysXCooking_64.exp
 0002:00001e17       $N00057                    0000000180004e17     PhysXCooking_64.exp
 0002:00001e2c       $N00058                    0000000180004e2c     PhysXCooking_64.exp
 0002:00002010       .idata$6                   0000000180005010     kernel32:KERNEL32.dll
 0002:0000208e       .idata$6                   000000018000508e     vcruntime:VCRUNTIME140.dll
 0002:00002158       .idata$6                   0000000180005158     ucrt:api-ms-win-crt-heap-l1-1-0.dll
 0002:00002178       .idata$6                   0000000180005178     ucrt:api-ms-win-crt-runtime-l1-1-0.dll
 0003:00000240       ?maxV3Error@vecMathTests@aos@physx@@3T__m128@@B 0000000180006240     Cooking.obj
 0003:00000250       ?minFError@vecMathTests@aos@physx@@3T__m128@@B 0000000180006250     Cooking.obj
 0003:00000260       ?maxV4Error@vecMathTests@aos@physx@@3T__m128@@B 0000000180006260     Cooking.obj
 0003:00000270       ?minV4Error@vecMathTests@aos@physx@@3T__m128@@B 0000000180006270     Cooking.obj
 0003:00000280       ?minV3Error@vecMathTests@aos@physx@@3T__m128@@B 0000000180006280     Cooking.obj
 0003:00000290       ?maxFError@vecMathTests@aos@physx@@3T__m128@@B 0000000180006290     Cooking.obj
 0003:000002a0       ?gCookingDelayLoadHook@@3PEBVPxDelayLoadHook@physx@@EB 00000001800062a0     WindowsCookingDelayLoadHook.obj
 0003:00000300       ?__proc_attached@@3HA      0000000180006300     MSVCRT:dll_dllmain.obj
 0003:00000328       ?is_initialized_as_dll@@3_NA 0000000180006328     MSVCRT:utility.obj
 0003:00000329       ?module_local_atexit_table_initialized@@3_NA 0000000180006329     MSVCRT:utility.obj
 0003:00000330       ?module_local_atexit_table@@3U_onexit_table_t@@A 0000000180006330     MSVCRT:utility.obj
 0003:00000348       ?module_local_at_quick_exit_table@@3U_onexit_table_t@@A 0000000180006348     MSVCRT:utility.obj
 0005:000000a0       $R000000                   00000001800080a0     PhysXCooking.res
 0005:000003d0       $R000330                   00000001800083d0     PhysXCooking.res
